Archive member included to satisfy reference by file (symbol)

/home/wetfloor/eclipse/gnu-mcu-eclipse/arm-none-eabi-gcc/7.2.1-1.1-20180401-0515/bin/../lib/gcc/arm-none-eabi/7.2.1/../../../../arm-none-eabi/lib/thumb/v7e-m/libstdc++_nano.a(si_class_type_info.o)
                              ./src/Amp.o (vtable for __cxxabiv1::__si_class_type_info)
/home/wetfloor/eclipse/gnu-mcu-eclipse/arm-none-eabi-gcc/7.2.1-1.1-20180401-0515/bin/../lib/gcc/arm-none-eabi/7.2.1/../../../../arm-none-eabi/lib/thumb/v7e-m/libstdc++_nano.a(del_op.o)
                              ./src/Amp.o (operator delete(void*))
/home/wetfloor/eclipse/gnu-mcu-eclipse/arm-none-eabi-gcc/7.2.1-1.1-20180401-0515/bin/../lib/gcc/arm-none-eabi/7.2.1/../../../../arm-none-eabi/lib/thumb/v7e-m/libstdc++_nano.a(tinfo.o)
                              /home/wetfloor/eclipse/gnu-mcu-eclipse/arm-none-eabi-gcc/7.2.1-1.1-20180401-0515/bin/../lib/gcc/arm-none-eabi/7.2.1/../../../../arm-none-eabi/lib/thumb/v7e-m/libstdc++_nano.a(si_class_type_info.o) (std::type_info::__is_pointer_p() const)
/home/wetfloor/eclipse/gnu-mcu-eclipse/arm-none-eabi-gcc/7.2.1-1.1-20180401-0515/bin/../lib/gcc/arm-none-eabi/7.2.1/../../../../arm-none-eabi/lib/thumb/v7e-m/libstdc++_nano.a(class_type_info.o)
                              /home/wetfloor/eclipse/gnu-mcu-eclipse/arm-none-eabi-gcc/7.2.1-1.1-20180401-0515/bin/../lib/gcc/arm-none-eabi/7.2.1/../../../../arm-none-eabi/lib/thumb/v7e-m/libstdc++_nano.a(si_class_type_info.o) (__cxxabiv1::__class_type_info::__do_upcast(__cxxabiv1::__class_type_info const*, void**) const)
/home/wetfloor/eclipse/gnu-mcu-eclipse/arm-none-eabi-gcc/7.2.1-1.1-20180401-0515/bin/../lib/gcc/arm-none-eabi/7.2.1/../../../../arm-none-eabi/lib/thumb/v7e-m/libstdc++_nano.a(del_ops.o)
                              /home/wetfloor/eclipse/gnu-mcu-eclipse/arm-none-eabi-gcc/7.2.1-1.1-20180401-0515/bin/../lib/gcc/arm-none-eabi/7.2.1/../../../../arm-none-eabi/lib/thumb/v7e-m/libstdc++_nano.a(si_class_type_info.o) (operator delete(void*, unsigned int))
/home/wetfloor/eclipse/gnu-mcu-eclipse/arm-none-eabi-gcc/7.2.1-1.1-20180401-0515/bin/../lib/gcc/arm-none-eabi/7.2.1/../../../../arm-none-eabi/lib/thumb/v7e-m/libg_nano.a(lib_a-errno.o)
                              ./system/src/newlib/_sbrk.o (__errno)
/home/wetfloor/eclipse/gnu-mcu-eclipse/arm-none-eabi-gcc/7.2.1-1.1-20180401-0515/bin/../lib/gcc/arm-none-eabi/7.2.1/../../../../arm-none-eabi/lib/thumb/v7e-m/libg_nano.a(lib_a-impure.o)
                              /home/wetfloor/eclipse/gnu-mcu-eclipse/arm-none-eabi-gcc/7.2.1-1.1-20180401-0515/bin/../lib/gcc/arm-none-eabi/7.2.1/../../../../arm-none-eabi/lib/thumb/v7e-m/libg_nano.a(lib_a-errno.o) (_impure_ptr)
/home/wetfloor/eclipse/gnu-mcu-eclipse/arm-none-eabi-gcc/7.2.1-1.1-20180401-0515/bin/../lib/gcc/arm-none-eabi/7.2.1/../../../../arm-none-eabi/lib/thumb/v7e-m/libg_nano.a(lib_a-malloc.o)
                              /home/wetfloor/eclipse/gnu-mcu-eclipse/arm-none-eabi-gcc/7.2.1-1.1-20180401-0515/bin/../lib/gcc/arm-none-eabi/7.2.1/../../../../arm-none-eabi/lib/thumb/v7e-m/libstdc++_nano.a(del_op.o) (free)
/home/wetfloor/eclipse/gnu-mcu-eclipse/arm-none-eabi-gcc/7.2.1-1.1-20180401-0515/bin/../lib/gcc/arm-none-eabi/7.2.1/../../../../arm-none-eabi/lib/thumb/v7e-m/libg_nano.a(lib_a-nano-freer.o)
                              /home/wetfloor/eclipse/gnu-mcu-eclipse/arm-none-eabi-gcc/7.2.1-1.1-20180401-0515/bin/../lib/gcc/arm-none-eabi/7.2.1/../../../../arm-none-eabi/lib/thumb/v7e-m/libg_nano.a(lib_a-malloc.o) (_free_r)
/home/wetfloor/eclipse/gnu-mcu-eclipse/arm-none-eabi-gcc/7.2.1-1.1-20180401-0515/bin/../lib/gcc/arm-none-eabi/7.2.1/../../../../arm-none-eabi/lib/thumb/v7e-m/libg_nano.a(lib_a-nano-mallocr.o)
                              /home/wetfloor/eclipse/gnu-mcu-eclipse/arm-none-eabi-gcc/7.2.1-1.1-20180401-0515/bin/../lib/gcc/arm-none-eabi/7.2.1/../../../../arm-none-eabi/lib/thumb/v7e-m/libg_nano.a(lib_a-malloc.o) (_malloc_r)
/home/wetfloor/eclipse/gnu-mcu-eclipse/arm-none-eabi-gcc/7.2.1-1.1-20180401-0515/bin/../lib/gcc/arm-none-eabi/7.2.1/../../../../arm-none-eabi/lib/thumb/v7e-m/libg_nano.a(lib_a-sbrkr.o)
                              /home/wetfloor/eclipse/gnu-mcu-eclipse/arm-none-eabi-gcc/7.2.1-1.1-20180401-0515/bin/../lib/gcc/arm-none-eabi/7.2.1/../../../../arm-none-eabi/lib/thumb/v7e-m/libg_nano.a(lib_a-nano-mallocr.o) (_sbrk_r)
/home/wetfloor/eclipse/gnu-mcu-eclipse/arm-none-eabi-gcc/7.2.1-1.1-20180401-0515/bin/../lib/gcc/arm-none-eabi/7.2.1/../../../../arm-none-eabi/lib/thumb/v7e-m/libg_nano.a(lib_a-strcmp.o)
                              /home/wetfloor/eclipse/gnu-mcu-eclipse/arm-none-eabi-gcc/7.2.1-1.1-20180401-0515/bin/../lib/gcc/arm-none-eabi/7.2.1/../../../../arm-none-eabi/lib/thumb/v7e-m/libstdc++_nano.a(tinfo.o) (strcmp)
/home/wetfloor/eclipse/gnu-mcu-eclipse/arm-none-eabi-gcc/7.2.1-1.1-20180401-0515/bin/../lib/gcc/arm-none-eabi/7.2.1/../../../../arm-none-eabi/lib/thumb/v7e-m/libg_nano.a(lib_a-strlen.o)
[...]
Memory Configuration

Name             Origin             Length             Attributes
RAM              0x0000000020000000 0x0000000000020000 xrw
CCMRAM           0x0000000010000000 0x0000000000010000 xrw
FLASH            0x0000000008000000 0x0000000000100000 xr
FLASHB1          0x0000000000000000 0x0000000000000000 xr
EXTMEMB0         0x0000000000000000 0x0000000000000000 xr
EXTMEMB1         0x0000000000000000 0x0000000000000000 xr
EXTMEMB2         0x0000000000000000 0x0000000000000000 xr
EXTMEMB3         0x0000000000000000 0x0000000000000000 xr
MEMORY_ARRAY     0x0000000020002000 0x0000000000000020 xrw
*default*        0x0000000000000000 0xffffffffffffffff

Linker script and memory map

LOAD ./system/src/stm32f4-hal/stm32f4xx_hal.o
LOAD ./system/src/stm32f4-hal/stm32f4xx_hal_cortex.o
LOAD ./system/src/stm32f4-hal/stm32f4xx_hal_dfsdm.o
LOAD ./system/src/stm32f4-hal/stm32f4xx_hal_flash.o
LOAD ./system/src/stm32f4-hal/stm32f4xx_hal_gpio.o
LOAD ./system/src/stm32f4-hal/stm32f4xx_hal_iwdg.o
LOAD ./system/src/stm32f4-hal/stm32f4xx_hal_pwr.o
LOAD ./system/src/stm32f4-hal/stm32f4xx_hal_rcc.o
LOAD ./system/src/newlib/_cxx.o
LOAD ./system/src/newlib/_exit.o
LOAD ./system/src/newlib/_sbrk.o
LOAD ./system/src/newlib/_startup.o
LOAD ./system/src/newlib/_syscalls.o
LOAD ./system/src/newlib/assert.o
LOAD ./system/src/diag/Trace.o
LOAD ./system/src/diag/trace_impl.o
LOAD ./system/src/cortexm/_initialize_hardware.o
LOAD ./system/src/cortexm/_reset_hardware.o
LOAD ./system/src/cortexm/exception_handlers.o
LOAD ./system/src/cmsis/system_stm32f4xx.o
LOAD ./system/src/cmsis/vectors_stm32f407xx.o
LOAD ./src/Amp.o
LOAD ./src/Generator.o
LOAD ./src/Generic.o
LOAD ./src/Heap.o
LOAD ./src/MemBlocks.o
LOAD ./src/Module.o
LOAD ./src/Wire.o
LOAD ./src/_initialize_hardware.o
LOAD ./src/_write.o
LOAD ./src/main.o
LOAD ./src/stm32f4xx_hal_msp.o
LOAD /home/wetfloor/eclipse/gnu-mcu-eclipse/arm-none-eabi-gcc/7.2.1-1.1-20180401-0515/bin/../lib/gcc/arm-none-eabi/7.2.1/../../../../arm-none-eabi/lib/thumb/v7e-m/libstdc++_nano.a
LOAD /home/wetfloor/eclipse/gnu-mcu-eclipse/arm-none-eabi-gcc/7.2.1-1.1-20180401-0515/bin/../lib/gcc/arm-none-eabi/7.2.1/../../../../arm-none-eabi/lib/thumb/v7e-m/libm.a
START GROUP
LOAD /home/wetfloor/eclipse/gnu-mcu-eclipse/arm-none-eabi-gcc/7.2.1-1.1-20180401-0515/bin/../lib/gcc/arm-none-eabi/7.2.1/thumb/v7e-m/libgcc.a
LOAD /home/wetfloor/eclipse/gnu-mcu-eclipse/arm-none-eabi-gcc/7.2.1-1.1-20180401-0515/bin/../lib/gcc/arm-none-eabi/7.2.1/../../../../arm-none-eabi/lib/thumb/v7e-m/libg_nano.a
LOAD /home/wetfloor/eclipse/gnu-mcu-eclipse/arm-none-eabi-gcc/7.2.1-1.1-20180401-0515/bin/../lib/gcc/arm-none-eabi/7.2.1/../../../../arm-none-eabi/lib/thumb/v7e-m/libc_nano.a
END GROUP
START GROUP
LOAD /home/wetfloor/eclipse/gnu-mcu-eclipse/arm-none-eabi-gcc/7.2.1-1.1-20180401-0515/bin/../lib/gcc/arm-none-eabi/7.2.1/thumb/v7e-m/libgcc.a
LOAD /home/wetfloor/eclipse/gnu-mcu-eclipse/arm-none-eabi-gcc/7.2.1-1.1-20180401-0515/bin/../lib/gcc/arm-none-eabi/7.2.1/../../../../arm-none-eabi/lib/thumb/v7e-m/libc_nano.a
END GROUP
                0x0000000020020000                __stack = (ORIGIN (RAM) + LENGTH (RAM))
                0x0000000020020000                _estack = __stack
                0x0000000000000400                __Main_Stack_Size = 0x400
                [!provide]                        PROVIDE (_Main_Stack_Size, __Main_Stack_Size)
                0x000000002001fc00                __Main_Stack_Limit = (__stack - __Main_Stack_Size)
                [!provide]                        PROVIDE (_Main_Stack_Limit, __Main_Stack_Limit)
                0x0000000000000100                _Minimum_Stack_Size = 0x100
                0x0000000020000120                PROVIDE (_Heap_Begin, _end_noinit)
                0x000000002001fc00                PROVIDE (_Heap_Limit, (__stack - __Main_Stack_Size))

.isr_vector     0x0000000008000000      0x3e8
 FILL mask 0xff
                0x0000000008000000                __vectors_start = ABSOLUTE (.)
                0x0000000008000000                __vectors_start__ = ABSOLUTE (.)
 *(.isr_vector)
 .isr_vector    0x0000000008000000      0x188 ./system/src/cmsis/vectors_stm32f407xx.o
                0x0000000008000000                __isr_vectors
 *(.cfmconfig)
 *(.after_vectors .after_vectors.*)
 .after_vectors
                0x0000000008000188      0x130 ./system/src/newlib/_startup.o
                0x0000000008000188                _start
 .after_vectors
                0x00000000080002b8      0x12c ./system/src/cortexm/exception_handlers.o
                0x00000000080002b8                Reset_Handler
                0x00000000080002be                NMI_Handler
                0x00000000080002c2                HardFault_Handler
                0x00000000080002d6                HardFault_Handler_C
                0x0000000008000334                MemManage_Handler
                0x0000000008000338                BusFault_Handler
                0x000000000800034c                BusFault_Handler_C
                0x0000000008000380                UsageFault_Handler
                0x0000000008000394                UsageFault_Handler_C
                0x00000000080003c8                SVC_Handler
                0x00000000080003cc                DebugMon_Handler
                0x00000000080003d0                PendSV_Handler
                0x00000000080003d4                SysTick_Handler
 .after_vectors
                0x00000000080003e4        0x4 ./system/src/cmsis/vectors_stm32f407xx.o
                0x00000000080003e4                RTC_Alarm_IRQHandler
                0x00000000080003e4                HASH_RNG_IRQHandler
                0x00000000080003e4                EXTI2_IRQHandler
                0x00000000080003e4                TIM8_CC_IRQHandler
                0x00000000080003e4                TIM1_CC_IRQHandler
                0x00000000080003e4                DMA2_Stream5_IRQHandler
                0x00000000080003e4                DMA1_Stream5_IRQHandler
                0x00000000080003e4                PVD_IRQHandler
                0x00000000080003e4                SDIO_IRQHandler
                0x00000000080003e4                TAMP_STAMP_IRQHandler
                0x00000000080003e4                CAN2_RX1_IRQHandler
                0x00000000080003e4                EXTI3_IRQHandler
                0x00000000080003e4                TIM8_TRG_COM_TIM14_IRQHandler
                0x00000000080003e4                TIM1_UP_TIM10_IRQHandler
                0x00000000080003e4                TIM8_UP_TIM13_IRQHandler
                0x00000000080003e4                I2C3_ER_IRQHandler
                0x00000000080003e4                EXTI0_IRQHandler
                0x00000000080003e4                I2C2_EV_IRQHandler
                0x00000000080003e4                DMA1_Stream2_IRQHandler
                0x00000000080003e4                CAN1_RX0_IRQHandler
                0x00000000080003e4                FPU_IRQHandler
                0x00000000080003e4                OTG_HS_WKUP_IRQHandler
                0x00000000080003e4                CAN2_SCE_IRQHandler
                0x00000000080003e4                DMA2_Stream2_IRQHandler
                0x00000000080003e4                SPI1_IRQHandler
                0x00000000080003e4                TIM6_DAC_IRQHandler
                0x00000000080003e4                TIM1_BRK_TIM9_IRQHandler
                0x00000000080003e4                DCMI_IRQHandler
                0x00000000080003e4                CAN2_RX0_IRQHandler
                0x00000000080003e4                DMA2_Stream3_IRQHandler
                0x00000000080003e4                USART6_IRQHandler
                0x00000000080003e4                USART3_IRQHandler
                0x00000000080003e4                CAN1_RX1_IRQHandler
                0x00000000080003e4                UART5_IRQHandler
                0x00000000080003e4                DMA2_Stream0_IRQHandler
                0x00000000080003e4                TIM4_IRQHandler
                0x00000000080003e4                I2C1_EV_IRQHandler
                0x00000000080003e4                DMA1_Stream6_IRQHandler
                0x00000000080003e4                DMA1_Stream1_IRQHandler
                0x00000000080003e4                UART4_IRQHandler
                0x00000000080003e4                TIM3_IRQHandler
                0x00000000080003e4                RCC_IRQHandler
                0x00000000080003e4                TIM8_BRK_TIM12_IRQHandler
                0x00000000080003e4                Default_Handler
                0x00000000080003e4                EXTI15_10_IRQHandler
                0x00000000080003e4                ADC_IRQHandler
                0x00000000080003e4                DMA1_Stream7_IRQHandler
                0x00000000080003e4                TIM7_IRQHandler
                0x00000000080003e4                CAN2_TX_IRQHandler
                0x00000000080003e4                TIM5_IRQHandler
                0x00000000080003e4                DMA2_Stream7_IRQHandler
                0x00000000080003e4                I2C3_EV_IRQHandler
                0x00000000080003e4                EXTI9_5_IRQHandler
                0x00000000080003e4                RTC_WKUP_IRQHandler
                0x00000000080003e4                ETH_WKUP_IRQHandler
                0x00000000080003e4                SPI2_IRQHandler
                0x00000000080003e4                OTG_HS_EP1_IN_IRQHandler
                0x00000000080003e4                DMA1_Stream0_IRQHandler
                0x00000000080003e4                CAN1_TX_IRQHandler
                0x00000000080003e4                EXTI4_IRQHandler
                0x00000000080003e4                ETH_IRQHandler
                0x00000000080003e4                OTG_HS_EP1_OUT_IRQHandler
                0x00000000080003e4                WWDG_IRQHandler
                0x00000000080003e4                TIM2_IRQHandler
                0x00000000080003e4                OTG_FS_WKUP_IRQHandler
                0x00000000080003e4                TIM1_TRG_COM_TIM11_IRQHandler
                0x00000000080003e4                OTG_HS_IRQHandler
                0x00000000080003e4                EXTI1_IRQHandler
                0x00000000080003e4                USART2_IRQHandler
                0x00000000080003e4                I2C2_ER_IRQHandler
                0x00000000080003e4                DMA2_Stream1_IRQHandler
                0x00000000080003e4                CAN1_SCE_IRQHandler
                0x00000000080003e4                FLASH_IRQHandler
                0x00000000080003e4                DMA2_Stream4_IRQHandler
                0x00000000080003e4                USART1_IRQHandler
                0x00000000080003e4                OTG_FS_IRQHandler
                0x00000000080003e4                SPI3_IRQHandler
                0x00000000080003e4                DMA1_Stream4_IRQHandler
                0x00000000080003e4                I2C1_ER_IRQHandler
                0x00000000080003e4                FMC_IRQHandler
                0x00000000080003e4                DMA2_Stream6_IRQHandler
                0x00000000080003e4                DMA1_Stream3_IRQHandler

.inits          0x00000000080003e8       0x28
                0x00000000080003e8                __data_regions_array_start = .
                0x00000000080003e8        0x4 LONG 0x8002184 LOADADDR (.data)
                0x00000000080003ec        0x4 LONG 0x20000000 ADDR (.data)
                0x00000000080003f0        0x4 LONG 0x20000078 (ADDR (.data) + SIZEOF (.data))
                0x00000000080003f4        0x4 LONG 0x8002184 LOADADDR (.data_CCMRAM)
                0x00000000080003f8        0x4 LONG 0x10000000 ADDR (.data_CCMRAM)
                0x00000000080003fc        0x4 LONG 0x10000000 (ADDR (.data_CCMRAM) + SIZEOF (.data_CCMRAM))
                0x0000000008000400                __data_regions_array_end = .
                0x0000000008000400                __bss_regions_array_start = .
                0x0000000008000400        0x4 LONG 0x20000078 ADDR (.bss)
                0x0000000008000404        0x4 LONG 0x20000120 (ADDR (.bss) + SIZEOF (.bss))
                0x0000000008000408        0x4 LONG 0x10000000 ADDR (.bss_CCMRAM)
                0x000000000800040c        0x4 LONG 0x10000000 (ADDR (.bss_CCMRAM) + SIZEOF (.bss_CCMRAM))
                0x0000000008000410                __bss_regions_array_end = .
 *(.init)
 *(.fini)
                0x0000000008000410                . = ALIGN (0x4)
                0x0000000008000410                PROVIDE (__preinit_array_start, .)
 *(.preinit_array_sysinit .preinit_array_sysinit.*)
 *(.preinit_array_platform .preinit_array_platform.*)
 *(.preinit_array .preinit_array.*)
                0x0000000008000410                PROVIDE (__preinit_array_end, .)
                0x0000000008000410                . = ALIGN (0x4)
                0x0000000008000410                PROVIDE (__init_array_start, .)
 *(SORT_BY_NAME(.init_array.*))
 *(.init_array)
                0x0000000008000410                PROVIDE (__init_array_end, .)
                0x0000000008000410                . = ALIGN (0x4)
                0x0000000008000410                PROVIDE (__fini_array_start, .)
 *(SORT_BY_NAME(.fini_array.*))
 *(.fini_array)
                0x0000000008000410                PROVIDE (__fini_array_end, .)

.flashtext
 *(.flashtext .flashtext.*)

.text           0x0000000008000410     0x1d73
 *(.text .text.*)
 .text.HAL_InitTick
                0x0000000008000410       0x2c ./system/src/stm32f4-hal/stm32f4xx_hal.o
                0x0000000008000410                HAL_InitTick
 .text.HAL_Init
                0x000000000800043c       0x34 ./system/src/stm32f4-hal/stm32f4xx_hal.o
                0x000000000800043c                HAL_Init
 .text.HAL_GetTick
                0x0000000008000470        0xc ./system/src/stm32f4-hal/stm32f4xx_hal.o
                0x0000000008000470                HAL_GetTick
 .text.HAL_NVIC_SetPriorityGrouping
                0x000000000800047c       0x3c ./system/src/stm32f4-hal/stm32f4xx_hal_cortex.o
                0x000000000800047c                HAL_NVIC_SetPriorityGrouping
 .text.HAL_NVIC_SetPriority
                0x00000000080004b8       0x8c ./system/src/stm32f4-hal/stm32f4xx_hal_cortex.o
                0x00000000080004b8                HAL_NVIC_SetPriority
 .text.HAL_SYSTICK_Config
                0x0000000008000544       0x2c ./system/src/stm32f4-hal/stm32f4xx_hal_cortex.o
                0x0000000008000544                HAL_SYSTICK_Config
 .text.HAL_SYSTICK_CLKSourceConfig
                0x0000000008000570       0x3c ./system/src/stm32f4-hal/stm32f4xx_hal_cortex.o
                0x0000000008000570                HAL_SYSTICK_CLKSourceConfig
 .text.HAL_RCC_OscConfig
                0x00000000080005ac      0x43c ./system/src/stm32f4-hal/stm32f4xx_hal_rcc.o
                0x00000000080005ac                HAL_RCC_OscConfig
 .text.HAL_RCC_GetSysClockFreq
                0x00000000080009e8       0x94 ./system/src/stm32f4-hal/stm32f4xx_hal_rcc.o
                0x00000000080009e8                HAL_RCC_GetSysClockFreq
 .text.HAL_RCC_ClockConfig
                0x0000000008000a7c      0x258 ./system/src/stm32f4-hal/stm32f4xx_hal_rcc.o
                0x0000000008000a7c                HAL_RCC_ClockConfig
 .text.HAL_RCC_GetHCLKFreq
                0x0000000008000cd4        0xc ./system/src/stm32f4-hal/stm32f4xx_hal_rcc.o
                0x0000000008000cd4                HAL_RCC_GetHCLKFreq
 .text.__cxa_pure_virtual
                0x0000000008000ce0       0x10 ./system/src/newlib/_cxx.o
                0x0000000008000ce0                __cxa_pure_virtual
 .text._exit    0x0000000008000cf0        0x2 ./system/src/newlib/_exit.o
                0x0000000008000cf0                _exit
 *fill*         0x0000000008000cf2        0x2 
 .text.abort    0x0000000008000cf4       0x14 ./system/src/newlib/_exit.o
                0x0000000008000cf4                abort
 .text._sbrk    0x0000000008000d08       0x44 ./system/src/newlib/_sbrk.o
                0x0000000008000d08                _sbrk
 .text.__initialize_args
                0x0000000008000d4c       0x10 ./system/src/newlib/_syscalls.o
                0x0000000008000d4c                __initialize_args
 .text.assert_failed
                0x0000000008000d5c       0x14 ./system/src/newlib/assert.o
                0x0000000008000d5c                assert_failed
 .text.trace_printf
                0x0000000008000d70       0x30 ./system/src/diag/Trace.o
                0x0000000008000d70                trace_printf
 .text.trace_puts
                0x0000000008000da0       0x20 ./system/src/diag/Trace.o
                0x0000000008000da0                trace_puts
 .text._trace_write_semihosting_debug
                0x0000000008000dc0       0x60 ./system/src/diag/trace_impl.o
 .text.trace_write
                0x0000000008000e20        0x8 ./system/src/diag/trace_impl.o
                0x0000000008000e20                trace_write
 .text.__initialize_hardware_early
                0x0000000008000e28       0x18 ./system/src/cortexm/_initialize_hardware.o
                0x0000000008000e28                __initialize_hardware_early
 .text.dumpExceptionStack
                0x0000000008000e40       0xf4 ./system/src/cortexm/exception_handlers.o
                0x0000000008000e40                dumpExceptionStack
 .text.isSemihosting
                0x0000000008000f34       0x20 ./system/src/cortexm/exception_handlers.o
                0x0000000008000f34                isSemihosting
 .text.SystemInit
                0x0000000008000f54       0x40 ./system/src/cmsis/system_stm32f4xx.o
                0x0000000008000f54                SystemInit
 .text.SystemCoreClockUpdate
                0x0000000008000f94       0xa0 ./system/src/cmsis/system_stm32f4xx.o
                0x0000000008000f94                SystemCoreClockUpdate
 .text._ZN3Amp7processEv
                0x0000000008001034       0x22 ./src/Amp.o
                0x0000000008001034                Amp::process()
 .text._ZN3AmpD2Ev
                0x0000000008001056        0x2 ./src/Amp.o
                0x0000000008001056                Amp::~Amp()
                0x0000000008001056                Amp::~Amp()
 .text._ZN3AmpD0Ev
                0x0000000008001058        0xc ./src/Amp.o
                0x0000000008001058                Amp::~Amp()
 .text._ZN3AmpC2Em
                0x0000000008001064       0x44 ./src/Amp.o
                0x0000000008001064                Amp::Amp(unsigned long)
                0x0000000008001064                Amp::Amp(unsigned long)
 .text._ZN9Generator7processEv
                0x00000000080010a8       0x52 ./src/Generator.o
                0x00000000080010a8                Generator::process()
 .text._ZN9GeneratorD2Ev
                0x00000000080010fa        0x2 ./src/Generator.o
                0x00000000080010fa                Generator::~Generator()
                0x00000000080010fa                Generator::~Generator()
 .text._ZN9GeneratorD0Ev
                0x00000000080010fc        0xc ./src/Generator.o
                0x00000000080010fc                Generator::~Generator()
 .text._ZN9GeneratorC2ERKmS1_S1_
                0x0000000008001108       0x44 ./src/Generator.o
                0x0000000008001108                Generator::Generator(unsigned long const&, unsigned long const&, unsigned long const&)
                0x0000000008001108                Generator::Generator(unsigned long const&, unsigned long const&, unsigned long const&)
 .text._ZN6ModuleC2Ev
                0x000000000800114c       0x38 ./src/Module.o
                0x000000000800114c                Module::Module()
                0x000000000800114c                Module::Module()
 .text._ZNK6Module22getOutputBufferPointerEv
                0x0000000008001184        0x4 ./src/Module.o
                0x0000000008001184                Module::getOutputBufferPointer() const
 .text._ZN4WireC2ERK6ModuleRS0_RPmRm
                0x0000000008001188       0x28 ./src/Wire.o
                0x0000000008001188                Wire::Wire(Module const&, Module&, unsigned long*&, unsigned long&)
                0x0000000008001188                Wire::Wire(Module const&, Module&, unsigned long*&, unsigned long&)
 .text.SystemClock_Config
                0x00000000080011b0       0x9c ./src/_initialize_hardware.o
                0x00000000080011b0                SystemClock_Config
 .text.__initialize_hardware
                0x000000000800124c       0x10 ./src/_initialize_hardware.o
                0x000000000800124c                __initialize_hardware
 .text.main     0x000000000800125c       0x48 ./src/main.o
                0x000000000800125c                main
 .text.HAL_MspInit
                0x00000000080012a4        0x2 ./src/stm32f4xx_hal_msp.o
                0x00000000080012a4                HAL_MspInit
 *fill*         0x00000000080012a6        0x2 
 .text._ZN10__cxxabiv120__si_class_type_infoD2Ev
                0x00000000080012a8       0x14 /home/wetfloor/eclipse/gnu-mcu-eclipse/arm-none-eabi-gcc/7.2.1-1.1-20180401-0515/bin/../lib/gcc/arm-none-eabi/7.2.1/../../../../arm-none-eabi/lib/thumb/v7e-m/libstdc++_nano.a(si_class_type_info.o)
                0x00000000080012a8                __cxxabiv1::__si_class_type_info::~__si_class_type_info()
                0x00000000080012a8                __cxxabiv1::__si_class_type_info::~__si_class_type_info()
 .text._ZN10__cxxabiv120__si_class_type_infoD0Ev
                0x00000000080012bc       0x14 /home/wetfloor/eclipse/gnu-mcu-eclipse/arm-none-eabi-gcc/7.2.1-1.1-20180401-0515/bin/../lib/gcc/arm-none-eabi/7.2.1/../../../../arm-none-eabi/lib/thumb/v7e-m/libstdc++_nano.a(si_class_type_info.o)
                0x00000000080012bc                __cxxabiv1::__si_class_type_info::~__si_class_type_info()
 .text._ZNK10__cxxabiv120__si_class_type_info20__do_find_public_srcEiPKvPKNS_17__class_type_infoES2_
                0x00000000080012d0       0x38 /home/wetfloor/eclipse/gnu-mcu-eclipse/arm-none-eabi-gcc/7.2.1-1.1-20180401-0515/bin/../lib/gcc/arm-none-eabi/7.2.1/../../../../arm-none-eabi/lib/thumb/v7e-m/libstdc++_nano.a(si_class_type_info.o)
                0x00000000080012d0                __cxxabiv1::__si_class_type_info::__do_find_public_src(int, void const*, __cxxabiv1::__class_type_info const*, void const*) const
 .text._ZNK10__cxxabiv120__si_class_type_info12__do_dyncastEiNS_17__class_type_info10__sub_kindEPKS1_PKvS4_S6_RNS1_16__dyncast_resultE
                0x0000000008001308       0x74 /home/wetfloor/eclipse/gnu-mcu-eclipse/arm-none-eabi-gcc/7.2.1-1.1-20180401-0515/bin/../lib/gcc/arm-none-eabi/7.2.1/../../../../arm-none-eabi/lib/thumb/v7e-m/libstdc++_nano.a(si_class_type_info.o)
                0x0000000008001308                __cxxabiv1::__si_class_type_info::__do_dyncast(int, __cxxabiv1::__class_type_info::__sub_kind, __cxxabiv1::__class_type_info const*, void const*, __cxxabiv1::__class_type_info const*, void const*, __cxxabiv1::__class_type_info::__dyncast_result&) const
 .text._ZNK10__cxxabiv120__si_class_type_info11__do_upcastEPKNS_17__class_type_infoEPKvRNS1_15__upcast_resultE
                0x000000000800137c       0x2a /home/wetfloor/eclipse/gnu-mcu-eclipse/arm-none-eabi-gcc/7.2.1-1.1-20180401-0515/bin/../lib/gcc/arm-none-eabi/7.2.1/../../../../arm-none-eabi/lib/thumb/v7e-m/libstdc++_nano.a(si_class_type_info.o)
                0x000000000800137c                __cxxabiv1::__si_class_type_info::__do_upcast(__cxxabiv1::__class_type_info const*, void const*, __cxxabiv1::__class_type_info::__upcast_result&) const
 .text._ZdlPv   0x00000000080013a6        0x4 /home/wetfloor/eclipse/gnu-mcu-eclipse/arm-none-eabi-gcc/7.2.1-1.1-20180401-0515/bin/../lib/gcc/arm-none-eabi/7.2.1/../../../../arm-none-eabi/lib/thumb/v7e-m/libstdc++_nano.a(del_op.o)
                0x00000000080013a6                operator delete(void*)
 .text._ZNSt9type_infoD2Ev
                0x00000000080013aa        0x2 /home/wetfloor/eclipse/gnu-mcu-eclipse/arm-none-eabi-gcc/7.2.1-1.1-20180401-0515/bin/../lib/gcc/arm-none-eabi/7.2.1/../../../../arm-none-eabi/lib/thumb/v7e-m/libstdc++_nano.a(tinfo.o)
                0x00000000080013aa                std::type_info::~type_info()
                0x00000000080013aa                std::type_info::~type_info()
 .text._ZNKSt9type_info14__is_pointer_pEv
                0x00000000080013ac        0x4 /home/wetfloor/eclipse/gnu-mcu-eclipse/arm-none-eabi-gcc/7.2.1-1.1-20180401-0515/bin/../lib/gcc/arm-none-eabi/7.2.1/../../../../arm-none-eabi/lib/thumb/v7e-m/libstdc++_nano.a(tinfo.o)
                0x00000000080013ac                std::type_info::__is_function_p() const
                0x00000000080013ac                std::type_info::__is_pointer_p() const
 .text._ZNKSt9type_infoeqERKS_
                0x00000000080013b0       0x2c /home/wetfloor/eclipse/gnu-mcu-eclipse/arm-none-eabi-gcc/7.2.1-1.1-20180401-0515/bin/../lib/gcc/arm-none-eabi/7.2.1/../../../../arm-none-eabi/lib/thumb/v7e-m/libstdc++_nano.a(tinfo.o)
                0x00000000080013b0                std::type_info::operator==(std::type_info const&) const
 .text._ZNK10__cxxabiv117__class_type_info11__do_upcastEPKS0_PPv
                0x00000000080013dc       0x34 /home/wetfloor/eclipse/gnu-mcu-eclipse/arm-none-eabi-gcc/7.2.1-1.1-20180401-0515/bin/../lib/gcc/arm-none-eabi/7.2.1/../../../../arm-none-eabi/lib/thumb/v7e-m/libstdc++_nano.a(class_type_info.o)
                0x00000000080013dc                __cxxabiv1::__class_type_info::__do_upcast(__cxxabiv1::__class_type_info const*, void**) const
 .text._ZNK10__cxxabiv117__class_type_info20__do_find_public_srcEiPKvPKS0_S2_
                0x0000000008001410        0xc /home/wetfloor/eclipse/gnu-mcu-eclipse/arm-none-eabi-gcc/7.2.1-1.1-20180401-0515/bin/../lib/gcc/arm-none-eabi/7.2.1/../../../../arm-none-eabi/lib/thumb/v7e-m/libstdc++_nano.a(class_type_info.o)
                0x0000000008001410                __cxxabiv1::__class_type_info::__do_find_public_src(int, void const*, __cxxabiv1::__class_type_info const*, void const*) const
 .text._ZN10__cxxabiv117__class_type_infoD2Ev
                0x000000000800141c       0x14 /home/wetfloor/eclipse/gnu-mcu-eclipse/arm-none-eabi-gcc/7.2.1-1.1-20180401-0515/bin/../lib/gcc/arm-none-eabi/7.2.1/../../../../arm-none-eabi/lib/thumb/v7e-m/libstdc++_nano.a(class_type_info.o)
                0x000000000800141c                __cxxabiv1::__class_type_info::~__class_type_info()
                0x000000000800141c                __cxxabiv1::__class_type_info::~__class_type_info()
 .text._ZN10__cxxabiv117__class_type_infoD0Ev
                0x0000000008001430       0x14 /home/wetfloor/eclipse/gnu-mcu-eclipse/arm-none-eabi-gcc/7.2.1-1.1-20180401-0515/bin/../lib/gcc/arm-none-eabi/7.2.1/../../../../arm-none-eabi/lib/thumb/v7e-m/libstdc++_nano.a(class_type_info.o)
                0x0000000008001430                __cxxabiv1::__class_type_info::~__class_type_info()
 .text._ZNK10__cxxabiv117__class_type_info12__do_dyncastEiNS0_10__sub_kindEPKS0_PKvS3_S5_RNS0_16__dyncast_resultE
                0x0000000008001444       0x3a /home/wetfloor/eclipse/gnu-mcu-eclipse/arm-none-eabi-gcc/7.2.1-1.1-20180401-0515/bin/../lib/gcc/arm-none-eabi/7.2.1/../../../../arm-none-eabi/lib/thumb/v7e-m/libstdc++_nano.a(class_type_info.o)
                0x0000000008001444                __cxxabiv1::__class_type_info::__do_dyncast(int, __cxxabiv1::__class_type_info::__sub_kind, __cxxabiv1::__class_type_info const*, void const*, __cxxabiv1::__class_type_info const*, void const*, __cxxabiv1::__class_type_info::__dyncast_result&) const
 .text._ZNK10__cxxabiv117__class_type_info11__do_upcastEPKS0_PKvRNS0_15__upcast_resultE
                0x000000000800147e       0x18 /home/wetfloor/eclipse/gnu-mcu-eclipse/arm-none-eabi-gcc/7.2.1-1.1-20180401-0515/bin/../lib/gcc/arm-none-eabi/7.2.1/../../../../arm-none-eabi/lib/thumb/v7e-m/libstdc++_nano.a(class_type_info.o)
                0x000000000800147e                __cxxabiv1::__class_type_info::__do_upcast(__cxxabiv1::__class_type_info const*, void const*, __cxxabiv1::__class_type_info::__upcast_result&) const
 .text._ZNK10__cxxabiv117__class_type_info10__do_catchEPKSt9type_infoPPvj
                0x0000000008001496       0x2a /home/wetfloor/eclipse/gnu-mcu-eclipse/arm-none-eabi-gcc/7.2.1-1.1-20180401-0515/bin/../lib/gcc/arm-none-eabi/7.2.1/../../../../arm-none-eabi/lib/thumb/v7e-m/libstdc++_nano.a(class_type_info.o)
                0x0000000008001496                __cxxabiv1::__class_type_info::__do_catch(std::type_info const*, void**, unsigned int) const
 .text._ZdlPvj  0x00000000080014c0        0x4 /home/wetfloor/eclipse/gnu-mcu-eclipse/arm-none-eabi-gcc/7.2.1-1.1-20180401-0515/bin/../lib/gcc/arm-none-eabi/7.2.1/../../../../arm-none-eabi/lib/thumb/v7e-m/libstdc++_nano.a(del_ops.o)
                0x00000000080014c0                operator delete(void*, unsigned int)
 .text.__errno  0x00000000080014c4        0xc /home/wetfloor/eclipse/gnu-mcu-eclipse/arm-none-eabi-gcc/7.2.1-1.1-20180401-0515/bin/../lib/gcc/arm-none-eabi/7.2.1/../../../../arm-none-eabi/lib/thumb/v7e-m/libg_nano.a(lib_a-errno.o)
                0x00000000080014c4                __errno
 .text.free     0x00000000080014d0       0x10 /home/wetfloor/eclipse/gnu-mcu-eclipse/arm-none-eabi-gcc/7.2.1-1.1-20180401-0515/bin/../lib/gcc/arm-none-eabi/7.2.1/../../../../arm-none-eabi/lib/thumb/v7e-m/libg_nano.a(lib_a-malloc.o)
                0x00000000080014d0                free
 .text._free_r  0x00000000080014e0       0x9c /home/wetfloor/eclipse/gnu-mcu-eclipse/arm-none-eabi-gcc/7.2.1-1.1-20180401-0515/bin/../lib/gcc/arm-none-eabi/7.2.1/../../../../arm-none-eabi/lib/thumb/v7e-m/libg_nano.a(lib_a-nano-freer.o)
                0x00000000080014e0                _free_r
 .text._malloc_r
                0x000000000800157c       0xb4 /home/wetfloor/eclipse/gnu-mcu-eclipse/arm-none-eabi-gcc/7.2.1-1.1-20180401-0515/bin/../lib/gcc/arm-none-eabi/7.2.1/../../../../arm-none-eabi/lib/thumb/v7e-m/libg_nano.a(lib_a-nano-mallocr.o)
                0x000000000800157c                _malloc_r
 .text._sbrk_r  0x0000000008001630       0x20 /home/wetfloor/eclipse/gnu-mcu-eclipse/arm-none-eabi-gcc/7.2.1-1.1-20180401-0515/bin/../lib/gcc/arm-none-eabi/7.2.1/../../../../arm-none-eabi/lib/thumb/v7e-m/libg_nano.a(lib_a-sbrkr.o)
                0x0000000008001630                _sbrk_r
 .text          0x0000000008001650       0x14 /home/wetfloor/eclipse/gnu-mcu-eclipse/arm-none-eabi-gcc/7.2.1-1.1-20180401-0515/bin/../lib/gcc/arm-none-eabi/7.2.1/../../../../arm-none-eabi/lib/thumb/v7e-m/libg_nano.a(lib_a-strcmp.o)
                0x0000000008001650                strcmp
 .text          0x0000000008001664       0x10 /home/wetfloor/eclipse/gnu-mcu-eclipse/arm-none-eabi-gcc/7.2.1-1.1-20180401-0515/bin/../lib/gcc/arm-none-eabi/7.2.1/../../../../arm-none-eabi/lib/thumb/v7e-m/libg_nano.a(lib_a-strlen.o)
                0x0000000008001664                strlen
 .text._vsnprintf_r
                0x0000000008001674       0x58 /home/wetfloor/eclipse/gnu-mcu-eclipse/arm-none-eabi-gcc/7.2.1-1.1-20180401-0515/bin/../lib/gcc/arm-none-eabi/7.2.1/../../../../arm-none-eabi/lib/thumb/v7e-m/libg_nano.a(lib_a-vsnprintf.o)
                0x0000000008001674                _vsnprintf_r
                0x0000000008001674                _vsniprintf_r
 .text.vsnprintf
                0x00000000080016cc       0x1c /home/wetfloor/eclipse/gnu-mcu-eclipse/arm-none-eabi-gcc/7.2.1-1.1-20180401-0515/bin/../lib/gcc/arm-none-eabi/7.2.1/../../../../arm-none-eabi/lib/thumb/v7e-m/libg_nano.a(lib_a-vsnprintf.o)
                0x00000000080016cc                vsnprintf
                0x00000000080016cc                vsniprintf
 .text.__malloc_lock
                0x00000000080016e8        0x2 /home/wetfloor/eclipse/gnu-mcu-eclipse/arm-none-eabi-gcc/7.2.1-1.1-20180401-0515/bin/../lib/gcc/arm-none-eabi/7.2.1/../../../../arm-none-eabi/lib/thumb/v7e-m/libg_nano.a(lib_a-mlock.o)
                0x00000000080016e8                __malloc_lock
 .text.__malloc_unlock
                0x00000000080016ea        0x2 /home/wetfloor/eclipse/gnu-mcu-eclipse/arm-none-eabi-gcc/7.2.1-1.1-20180401-0515/bin/../lib/gcc/arm-none-eabi/7.2.1/../../../../arm-none-eabi/lib/thumb/v7e-m/libg_nano.a(lib_a-mlock.o)
                0x00000000080016ea                __malloc_unlock
 .text.__ssputs_r
                0x00000000080016ec       0xb4 /home/wetfloor/eclipse/gnu-mcu-eclipse/arm-none-eabi-gcc/7.2.1-1.1-20180401-0515/bin/../lib/gcc/arm-none-eabi/7.2.1/../../../../arm-none-eabi/lib/thumb/v7e-m/libg_nano.a(lib_a-nano-svfprintf.o)
                0x00000000080016ec                __ssputs_r
 .text._svfprintf_r
                0x00000000080017a0      0x1ec /home/wetfloor/eclipse/gnu-mcu-eclipse/arm-none-eabi-gcc/7.2.1-1.1-20180401-0515/bin/../lib/gcc/arm-none-eabi/7.2.1/../../../../arm-none-eabi/lib/thumb/v7e-m/libg_nano.a(lib_a-nano-svfprintf.o)
                0x00000000080017a0                _svfprintf_r
                0x00000000080017a0                _svfiprintf_r
 .text._printf_common
                0x000000000800198c       0xea /home/wetfloor/eclipse/gnu-mcu-eclipse/arm-none-eabi-gcc/7.2.1-1.1-20180401-0515/bin/../lib/gcc/arm-none-eabi/7.2.1/../../../../arm-none-eabi/lib/thumb/v7e-m/libg_nano.a(lib_a-nano-vfprintf_i.o)
                0x000000000800198c                _printf_common
 *fill*         0x0000000008001a76        0x2 
 .text._printf_i
                0x0000000008001a78      0x224 /home/wetfloor/eclipse/gnu-mcu-eclipse/arm-none-eabi-gcc/7.2.1-1.1-20180401-0515/bin/../lib/gcc/arm-none-eabi/7.2.1/../../../../arm-none-eabi/lib/thumb/v7e-m/libg_nano.a(lib_a-nano-vfprintf_i.o)
                0x0000000008001a78                _printf_i
 *fill*         0x0000000008001c9c        0x4 
 .text          0x0000000008001ca0       0xa0 /home/wetfloor/eclipse/gnu-mcu-eclipse/arm-none-eabi-gcc/7.2.1-1.1-20180401-0515/bin/../lib/gcc/arm-none-eabi/7.2.1/../../../../arm-none-eabi/lib/thumb/v7e-m/libg_nano.a(lib_a-memchr.o)
                0x0000000008001ca0                memchr
 .text.memcpy   0x0000000008001d40       0x16 /home/wetfloor/eclipse/gnu-mcu-eclipse/arm-none-eabi-gcc/7.2.1-1.1-20180401-0515/bin/../lib/gcc/arm-none-eabi/7.2.1/../../../../arm-none-eabi/lib/thumb/v7e-m/libg_nano.a(lib_a-memcpy-stub.o)
                0x0000000008001d40                memcpy
 .text.memmove  0x0000000008001d56       0x32 /home/wetfloor/eclipse/gnu-mcu-eclipse/arm-none-eabi-gcc/7.2.1-1.1-20180401-0515/bin/../lib/gcc/arm-none-eabi/7.2.1/../../../../arm-none-eabi/lib/thumb/v7e-m/libg_nano.a(lib_a-memmove.o)
                0x0000000008001d56                memmove
 .text._realloc_r
                0x0000000008001d88       0x4c /home/wetfloor/eclipse/gnu-mcu-eclipse/arm-none-eabi-gcc/7.2.1-1.1-20180401-0515/bin/../lib/gcc/arm-none-eabi/7.2.1/../../../../arm-none-eabi/lib/thumb/v7e-m/libg_nano.a(lib_a-nano-reallocr.o)
                0x0000000008001d88                _realloc_r
 .text._malloc_usable_size_r
                0x0000000008001dd4       0x10 /home/wetfloor/eclipse/gnu-mcu-eclipse/arm-none-eabi-gcc/7.2.1-1.1-20180401-0515/bin/../lib/gcc/arm-none-eabi/7.2.1/../../../../arm-none-eabi/lib/thumb/v7e-m/libg_nano.a(lib_a-nano-msizer.o)
                0x0000000008001dd4                _malloc_usable_size_r
 *(.rodata .rodata.* .constdata .constdata.*)
 .rodata.HAL_NVIC_SetPriorityGrouping.str1.4
                0x0000000008001de4       0x31 ./system/src/stm32f4-hal/stm32f4xx_hal_cortex.o
 *fill*         0x0000000008001e15        0x3 
 .rodata.APBAHBPrescTable
                0x0000000008001e18       0x10 ./system/src/stm32f4-hal/stm32f4xx_hal_rcc.o
                0x0000000008001e18                APBAHBPrescTable
 .rodata.HAL_RCC_OscConfig.str1.4
                0x0000000008001e28       0x2e ./system/src/stm32f4-hal/stm32f4xx_hal_rcc.o
 *fill*         0x0000000008001e56        0x2 
 .rodata._ZZ18__cxa_pure_virtualE8__func__
                0x0000000008001e58       0x13 ./system/src/newlib/_cxx.o
 *fill*         0x0000000008001e6b        0x1 
 .rodata.abort.str1.4
                0x0000000008001e6c       0x14 ./system/src/newlib/_exit.o
 .rodata.assert_failed.str1.4
                0x0000000008001e80       0x2b ./system/src/newlib/assert.o
 .rodata.trace_puts.str1.4
                0x0000000008001eab       0x2b ./system/src/diag/Trace.o
                                          0x2 (size before relaxing)
 *fill*         0x0000000008001eab        0x1 
 .rodata.dumpExceptionStack.str1.4
                0x0000000008001eac      0x11a ./system/src/cortexm/exception_handlers.o
 *fill*         0x0000000008001fc6        0x2 
 .rodata.str1.4
                0x0000000008001fc8       0x2c ./system/src/cortexm/exception_handlers.o
                                         0x2a (size before relaxing)
 .rodata.AHBPrescTable
                0x0000000008001ff4       0x10 ./system/src/cmsis/system_stm32f4xx.o
                0x0000000008001ff4                AHBPrescTable
 .rodata._ZTS6Module
                0x0000000008002004        0x8 ./src/Amp.o
                0x0000000008002004                typeinfo name for Module
 .rodata._ZTI6Module
                0x000000000800200c        0x8 ./src/Amp.o
                0x000000000800200c                typeinfo for Module
 .rodata._ZTI3Amp
                0x0000000008002014        0xc ./src/Amp.o
                0x0000000008002014                typeinfo for Amp
 .rodata._ZTS3Amp
                0x0000000008002020        0x5 ./src/Amp.o
                0x0000000008002020                typeinfo name for Amp
 *fill*         0x0000000008002025        0x3 
 .rodata._ZTV3Amp
                0x0000000008002028       0x14 ./src/Amp.o
                0x0000000008002028                vtable for Amp
 .rodata._ZTI9Generator
                0x000000000800203c        0xc ./src/Generator.o
                0x000000000800203c                typeinfo for Generator
 .rodata._ZTS9Generator
                0x0000000008002048        0xb ./src/Generator.o
                0x0000000008002048                typeinfo name for Generator
 *fill*         0x0000000008002053        0x1 
 .rodata._ZTV9Generator
                0x0000000008002054       0x14 ./src/Generator.o
                0x0000000008002054                vtable for Generator
 .rodata._ZTV6Module
                0x0000000008002068       0x14 ./src/Module.o
                0x0000000008002068                vtable for Module
 .rodata._ZTIN10__cxxabiv120__si_class_type_infoE
                0x000000000800207c        0xc /home/wetfloor/eclipse/gnu-mcu-eclipse/arm-none-eabi-gcc/7.2.1-1.1-20180401-0515/bin/../lib/gcc/arm-none-eabi/7.2.1/../../../../arm-none-eabi/lib/thumb/v7e-m/libstdc++_nano.a(si_class_type_info.o)
                0x000000000800207c                typeinfo for __cxxabiv1::__si_class_type_info
 .rodata._ZTSN10__cxxabiv120__si_class_type_infoE
                0x0000000008002088       0x25 /home/wetfloor/eclipse/gnu-mcu-eclipse/arm-none-eabi-gcc/7.2.1-1.1-20180401-0515/bin/../lib/gcc/arm-none-eabi/7.2.1/../../../../arm-none-eabi/lib/thumb/v7e-m/libstdc++_nano.a(si_class_type_info.o)
                0x0000000008002088                typeinfo name for __cxxabiv1::__si_class_type_info
 *fill*         0x00000000080020ad        0x3 
 .rodata._ZTVN10__cxxabiv120__si_class_type_infoE
                0x00000000080020b0       0x2c /home/wetfloor/eclipse/gnu-mcu-eclipse/arm-none-eabi-gcc/7.2.1-1.1-20180401-0515/bin/../lib/gcc/arm-none-eabi/7.2.1/../../../../arm-none-eabi/lib/thumb/v7e-m/libstdc++_nano.a(si_class_type_info.o)
                0x00000000080020b0                vtable for __cxxabiv1::__si_class_type_info
 .rodata._ZTISt9type_info
                0x00000000080020dc        0x8 /home/wetfloor/eclipse/gnu-mcu-eclipse/arm-none-eabi-gcc/7.2.1-1.1-20180401-0515/bin/../lib/gcc/arm-none-eabi/7.2.1/../../../../arm-none-eabi/lib/thumb/v7e-m/libstdc++_nano.a(tinfo.o)
                0x00000000080020dc                typeinfo for std::type_info
 .rodata._ZTSSt9type_info
                0x00000000080020e4        0xd /home/wetfloor/eclipse/gnu-mcu-eclipse/arm-none-eabi-gcc/7.2.1-1.1-20180401-0515/bin/../lib/gcc/arm-none-eabi/7.2.1/../../../../arm-none-eabi/lib/thumb/v7e-m/libstdc++_nano.a(tinfo.o)
                0x00000000080020e4                typeinfo name for std::type_info
 *fill*         0x00000000080020f1        0x3 
 .rodata._ZTIN10__cxxabiv117__class_type_infoE
                0x00000000080020f4        0xc /home/wetfloor/eclipse/gnu-mcu-eclipse/arm-none-eabi-gcc/7.2.1-1.1-20180401-0515/bin/../lib/gcc/arm-none-eabi/7.2.1/../../../../arm-none-eabi/lib/thumb/v7e-m/libstdc++_nano.a(class_type_info.o)
                0x00000000080020f4                typeinfo for __cxxabiv1::__class_type_info
 .rodata._ZTSN10__cxxabiv117__class_type_infoE
                0x0000000008002100       0x22 /home/wetfloor/eclipse/gnu-mcu-eclipse/arm-none-eabi-gcc/7.2.1-1.1-20180401-0515/bin/../lib/gcc/arm-none-eabi/7.2.1/../../../../arm-none-eabi/lib/thumb/v7e-m/libstdc++_nano.a(class_type_info.o)
                0x0000000008002100                typeinfo name for __cxxabiv1::__class_type_info
 *fill*         0x0000000008002122        0x2 
 .rodata._ZTVN10__cxxabiv117__class_type_infoE
                0x0000000008002124       0x2c /home/wetfloor/eclipse/gnu-mcu-eclipse/arm-none-eabi-gcc/7.2.1-1.1-20180401-0515/bin/../lib/gcc/arm-none-eabi/7.2.1/../../../../arm-none-eabi/lib/thumb/v7e-m/libstdc++_nano.a(class_type_info.o)
                0x0000000008002124                vtable for __cxxabiv1::__class_type_info
 .rodata._svfprintf_r.str1.1
                0x0000000008002150       0x11 /home/wetfloor/eclipse/gnu-mcu-eclipse/arm-none-eabi-gcc/7.2.1-1.1-20180401-0515/bin/../lib/gcc/arm-none-eabi/7.2.1/../../../../arm-none-eabi/lib/thumb/v7e-m/libg_nano.a(lib_a-nano-svfprintf.o)
 .rodata._printf_i.str1.1
                0x0000000008002161       0x22 /home/wetfloor/eclipse/gnu-mcu-eclipse/arm-none-eabi-gcc/7.2.1-1.1-20180401-0515/bin/../lib/gcc/arm-none-eabi/7.2.1/../../../../arm-none-eabi/lib/thumb/v7e-m/libg_nano.a(lib_a-nano-vfprintf_i.o)
 *(vtable)
 *(.eh_frame*)
 *(.glue_7)
 .glue_7        0x0000000008002183        0x0 linker stubs
 *(.glue_7t)
 .glue_7t       0x0000000008002183        0x0 linker stubs

.vfp11_veneer   0x0000000008002184        0x0
 .vfp11_veneer  0x0000000008002184        0x0 linker stubs

.v4_bx          0x0000000008002184        0x0
 .v4_bx         0x0000000008002184        0x0 linker stubs

.iplt           0x0000000008002184        0x0
 .iplt          0x0000000008002184        0x0 ./system/src/stm32f4-hal/stm32f4xx_hal.o

.rel.dyn        0x0000000008002184        0x0
 .rel.iplt      0x0000000008002184        0x0 ./system/src/stm32f4-hal/stm32f4xx_hal.o

.ARM.extab
 *(.ARM.extab* .gnu.linkonce.armextab.*)
                0x0000000008002184                . = ALIGN (0x4)
                0x0000000008002184                __exidx_start = .

.ARM.exidx
 *(.ARM.exidx* .gnu.linkonce.armexidx.*)
                0x0000000008002184                __exidx_end = .
                0x0000000008002184                . = ALIGN (0x4)
                0x0000000008002184                _etext = .
                0x0000000008002184                __etext = .

.data_CCMRAM    0x0000000010000000        0x0 load address 0x0000000008002184
 FILL mask 0xff
 *(.data.CCMRAM .data.CCMRAM.*)
                0x0000000010000000                . = ALIGN (0x4)
                0x0000000008002184                _sidata = LOADADDR (.data)

.data           0x0000000020000000       0x78 load address 0x0000000008002184
 FILL mask 0xff
                0x0000000020000000                _sdata = .
                0x0000000020000000                __data_start__ = .
 *(.data_begin .data_begin.*)
 .data_begin    0x0000000020000000        0x4 ./system/src/newlib/_startup.o
 *(.data .data.*)
 .data.argv.4310
                0x0000000020000004        0x8 ./system/src/newlib/_syscalls.o
 .data.SystemCoreClock
                0x000000002000000c        0x4 ./system/src/cmsis/system_stm32f4xx.o
                0x000000002000000c                SystemCoreClock
 .data._impure_ptr
                0x0000000020000010        0x4 /home/wetfloor/eclipse/gnu-mcu-eclipse/arm-none-eabi-gcc/7.2.1-1.1-20180401-0515/bin/../lib/gcc/arm-none-eabi/7.2.1/../../../../arm-none-eabi/lib/thumb/v7e-m/libg_nano.a(lib_a-impure.o)
                0x0000000020000010                _impure_ptr
 .data.impure_data
                0x0000000020000014       0x60 /home/wetfloor/eclipse/gnu-mcu-eclipse/arm-none-eabi-gcc/7.2.1-1.1-20180401-0515/bin/../lib/gcc/arm-none-eabi/7.2.1/../../../../arm-none-eabi/lib/thumb/v7e-m/libg_nano.a(lib_a-impure.o)
 *(.data_end .data_end.*)
 .data_end      0x0000000020000074        0x4 ./system/src/newlib/_startup.o
                0x0000000020000078                . = ALIGN (0x4)
                0x0000000020000078                _edata = .
                0x0000000020000078                __data_end__ = .

.igot.plt       0x0000000020000078        0x0 load address 0x00000000080021fc
 .igot.plt      0x0000000020000078        0x0 ./system/src/stm32f4-hal/stm32f4xx_hal.o

.bss_CCMRAM     0x0000000010000000        0x0
 *(.bss.CCMRAM .bss.CCMRAM.*)

.bss            0x0000000020000078       0xa8
                0x0000000020000078                __bss_start__ = .
                0x0000000020000078                _sbss = .
 *(.bss_begin .bss_begin.*)
 .bss_begin     0x0000000020000078        0x4 ./system/src/newlib/_startup.o
 *(.bss .bss.*)
 .bss.current_heap_end.3961
                0x000000002000007c        0x4 ./system/src/newlib/_sbrk.o
 .bss.name.4309
                0x0000000020000080        0x1 ./system/src/newlib/_syscalls.o
 *fill*         0x0000000020000081        0x3 
 .bss.buf.5205  0x0000000020000084       0x80 ./system/src/diag/Trace.o
 .bss._ZN3Amp8instanceE
                0x0000000020000104        0x4 ./src/Amp.o
                0x0000000020000104                Amp::instance
 .bss._ZN9Generator8instanceE
                0x0000000020000108        0x4 ./src/Generator.o
                0x0000000020000108                Generator::instance
 .bss.__malloc_free_list
                0x000000002000010c        0x4 /home/wetfloor/eclipse/gnu-mcu-eclipse/arm-none-eabi-gcc/7.2.1-1.1-20180401-0515/bin/../lib/gcc/arm-none-eabi/7.2.1/../../../../arm-none-eabi/lib/thumb/v7e-m/libg_nano.a(lib_a-nano-mallocr.o)
                0x000000002000010c                __malloc_free_list
 .bss.__malloc_sbrk_start
                0x0000000020000110        0x4 /home/wetfloor/eclipse/gnu-mcu-eclipse/arm-none-eabi-gcc/7.2.1-1.1-20180401-0515/bin/../lib/gcc/arm-none-eabi/7.2.1/../../../../arm-none-eabi/lib/thumb/v7e-m/libg_nano.a(lib_a-nano-mallocr.o)
                0x0000000020000110                __malloc_sbrk_start
 *(COMMON)
 COMMON         0x0000000020000114        0x4 ./system/src/stm32f4-hal/stm32f4xx_hal.o
                0x0000000020000114                uwTick
 COMMON         0x0000000020000118        0x4 ./system/src/newlib/_syscalls.o
                0x0000000020000118                errno
 *(.bss_end .bss_end.*)
 .bss_end       0x000000002000011c        0x4 ./system/src/newlib/_startup.o
                0x0000000020000120                . = ALIGN (0x4)
                0x0000000020000120                __bss_end__ = .
                0x0000000020000120                _ebss = .

.noinit_CCMRAM
 *(.noinit.CCMRAM .noinit.CCMRAM.*)

.noinit         0x0000000020000120        0x0
                0x0000000020000120                _noinit = .
 *(.noinit .noinit.*)
                0x0000000020000120                . = ALIGN (0x4)
                0x0000000020000120                _end_noinit = .
                [!provide]                        PROVIDE (end, _end_noinit)
                [!provide]                        PROVIDE (_end, _end_noinit)
                [!provide]                        PROVIDE (__end, _end_noinit)
                [!provide]                        PROVIDE (__end__, _end_noinit)

._check_stack   0x0000000020000120      0x100
                0x0000000020000220                . = (. + _Minimum_Stack_Size)
 *fill*         0x0000000020000120      0x100 

.b1text
 *(.b1text)
 *(.b1rodata)
 *(.b1rodata.*)

.eb0text
 *(.eb0text)
 *(.eb0rodata)
 *(.eb0rodata.*)

.eb1text
 *(.eb1text)
 *(.eb1rodata)
 *(.eb1rodata.*)

.eb2text
 *(.eb2text)
 *(.eb2rodata)
 *(.eb2rodata.*)

.eb3text
 *(.eb3text)
 *(.eb3rodata)
 *(.eb3rodata.*)

.stab
 *(.stab)

.stabstr
 *(.stabstr)

.stab.excl
 *(.stab.excl)

.stab.exclstr
 *(.stab.exclstr)

.stab.index
 *(.stab.index)

.stab.indexstr
 *(.stab.indexstr)

.comment        0x0000000000000000       0x72
 *(.comment)
 .comment       0x0000000000000000       0x72 ./system/src/stm32f4-hal/stm32f4xx_hal.o
                                         0x73 (size before relaxing)
 .comment       0x0000000000000072       0x73 ./system/src/stm32f4-hal/stm32f4xx_hal_cortex.o
 .comment       0x0000000000000072       0x73 ./system/src/stm32f4-hal/stm32f4xx_hal_rcc.o
 .comment       0x0000000000000072       0x73 ./system/src/newlib/_cxx.o
 .comment       0x0000000000000072       0x73 ./system/src/newlib/_exit.o
 .comment       0x0000000000000072       0x73 ./system/src/newlib/_sbrk.o
 .comment       0x0000000000000072       0x73 ./system/src/newlib/_startup.o
 .comment       0x0000000000000072       0x73 ./system/src/newlib/_syscalls.o
 .comment       0x0000000000000072       0x73 ./system/src/newlib/assert.o
 .comment       0x0000000000000072       0x73 ./system/src/diag/Trace.o
 .comment       0x0000000000000072       0x73 ./system/src/diag/trace_impl.o
 .comment       0x0000000000000072       0x73 ./system/src/cortexm/_initialize_hardware.o
 .comment       0x0000000000000072       0x73 ./system/src/cortexm/exception_handlers.o
 .comment       0x0000000000000072       0x73 ./system/src/cmsis/system_stm32f4xx.o
 .comment       0x0000000000000072       0x73 ./system/src/cmsis/vectors_stm32f407xx.o
 .comment       0x0000000000000072       0x73 ./src/Amp.o
 .comment       0x0000000000000072       0x73 ./src/Generator.o
 .comment       0x0000000000000072       0x73 ./src/Module.o
 .comment       0x0000000000000072       0x73 ./src/Wire.o
 .comment       0x0000000000000072       0x73 ./src/_initialize_hardware.o
 .comment       0x0000000000000072       0x73 ./src/main.o
 .comment       0x0000000000000072       0x73 ./src/stm32f4xx_hal_msp.o

.ARM.attributes
                0x0000000000000000       0x31
 .ARM.attributes
                0x0000000000000000       0x33 ./system/src/stm32f4-hal/stm32f4xx_hal.o
 .ARM.attributes
                0x0000000000000033       0x33 ./system/src/stm32f4-hal/stm32f4xx_hal_cortex.o
 .ARM.attributes
                0x0000000000000066       0x33 ./system/src/stm32f4-hal/stm32f4xx_hal_rcc.o
 .ARM.attributes
                0x0000000000000099       0x33 ./system/src/newlib/_cxx.o
 .ARM.attributes
                0x00000000000000cc       0x33 ./system/src/newlib/_exit.o
 .ARM.attributes
                0x00000000000000ff       0x33 ./system/src/newlib/_sbrk.o
 .ARM.attributes
                0x0000000000000132       0x33 ./system/src/newlib/_startup.o
 .ARM.attributes
                0x0000000000000165       0x33 ./system/src/newlib/_syscalls.o
 .ARM.attributes
                0x0000000000000198       0x33 ./system/src/newlib/assert.o
 .ARM.attributes
                0x00000000000001cb       0x33 ./system/src/diag/Trace.o
 .ARM.attributes
                0x00000000000001fe       0x33 ./system/src/diag/trace_impl.o
 .ARM.attributes
                0x0000000000000231       0x33 ./system/src/cortexm/_initialize_hardware.o
 .ARM.attributes
                0x0000000000000264       0x33 ./system/src/cortexm/exception_handlers.o
 .ARM.attributes
                0x0000000000000297       0x33 ./system/src/cmsis/system_stm32f4xx.o
 .ARM.attributes
                0x00000000000002ca       0x33 ./system/src/cmsis/vectors_stm32f407xx.o
 .ARM.attributes
                0x00000000000002fd       0x33 ./src/Amp.o
 .ARM.attributes
                0x0000000000000330       0x33 ./src/Generator.o
 .ARM.attributes
                0x0000000000000363       0x33 ./src/Module.o
 .ARM.attributes
                0x0000000000000396       0x33 ./src/Wire.o
 .ARM.attributes
                0x00000000000003c9       0x33 ./src/_initialize_hardware.o
 .ARM.attributes
                0x00000000000003fc       0x33 ./src/main.o
 .ARM.attributes
                0x000000000000042f       0x33 ./src/stm32f4xx_hal_msp.o
 .ARM.attributes
                0x0000000000000462       0x2e /home/wetfloor/eclipse/gnu-mcu-eclipse/arm-none-eabi-gcc/7.2.1-1.1-20180401-0515/bin/../lib/gcc/arm-none-eabi/7.2.1/../../../../arm-none-eabi/lib/thumb/v7e-m/libstdc++_nano.a(si_class_type_info.o)
 .ARM.attributes
                0x0000000000000490       0x2e /home/wetfloor/eclipse/gnu-mcu-eclipse/arm-none-eabi-gcc/7.2.1-1.1-20180401-0515/bin/../lib/gcc/arm-none-eabi/7.2.1/../../../../arm-none-eabi/lib/thumb/v7e-m/libstdc++_nano.a(del_op.o)
 .ARM.attributes
                0x00000000000004be       0x2e /home/wetfloor/eclipse/gnu-mcu-eclipse/arm-none-eabi-gcc/7.2.1-1.1-20180401-0515/bin/../lib/gcc/arm-none-eabi/7.2.1/../../../../arm-none-eabi/lib/thumb/v7e-m/libstdc++_nano.a(tinfo.o)
 .ARM.attributes
                0x00000000000004ec       0x2e /home/wetfloor/eclipse/gnu-mcu-eclipse/arm-none-eabi-gcc/7.2.1-1.1-20180401-0515/bin/../lib/gcc/arm-none-eabi/7.2.1/../../../../arm-none-eabi/lib/thumb/v7e-m/libstdc++_nano.a(class_type_info.o)
 .ARM.attributes
                0x000000000000051a       0x2e /home/wetfloor/eclipse/gnu-mcu-eclipse/arm-none-eabi-gcc/7.2.1-1.1-20180401-0515/bin/../lib/gcc/arm-none-eabi/7.2.1/../../../../arm-none-eabi/lib/thumb/v7e-m/libstdc++_nano.a(del_ops.o)
 .ARM.attributes
                0x0000000000000548       0x2e /home/wetfloor/eclipse/gnu-mcu-eclipse/arm-none-eabi-gcc/7.2.1-1.1-20180401-0515/bin/../lib/gcc/arm-none-eabi/7.2.1/../../../../arm-none-eabi/lib/thumb/v7e-m/libg_nano.a(lib_a-errno.o)
 .ARM.attributes
                0x0000000000000576       0x2e /home/wetfloor/eclipse/gnu-mcu-eclipse/arm-none-eabi-gcc/7.2.1-1.1-20180401-0515/bin/../lib/gcc/arm-none-eabi/7.2.1/../../../../arm-none-eabi/lib/thumb/v7e-m/libg_nano.a(lib_a-impure.o)
 .ARM.attributes
                0x00000000000005a4       0x2e /home/wetfloor/eclipse/gnu-mcu-eclipse/arm-none-eabi-gcc/7.2.1-1.1-20180401-0515/bin/../lib/gcc/arm-none-eabi/7.2.1/../../../../arm-none-eabi/lib/thumb/v7e-m/libg_nano.a(lib_a-malloc.o)
 .ARM.attributes
                0x00000000000005d2       0x2e /home/wetfloor/eclipse/gnu-mcu-eclipse/arm-none-eabi-gcc/7.2.1-1.1-20180401-0515/bin/../lib/gcc/arm-none-eabi/7.2.1/../../../../arm-none-eabi/lib/thumb/v7e-m/libg_nano.a(lib_a-nano-freer.o)
 .ARM.attributes
                0x0000000000000600       0x2e /home/wetfloor/eclipse/gnu-mcu-eclipse/arm-none-eabi-gcc/7.2.1-1.1-20180401-0515/bin/../lib/gcc/arm-none-eabi/7.2.1/../../../../arm-none-eabi/lib/thumb/v7e-m/libg_nano.a(lib_a-nano-mallocr.o)
 .ARM.attributes
                0x000000000000062e       0x2e /home/wetfloor/eclipse/gnu-mcu-eclipse/arm-none-eabi-gcc/7.2.1-1.1-20180401-0515/bin/../lib/gcc/arm-none-eabi/7.2.1/../../../../arm-none-eabi/lib/thumb/v7e-m/libg_nano.a(lib_a-sbrkr.o)
 .ARM.attributes
                0x000000000000065c       0x1c /home/wetfloor/eclipse/gnu-mcu-eclipse/arm-none-eabi-gcc/7.2.1-1.1-20180401-0515/bin/../lib/gcc/arm-none-eabi/7.2.1/../../../../arm-none-eabi/lib/thumb/v7e-m/libg_nano.a(lib_a-strcmp.o)
 .ARM.attributes
                0x0000000000000678       0x17 /home/wetfloor/eclipse/gnu-mcu-eclipse/arm-none-eabi-gcc/7.2.1-1.1-20180401-0515/bin/../lib/gcc/arm-none-eabi/7.2.1/../../../../arm-none-eabi/lib/thumb/v7e-m/libg_nano.a(lib_a-strlen.o)
 .ARM.attributes
                0x000000000000068f       0x2e /home/wetfloor/eclipse/gnu-mcu-eclipse/arm-none-eabi-gcc/7.2.1-1.1-20180401-0515/bin/../lib/gcc/arm-none-eabi/7.2.1/../../../../arm-none-eabi/lib/thumb/v7e-m/libg_nano.a(lib_a-vsnprintf.o)
 .ARM.attributes
                0x00000000000006bd       0x2e /home/wetfloor/eclipse/gnu-mcu-eclipse/arm-none-eabi-gcc/7.2.1-1.1-20180401-0515/bin/../lib/gcc/arm-none-eabi/7.2.1/../../../../arm-none-eabi/lib/thumb/v7e-m/libg_nano.a(lib_a-mlock.o)
 .ARM.attributes
                0x00000000000006eb       0x2e /home/wetfloor/eclipse/gnu-mcu-eclipse/arm-none-eabi-gcc/7.2.1-1.1-20180401-0515/bin/../lib/gcc/arm-none-eabi/7.2.1/../../../../arm-none-eabi/lib/thumb/v7e-m/libg_nano.a(lib_a-nano-svfprintf.o)
 .ARM.attributes
                0x0000000000000719       0x2e /home/wetfloor/eclipse/gnu-mcu-eclipse/arm-none-eabi-gcc/7.2.1-1.1-20180401-0515/bin/../lib/gcc/arm-none-eabi/7.2.1/../../../../arm-none-eabi/lib/thumb/v7e-m/libg_nano.a(lib_a-nano-vfprintf_i.o)
 .ARM.attributes
                0x0000000000000747       0x1c /home/wetfloor/eclipse/gnu-mcu-eclipse/arm-none-eabi-gcc/7.2.1-1.1-20180401-0515/bin/../lib/gcc/arm-none-eabi/7.2.1/../../../../arm-none-eabi/lib/thumb/v7e-m/libg_nano.a(lib_a-memchr.o)
 .ARM.attributes
                0x0000000000000763       0x2e /home/wetfloor/eclipse/gnu-mcu-eclipse/arm-none-eabi-gcc/7.2.1-1.1-20180401-0515/bin/../lib/gcc/arm-none-eabi/7.2.1/../../../../arm-none-eabi/lib/thumb/v7e-m/libg_nano.a(lib_a-memcpy-stub.o)
 .ARM.attributes
                0x0000000000000791       0x2e /home/wetfloor/eclipse/gnu-mcu-eclipse/arm-none-eabi-gcc/7.2.1-1.1-20180401-0515/bin/../lib/gcc/arm-none-eabi/7.2.1/../../../../arm-none-eabi/lib/thumb/v7e-m/libg_nano.a(lib_a-memmove.o)
 .ARM.attributes
                0x00000000000007bf       0x2e /home/wetfloor/eclipse/gnu-mcu-eclipse/arm-none-eabi-gcc/7.2.1-1.1-20180401-0515/bin/../lib/gcc/arm-none-eabi/7.2.1/../../../../arm-none-eabi/lib/thumb/v7e-m/libg_nano.a(lib_a-nano-reallocr.o)
 .ARM.attributes
                0x00000000000007ed       0x2e /home/wetfloor/eclipse/gnu-mcu-eclipse/arm-none-eabi-gcc/7.2.1-1.1-20180401-0515/bin/../lib/gcc/arm-none-eabi/7.2.1/../../../../arm-none-eabi/lib/thumb/v7e-m/libg_nano.a(lib_a-nano-msizer.o)

.debug
 *(.debug)

.line
 *(.line)

.debug_srcinfo
 *(.debug_srcinfo)

.debug_sfnames
 *(.debug_sfnames)

.debug_aranges  0x0000000000000000      0x5f0
 *(.debug_aranges)
 .debug_aranges
                0x0000000000000000       0xc0 ./system/src/stm32f4-hal/stm32f4xx_hal.o
 .debug_aranges
                0x00000000000000c0       0x98 ./system/src/stm32f4-hal/stm32f4xx_hal_cortex.o
 .debug_aranges
                0x0000000000000158       0x88 ./system/src/stm32f4-hal/stm32f4xx_hal_rcc.o
 .debug_aranges
                0x00000000000001e0       0x28 ./system/src/newlib/_cxx.o
 .debug_aranges
                0x0000000000000208       0x28 ./system/src/newlib/_exit.o
 .debug_aranges
                0x0000000000000230       0x20 ./system/src/newlib/_sbrk.o
 .debug_aranges
                0x0000000000000250       0x40 ./system/src/newlib/_startup.o
 .debug_aranges
                0x0000000000000290       0x30 ./system/src/newlib/_syscalls.o
 .debug_aranges
                0x00000000000002c0       0x28 ./system/src/newlib/assert.o
 .debug_aranges
                0x00000000000002e8       0x38 ./system/src/diag/Trace.o
 .debug_aranges
                0x0000000000000320       0x30 ./system/src/diag/trace_impl.o
 .debug_aranges
                0x0000000000000350       0x28 ./system/src/cortexm/_initialize_hardware.o
 .debug_aranges
                0x0000000000000378       0x90 ./system/src/cortexm/exception_handlers.o
 .debug_aranges
                0x0000000000000408       0x28 ./system/src/cmsis/system_stm32f4xx.o
 .debug_aranges
                0x0000000000000430       0x20 ./system/src/cmsis/vectors_stm32f407xx.o
 .debug_aranges
                0x0000000000000450       0x40 ./src/Amp.o
 .debug_aranges
                0x0000000000000490       0x70 ./src/Generator.o
 .debug_aranges
                0x0000000000000500       0x40 ./src/Module.o
 .debug_aranges
                0x0000000000000540       0x30 ./src/Wire.o
 .debug_aranges
                0x0000000000000570       0x28 ./src/_initialize_hardware.o
 .debug_aranges
                0x0000000000000598       0x20 ./src/main.o
 .debug_aranges
                0x00000000000005b8       0x38 ./src/stm32f4xx_hal_msp.o

.debug_pubnames
 *(.debug_pubnames)

.debug_info     0x0000000000000000    0x131cb
 *(.debug_info .gnu.linkonce.wi.*)
 .debug_info    0x0000000000000000     0x10f0 ./system/src/stm32f4-hal/stm32f4xx_hal.o
 .debug_info    0x00000000000010f0     0x18f9 ./system/src/stm32f4-hal/stm32f4xx_hal_cortex.o
 .debug_info    0x00000000000029e9     0x1754 ./system/src/stm32f4-hal/stm32f4xx_hal_rcc.o
 .debug_info    0x000000000000413d      0xfbe ./system/src/newlib/_cxx.o
 .debug_info    0x00000000000050fb      0x956 ./system/src/newlib/_exit.o
 .debug_info    0x0000000000005a51      0x942 ./system/src/newlib/_sbrk.o
 .debug_info    0x0000000000006393      0x4bf ./system/src/newlib/_startup.o
 .debug_info    0x0000000000006852      0xa19 ./system/src/newlib/_syscalls.o
 .debug_info    0x000000000000726b      0x9ff ./system/src/newlib/assert.o
 .debug_info    0x0000000000007c6a      0xb2a ./system/src/diag/Trace.o
 .debug_info    0x0000000000008794      0xb6b ./system/src/diag/trace_impl.o
 .debug_info    0x00000000000092ff      0xade ./system/src/cortexm/_initialize_hardware.o
 .debug_info    0x0000000000009ddd     0x115a ./system/src/cortexm/exception_handlers.o
 .debug_info    0x000000000000af37      0xcd4 ./system/src/cmsis/system_stm32f4xx.o
 .debug_info    0x000000000000bc0b       0xca ./system/src/cmsis/vectors_stm32f407xx.o
 .debug_info    0x000000000000bcd5      0xeb6 ./src/Amp.o
 .debug_info    0x000000000000cb8b     0x1086 ./src/Generator.o
 .debug_info    0x000000000000dc11      0xd23 ./src/Module.o
 .debug_info    0x000000000000e934      0xdd8 ./src/Wire.o
 .debug_info    0x000000000000f70c      0xd08 ./src/_initialize_hardware.o
 .debug_info    0x0000000000010414     0x24a8 ./src/main.o
 .debug_info    0x00000000000128bc      0x90f ./src/stm32f4xx_hal_msp.o

.debug_abbrev   0x0000000000000000     0x3e3d
 *(.debug_abbrev)
 .debug_abbrev  0x0000000000000000      0x32b ./system/src/stm32f4-hal/stm32f4xx_hal.o
 .debug_abbrev  0x000000000000032b      0x3f1 ./system/src/stm32f4-hal/stm32f4xx_hal_cortex.o
 .debug_abbrev  0x000000000000071c      0x394 ./system/src/stm32f4-hal/stm32f4xx_hal_rcc.o
 .debug_abbrev  0x0000000000000ab0      0x304 ./system/src/newlib/_cxx.o
 .debug_abbrev  0x0000000000000db4      0x1f3 ./system/src/newlib/_exit.o
 .debug_abbrev  0x0000000000000fa7      0x1fc ./system/src/newlib/_sbrk.o
 .debug_abbrev  0x00000000000011a3      0x1cb ./system/src/newlib/_startup.o
 .debug_abbrev  0x000000000000136e      0x234 ./system/src/newlib/_syscalls.o
 .debug_abbrev  0x00000000000015a2      0x1f3 ./system/src/newlib/assert.o
 .debug_abbrev  0x0000000000001795      0x276 ./system/src/diag/Trace.o
 .debug_abbrev  0x0000000000001a0b      0x2ef ./system/src/diag/trace_impl.o
 .debug_abbrev  0x0000000000001cfa      0x1de ./system/src/cortexm/_initialize_hardware.o
 .debug_abbrev  0x0000000000001ed8      0x32b ./system/src/cortexm/exception_handlers.o
 .debug_abbrev  0x0000000000002203      0x216 ./system/src/cmsis/system_stm32f4xx.o
 .debug_abbrev  0x0000000000002419       0x9d ./system/src/cmsis/vectors_stm32f407xx.o
 .debug_abbrev  0x00000000000024b6      0x4f0 ./src/Amp.o
 .debug_abbrev  0x00000000000029a6      0x4b0 ./src/Generator.o
 .debug_abbrev  0x0000000000002e56      0x3a8 ./src/Module.o
 .debug_abbrev  0x00000000000031fe      0x3af ./src/Wire.o
 .debug_abbrev  0x00000000000035ad      0x22d ./src/_initialize_hardware.o
 .debug_abbrev  0x00000000000037da      0x4b2 ./src/main.o
 .debug_abbrev  0x0000000000003c8c      0x1b1 ./src/stm32f4xx_hal_msp.o

.debug_line     0x0000000000000000     0xcbb7
 *(.debug_line)
 .debug_line    0x0000000000000000      0xc34 ./system/src/stm32f4-hal/stm32f4xx_hal.o
 .debug_line    0x0000000000000c34      0xd2b ./system/src/stm32f4-hal/stm32f4xx_hal_cortex.o
 .debug_line    0x000000000000195f      0xeb6 ./system/src/stm32f4-hal/stm32f4xx_hal_rcc.o
 .debug_line    0x0000000000002815      0x586 ./system/src/newlib/_cxx.o
 .debug_line    0x0000000000002d9b      0x3b7 ./system/src/newlib/_exit.o
 .debug_line    0x0000000000003152      0x36f ./system/src/newlib/_sbrk.o
 .debug_line    0x00000000000034c1      0x437 ./system/src/newlib/_startup.o
 .debug_line    0x00000000000038f8      0x485 ./system/src/newlib/_syscalls.o
 .debug_line    0x0000000000003d7d      0x3f2 ./system/src/newlib/assert.o
 .debug_line    0x000000000000416f      0x433 ./system/src/diag/Trace.o
 .debug_line    0x00000000000045a2      0xb5f ./system/src/diag/trace_impl.o
 .debug_line    0x0000000000005101      0xad0 ./system/src/cortexm/_initialize_hardware.o
 .debug_line    0x0000000000005bd1      0xc12 ./system/src/cortexm/exception_handlers.o
 .debug_line    0x00000000000067e3      0xad6 ./system/src/cmsis/system_stm32f4xx.o
 .debug_line    0x00000000000072b9      0x119 ./system/src/cmsis/vectors_stm32f407xx.o
 .debug_line    0x00000000000073d2      0xcfc ./src/Amp.o
 .debug_line    0x00000000000080ce      0xd5d ./src/Generator.o
 .debug_line    0x0000000000008e2b      0xcef ./src/Module.o
 .debug_line    0x0000000000009b1a      0xccb ./src/Wire.o
 .debug_line    0x000000000000a7e5      0xac7 ./src/_initialize_hardware.o
 .debug_line    0x000000000000b2ac      0xe41 ./src/main.o
 .debug_line    0x000000000000c0ed      0xaca ./src/stm32f4xx_hal_msp.o

.debug_frame    0x0000000000000000      0xec8
 *(.debug_frame)
 .debug_frame   0x0000000000000000      0x188 ./system/src/stm32f4-hal/stm32f4xx_hal.o
 .debug_frame   0x0000000000000188      0x17c ./system/src/stm32f4-hal/stm32f4xx_hal_cortex.o
 .debug_frame   0x0000000000000304      0x140 ./system/src/stm32f4-hal/stm32f4xx_hal_rcc.o
 .debug_frame   0x0000000000000444       0x40 ./system/src/newlib/_cxx.o
 .debug_frame   0x0000000000000484       0x38 ./system/src/newlib/_exit.o
 .debug_frame   0x00000000000004bc       0x28 ./system/src/newlib/_sbrk.o
 .debug_frame   0x00000000000004e4       0x7c ./system/src/newlib/_startup.o
 .debug_frame   0x0000000000000560       0x50 ./system/src/newlib/_syscalls.o
 .debug_frame   0x00000000000005b0       0x40 ./system/src/newlib/assert.o
 .debug_frame   0x00000000000005f0       0x94 ./system/src/diag/Trace.o
 .debug_frame   0x0000000000000684       0x64 ./system/src/diag/trace_impl.o
 .debug_frame   0x00000000000006e8       0x40 ./system/src/cortexm/_initialize_hardware.o
 .debug_frame   0x0000000000000728      0x158 ./system/src/cortexm/exception_handlers.o
 .debug_frame   0x0000000000000880       0x30 ./system/src/cmsis/system_stm32f4xx.o
 .debug_frame   0x00000000000008b0       0x20 ./system/src/cmsis/vectors_stm32f407xx.o
 .debug_frame   0x00000000000008d0       0x74 ./src/Amp.o
 .debug_frame   0x0000000000000944       0xe4 ./src/Generator.o
 .debug_frame   0x0000000000000a28       0x60 ./src/Module.o
 .debug_frame   0x0000000000000a88       0x64 ./src/Wire.o
 .debug_frame   0x0000000000000aec       0x48 ./src/_initialize_hardware.o
 .debug_frame   0x0000000000000b34       0x2c ./src/main.o
 .debug_frame   0x0000000000000b60       0x50 ./src/stm32f4xx_hal_msp.o
 .debug_frame   0x0000000000000bb0       0x20 /home/wetfloor/eclipse/gnu-mcu-eclipse/arm-none-eabi-gcc/7.2.1-1.1-20180401-0515/bin/../lib/gcc/arm-none-eabi/7.2.1/../../../../arm-none-eabi/lib/thumb/v7e-m/libg_nano.a(lib_a-errno.o)
 .debug_frame   0x0000000000000bd0       0x30 /home/wetfloor/eclipse/gnu-mcu-eclipse/arm-none-eabi-gcc/7.2.1-1.1-20180401-0515/bin/../lib/gcc/arm-none-eabi/7.2.1/../../../../arm-none-eabi/lib/thumb/v7e-m/libg_nano.a(lib_a-malloc.o)
 .debug_frame   0x0000000000000c00       0x38 /home/wetfloor/eclipse/gnu-mcu-eclipse/arm-none-eabi-gcc/7.2.1-1.1-20180401-0515/bin/../lib/gcc/arm-none-eabi/7.2.1/../../../../arm-none-eabi/lib/thumb/v7e-m/libg_nano.a(lib_a-nano-freer.o)
 .debug_frame   0x0000000000000c38       0x2c /home/wetfloor/eclipse/gnu-mcu-eclipse/arm-none-eabi-gcc/7.2.1-1.1-20180401-0515/bin/../lib/gcc/arm-none-eabi/7.2.1/../../../../arm-none-eabi/lib/thumb/v7e-m/libg_nano.a(lib_a-nano-mallocr.o)
 .debug_frame   0x0000000000000c64       0x2c /home/wetfloor/eclipse/gnu-mcu-eclipse/arm-none-eabi-gcc/7.2.1-1.1-20180401-0515/bin/../lib/gcc/arm-none-eabi/7.2.1/../../../../arm-none-eabi/lib/thumb/v7e-m/libg_nano.a(lib_a-sbrkr.o)
 .debug_frame   0x0000000000000c90       0x20 /home/wetfloor/eclipse/gnu-mcu-eclipse/arm-none-eabi-gcc/7.2.1-1.1-20180401-0515/bin/../lib/gcc/arm-none-eabi/7.2.1/../../../../arm-none-eabi/lib/thumb/v7e-m/libg_nano.a(lib_a-strcmp.o)
 .debug_frame   0x0000000000000cb0       0x4c /home/wetfloor/eclipse/gnu-mcu-eclipse/arm-none-eabi-gcc/7.2.1-1.1-20180401-0515/bin/../lib/gcc/arm-none-eabi/7.2.1/../../../../arm-none-eabi/lib/thumb/v7e-m/libg_nano.a(lib_a-vsnprintf.o)
 .debug_frame   0x0000000000000cfc       0x30 /home/wetfloor/eclipse/gnu-mcu-eclipse/arm-none-eabi-gcc/7.2.1-1.1-20180401-0515/bin/../lib/gcc/arm-none-eabi/7.2.1/../../../../arm-none-eabi/lib/thumb/v7e-m/libg_nano.a(lib_a-mlock.o)
 .debug_frame   0x0000000000000d2c       0x90 /home/wetfloor/eclipse/gnu-mcu-eclipse/arm-none-eabi-gcc/7.2.1-1.1-20180401-0515/bin/../lib/gcc/arm-none-eabi/7.2.1/../../../../arm-none-eabi/lib/thumb/v7e-m/libg_nano.a(lib_a-nano-svfprintf.o)
 .debug_frame   0x0000000000000dbc       0x60 /home/wetfloor/eclipse/gnu-mcu-eclipse/arm-none-eabi-gcc/7.2.1-1.1-20180401-0515/bin/../lib/gcc/arm-none-eabi/7.2.1/../../../../arm-none-eabi/lib/thumb/v7e-m/libg_nano.a(lib_a-nano-vfprintf_i.o)
 .debug_frame   0x0000000000000e1c       0x28 /home/wetfloor/eclipse/gnu-mcu-eclipse/arm-none-eabi-gcc/7.2.1-1.1-20180401-0515/bin/../lib/gcc/arm-none-eabi/7.2.1/../../../../arm-none-eabi/lib/thumb/v7e-m/libg_nano.a(lib_a-memcpy-stub.o)
 .debug_frame   0x0000000000000e44       0x28 /home/wetfloor/eclipse/gnu-mcu-eclipse/arm-none-eabi-gcc/7.2.1-1.1-20180401-0515/bin/../lib/gcc/arm-none-eabi/7.2.1/../../../../arm-none-eabi/lib/thumb/v7e-m/libg_nano.a(lib_a-memmove.o)
 .debug_frame   0x0000000000000e6c       0x3c /home/wetfloor/eclipse/gnu-mcu-eclipse/arm-none-eabi-gcc/7.2.1-1.1-20180401-0515/bin/../lib/gcc/arm-none-eabi/7.2.1/../../../../arm-none-eabi/lib/thumb/v7e-m/libg_nano.a(lib_a-nano-reallocr.o)
 .debug_frame   0x0000000000000ea8       0x20 /home/wetfloor/eclipse/gnu-mcu-eclipse/arm-none-eabi-gcc/7.2.1-1.1-20180401-0515/bin/../lib/gcc/arm-none-eabi/7.2.1/../../../../arm-none-eabi/lib/thumb/v7e-m/libg_nano.a(lib_a-nano-msizer.o)

.debug_str      0x0000000000000000    0x9ec59
 *(.debug_str)
 .debug_str     0x0000000000000000    0x97c57 ./system/src/stm32f4-hal/stm32f4xx_hal.o
                                      0x980bf (size before relaxing)
 .debug_str     0x0000000000097c57      0x396 ./system/src/stm32f4-hal/stm32f4xx_hal_cortex.o
                                      0x97f3b (size before relaxing)
 .debug_str     0x0000000000097fed      0x400 ./system/src/stm32f4-hal/stm32f4xx_hal_rcc.o
                                      0x97ada (size before relaxing)
 .debug_str     0x00000000000983ed     0x2fe4 ./system/src/newlib/_cxx.o
                                       0x9bdc (size before relaxing)
 .debug_str     0x000000000009b3d1       0x28 ./system/src/newlib/_exit.o
                                       0x7f27 (size before relaxing)
 .debug_str     0x000000000009b3f9      0x4ed ./system/src/newlib/_sbrk.o
                                       0x72d9 (size before relaxing)
 .debug_str     0x000000000009b8e6      0x2c6 ./system/src/newlib/_startup.o
                                       0x6a7a (size before relaxing)
 .debug_str     0x000000000009bbac      0xdec ./system/src/newlib/_syscalls.o
                                       0x8122 (size before relaxing)
 .debug_str     0x000000000009c998       0xd0 ./system/src/newlib/assert.o
                                       0x8a2c (size before relaxing)
 .debug_str     0x000000000009ca68      0x176 ./system/src/diag/Trace.o
                                       0x869f (size before relaxing)
 .debug_str     0x000000000009cbde      0x37b ./system/src/diag/trace_impl.o
                                      0x98869 (size before relaxing)
 .debug_str     0x000000000009cf59       0x5e ./system/src/cortexm/_initialize_hardware.o
                                      0x975fb (size before relaxing)
 .debug_str     0x000000000009cfb7      0x19d ./system/src/cortexm/exception_handlers.o
                                      0x989f3 (size before relaxing)
 .debug_str     0x000000000009d154       0x46 ./system/src/cmsis/system_stm32f4xx.o
                                      0x976ca (size before relaxing)
 .debug_str     0x000000000009d19a       0x59 ./system/src/cmsis/vectors_stm32f407xx.o
                                       0x3889 (size before relaxing)
 .debug_str     0x000000000009d1f3      0x3ff ./src/Amp.o
                                      0x992e4 (size before relaxing)
 .debug_str     0x000000000009d5f2      0x241 ./src/Generator.o
                                      0x99462 (size before relaxing)
 .debug_str     0x000000000009d833       0x36 ./src/Module.o
                                      0x991e5 (size before relaxing)
 .debug_str     0x000000000009d869       0xfb ./src/Wire.o
                                      0x9925c (size before relaxing)
 .debug_str     0x000000000009d964       0x31 ./src/_initialize_hardware.o
                                      0x977e0 (size before relaxing)
 .debug_str     0x000000000009d995     0x1287 ./src/main.o
                                      0x9b815 (size before relaxing)
 .debug_str     0x000000000009ec1c       0x3d ./src/stm32f4xx_hal_msp.o
                                      0x97543 (size before relaxing)

.debug_loc      0x0000000000000000     0x1bff
 *(.debug_loc)
 .debug_loc     0x0000000000000000       0x92 ./system/src/stm32f4-hal/stm32f4xx_hal.o
 .debug_loc     0x0000000000000092      0x73b ./system/src/stm32f4-hal/stm32f4xx_hal_cortex.o
 .debug_loc     0x00000000000007cd      0x50a ./system/src/stm32f4-hal/stm32f4xx_hal_rcc.o
 .debug_loc     0x0000000000000cd7       0x85 ./system/src/newlib/_sbrk.o
 .debug_loc     0x0000000000000d5c      0x2cb ./system/src/newlib/_startup.o
 .debug_loc     0x0000000000001027       0x63 ./system/src/newlib/_syscalls.o
 .debug_loc     0x000000000000108a      0x134 ./system/src/newlib/assert.o
 .debug_loc     0x00000000000011be       0xf6 ./system/src/diag/Trace.o
 .debug_loc     0x00000000000012b4      0x121 ./system/src/diag/trace_impl.o
 .debug_loc     0x00000000000013d5      0x291 ./system/src/cortexm/exception_handlers.o
 .debug_loc     0x0000000000001666      0x13e ./system/src/cmsis/system_stm32f4xx.o
 .debug_loc     0x00000000000017a4       0xa5 ./src/Amp.o
 .debug_loc     0x0000000000001849      0x14d ./src/Generator.o
 .debug_loc     0x0000000000001996       0xb0 ./src/Module.o
 .debug_loc     0x0000000000001a46      0x177 ./src/Wire.o
 .debug_loc     0x0000000000001bbd       0x42 ./src/main.o

.debug_macinfo
 *(.debug_macinfo)

.debug_weaknames
 *(.debug_weaknames)

.debug_funcnames
 *(.debug_funcnames)

.debug_typenames
 *(.debug_typenames)

.debug_varnames
 *(.debug_varnames)
OUTPUT(WeirdProj.elf elf32-littlearm)

.debug_ranges   0x0000000000000000      0x598
 .debug_ranges  0x0000000000000000       0xb0 ./system/src/stm32f4-hal/stm32f4xx_hal.o
 .debug_ranges  0x00000000000000b0       0xe8 ./system/src/stm32f4-hal/stm32f4xx_hal_cortex.o
 .debug_ranges  0x0000000000000198       0x78 ./system/src/stm32f4-hal/stm32f4xx_hal_rcc.o
 .debug_ranges  0x0000000000000210       0x18 ./system/src/newlib/_cxx.o
 .debug_ranges  0x0000000000000228       0x18 ./system/src/newlib/_exit.o
 .debug_ranges  0x0000000000000240       0x10 ./system/src/newlib/_sbrk.o
 .debug_ranges  0x0000000000000250       0x90 ./system/src/newlib/_startup.o
 .debug_ranges  0x00000000000002e0       0x20 ./system/src/newlib/_syscalls.o
 .debug_ranges  0x0000000000000300       0x18 ./system/src/newlib/assert.o
 .debug_ranges  0x0000000000000318       0x28 ./system/src/diag/Trace.o
 .debug_ranges  0x0000000000000340       0x50 ./system/src/diag/trace_impl.o
 .debug_ranges  0x0000000000000390       0x18 ./system/src/cortexm/_initialize_hardware.o
 .debug_ranges  0x00000000000003a8       0x80 ./system/src/cortexm/exception_handlers.o
 .debug_ranges  0x0000000000000428       0x18 ./system/src/cmsis/system_stm32f4xx.o
 .debug_ranges  0x0000000000000440       0x10 ./system/src/cmsis/vectors_stm32f407xx.o
 .debug_ranges  0x0000000000000450       0x30 ./src/Amp.o
 .debug_ranges  0x0000000000000480       0x78 ./src/Generator.o
 .debug_ranges  0x00000000000004f8       0x30 ./src/Module.o
 .debug_ranges  0x0000000000000528       0x20 ./src/Wire.o
 .debug_ranges  0x0000000000000548       0x18 ./src/_initialize_hardware.o
 .debug_ranges  0x0000000000000560       0x10 ./src/main.o
 .debug_ranges  0x0000000000000570       0x28 ./src/stm32f4xx_hal_msp.o

.debug_macro    0x0000000000000000    0x20807
 .debug_macro   0x0000000000000000      0x558 ./system/src/stm32f4-hal/stm32f4xx_hal.o
 .debug_macro   0x0000000000000558      0xa6c ./system/src/stm32f4-hal/stm32f4xx_hal.o
 .debug_macro   0x0000000000000fc4      0x289 ./system/src/stm32f4-hal/stm32f4xx_hal.o
 .debug_macro   0x000000000000124d       0x31 ./system/src/stm32f4-hal/stm32f4xx_hal.o
 .debug_macro   0x000000000000127e       0x28 ./system/src/stm32f4-hal/stm32f4xx_hal.o
 .debug_macro   0x00000000000012a6      0x34e ./system/src/stm32f4-hal/stm32f4xx_hal.o
 .debug_macro   0x00000000000015f4       0x35 ./system/src/stm32f4-hal/stm32f4xx_hal.o
 .debug_macro   0x0000000000001629       0x50 ./system/src/stm32f4-hal/stm32f4xx_hal.o
 .debug_macro   0x0000000000001679      0xe66 ./system/src/stm32f4-hal/stm32f4xx_hal.o
 .debug_macro   0x00000000000024df     0x93f9 ./system/src/stm32f4-hal/stm32f4xx_hal.o
 .debug_macro   0x000000000000b8d8       0x43 ./system/src/stm32f4-hal/stm32f4xx_hal.o
 .debug_macro   0x000000000000b91b     0x347f ./system/src/stm32f4-hal/stm32f4xx_hal.o
 .debug_macro   0x000000000000ed9a       0x22 ./system/src/stm32f4-hal/stm32f4xx_hal.o
 .debug_macro   0x000000000000edbc       0x5e ./system/src/stm32f4-hal/stm32f4xx_hal.o
 .debug_macro   0x000000000000ee1a       0x17 ./system/src/stm32f4-hal/stm32f4xx_hal.o
 .debug_macro   0x000000000000ee31       0x8d ./system/src/stm32f4-hal/stm32f4xx_hal.o
 .debug_macro   0x000000000000eebe       0x35 ./system/src/stm32f4-hal/stm32f4xx_hal.o
 .debug_macro   0x000000000000eef3       0x9c ./system/src/stm32f4-hal/stm32f4xx_hal.o
 .debug_macro   0x000000000000ef8f       0x16 ./system/src/stm32f4-hal/stm32f4xx_hal.o
 .debug_macro   0x000000000000efa5       0x57 ./system/src/stm32f4-hal/stm32f4xx_hal.o
 .debug_macro   0x000000000000effc       0x97 ./system/src/stm32f4-hal/stm32f4xx_hal.o
 .debug_macro   0x000000000000f093      0x330 ./system/src/stm32f4-hal/stm32f4xx_hal.o
 .debug_macro   0x000000000000f3c3       0xfd ./system/src/stm32f4-hal/stm32f4xx_hal.o
 .debug_macro   0x000000000000f4c0       0x10 ./system/src/stm32f4-hal/stm32f4xx_hal.o
 .debug_macro   0x000000000000f4d0       0x58 ./system/src/stm32f4-hal/stm32f4xx_hal.o
 .debug_macro   0x000000000000f528       0x1f ./system/src/stm32f4-hal/stm32f4xx_hal.o
 .debug_macro   0x000000000000f547       0x43 ./system/src/stm32f4-hal/stm32f4xx_hal.o
 .debug_macro   0x000000000000f58a       0x20 ./system/src/stm32f4-hal/stm32f4xx_hal.o
 .debug_macro   0x000000000000f5aa      0x18e ./system/src/stm32f4-hal/stm32f4xx_hal.o
 .debug_macro   0x000000000000f738       0x10 ./system/src/stm32f4-hal/stm32f4xx_hal.o
 .debug_macro   0x000000000000f748       0x6a ./system/src/stm32f4-hal/stm32f4xx_hal.o
 .debug_macro   0x000000000000f7b2       0x1c ./system/src/stm32f4-hal/stm32f4xx_hal.o
 .debug_macro   0x000000000000f7ce       0x52 ./system/src/stm32f4-hal/stm32f4xx_hal.o
 .debug_macro   0x000000000000f820       0x40 ./system/src/stm32f4-hal/stm32f4xx_hal.o
 .debug_macro   0x000000000000f860       0x10 ./system/src/stm32f4-hal/stm32f4xx_hal.o
 .debug_macro   0x000000000000f870       0x40 ./system/src/stm32f4-hal/stm32f4xx_hal.o
 .debug_macro   0x000000000000f8b0       0xd7 ./system/src/stm32f4-hal/stm32f4xx_hal.o
 .debug_macro   0x000000000000f987       0x1c ./system/src/stm32f4-hal/stm32f4xx_hal.o
 .debug_macro   0x000000000000f9a3       0x3d ./system/src/stm32f4-hal/stm32f4xx_hal.o
 .debug_macro   0x000000000000f9e0       0x16 ./system/src/stm32f4-hal/stm32f4xx_hal.o
 .debug_macro   0x000000000000f9f6      0x16f ./system/src/stm32f4-hal/stm32f4xx_hal.o
 .debug_macro   0x000000000000fb65       0x57 ./system/src/stm32f4-hal/stm32f4xx_hal.o
 .debug_macro   0x000000000000fbbc      0x964 ./system/src/stm32f4-hal/stm32f4xx_hal.o
 .debug_macro   0x0000000000010520      0x9e1 ./system/src/stm32f4-hal/stm32f4xx_hal.o
 .debug_macro   0x0000000000010f01      0x11e ./system/src/stm32f4-hal/stm32f4xx_hal.o
 .debug_macro   0x000000000001101f      0x13e ./system/src/stm32f4-hal/stm32f4xx_hal.o
 .debug_macro   0x000000000001115d       0x27 ./system/src/stm32f4-hal/stm32f4xx_hal.o
 .debug_macro   0x0000000000011184      0x287 ./system/src/stm32f4-hal/stm32f4xx_hal.o
 .debug_macro   0x000000000001140b       0x5f ./system/src/stm32f4-hal/stm32f4xx_hal.o
 .debug_macro   0x000000000001146a      0x23a ./system/src/stm32f4-hal/stm32f4xx_hal.o
 .debug_macro   0x00000000000116a4      0x391 ./system/src/stm32f4-hal/stm32f4xx_hal.o
 .debug_macro   0x0000000000011a35      0x16f ./system/src/stm32f4-hal/stm32f4xx_hal.o
 .debug_macro   0x0000000000011ba4       0xf9 ./system/src/stm32f4-hal/stm32f4xx_hal.o
 .debug_macro   0x0000000000011c9d      0x36e ./system/src/stm32f4-hal/stm32f4xx_hal.o
 .debug_macro   0x000000000001200b       0x23 ./system/src/stm32f4-hal/stm32f4xx_hal.o
 .debug_macro   0x000000000001202e       0xe6 ./system/src/stm32f4-hal/stm32f4xx_hal.o
 .debug_macro   0x0000000000012114       0xa1 ./system/src/stm32f4-hal/stm32f4xx_hal.o
 .debug_macro   0x00000000000121b5       0x3c ./system/src/stm32f4-hal/stm32f4xx_hal.o
 .debug_macro   0x00000000000121f1       0x1f ./system/src/stm32f4-hal/stm32f4xx_hal.o
 .debug_macro   0x0000000000012210      0x1cd ./system/src/stm32f4-hal/stm32f4xx_hal.o
 .debug_macro   0x00000000000123dd      0xcd6 ./system/src/stm32f4-hal/stm32f4xx_hal.o
 .debug_macro   0x00000000000130b3      0x13a ./system/src/stm32f4-hal/stm32f4xx_hal.o
 .debug_macro   0x00000000000131ed      0x21e ./system/src/stm32f4-hal/stm32f4xx_hal.o
 .debug_macro   0x000000000001340b       0x2e ./system/src/stm32f4-hal/stm32f4xx_hal.o
 .debug_macro   0x0000000000013439      0x543 ./system/src/stm32f4-hal/stm32f4xx_hal.o
 .debug_macro   0x000000000001397c       0x88 ./system/src/stm32f4-hal/stm32f4xx_hal.o
 .debug_macro   0x0000000000013a04       0xd5 ./system/src/stm32f4-hal/stm32f4xx_hal.o
 .debug_macro   0x0000000000013ad9      0x183 ./system/src/stm32f4-hal/stm32f4xx_hal.o
 .debug_macro   0x0000000000013c5c      0x1a7 ./system/src/stm32f4-hal/stm32f4xx_hal.o
 .debug_macro   0x0000000000013e03       0xa5 ./system/src/stm32f4-hal/stm32f4xx_hal.o
 .debug_macro   0x0000000000013ea8      0x18b ./system/src/stm32f4-hal/stm32f4xx_hal.o
 .debug_macro   0x0000000000014033       0x24 ./system/src/stm32f4-hal/stm32f4xx_hal.o
 .debug_macro   0x0000000000014057       0x35 ./system/src/stm32f4-hal/stm32f4xx_hal.o
 .debug_macro   0x000000000001408c       0x79 ./system/src/stm32f4-hal/stm32f4xx_hal.o
 .debug_macro   0x0000000000014105      0x11e ./system/src/stm32f4-hal/stm32f4xx_hal.o
 .debug_macro   0x0000000000014223       0x7f ./system/src/stm32f4-hal/stm32f4xx_hal.o
 .debug_macro   0x00000000000142a2       0x89 ./system/src/stm32f4-hal/stm32f4xx_hal.o
 .debug_macro   0x000000000001432b       0x7e ./system/src/stm32f4-hal/stm32f4xx_hal.o
 .debug_macro   0x00000000000143a9      0x31a ./system/src/stm32f4-hal/stm32f4xx_hal.o
 .debug_macro   0x00000000000146c3      0x409 ./system/src/stm32f4-hal/stm32f4xx_hal.o
 .debug_macro   0x0000000000014acc       0xe4 ./system/src/stm32f4-hal/stm32f4xx_hal.o
 .debug_macro   0x0000000000014bb0      0x48d ./system/src/stm32f4-hal/stm32f4xx_hal.o
 .debug_macro   0x000000000001503d      0x22b ./system/src/stm32f4-hal/stm32f4xx_hal.o
 .debug_macro   0x0000000000015268      0x202 ./system/src/stm32f4-hal/stm32f4xx_hal.o
 .debug_macro   0x000000000001546a      0x6d9 ./system/src/stm32f4-hal/stm32f4xx_hal.o
 .debug_macro   0x0000000000015b43       0x5b ./system/src/stm32f4-hal/stm32f4xx_hal.o
 .debug_macro   0x0000000000015b9e      0x14d ./system/src/stm32f4-hal/stm32f4xx_hal.o
 .debug_macro   0x0000000000015ceb      0x287 ./system/src/stm32f4-hal/stm32f4xx_hal.o
 .debug_macro   0x0000000000015f72      0x225 ./system/src/stm32f4-hal/stm32f4xx_hal.o
 .debug_macro   0x0000000000016197      0x1b5 ./system/src/stm32f4-hal/stm32f4xx_hal.o
 .debug_macro   0x000000000001634c      0x2db ./system/src/stm32f4-hal/stm32f4xx_hal.o
 .debug_macro   0x0000000000016627       0x89 ./system/src/stm32f4-hal/stm32f4xx_hal.o
 .debug_macro   0x00000000000166b0      0x1df ./system/src/stm32f4-hal/stm32f4xx_hal.o
 .debug_macro   0x000000000001688f      0x115 ./system/src/stm32f4-hal/stm32f4xx_hal.o
 .debug_macro   0x00000000000169a4       0x6e ./system/src/stm32f4-hal/stm32f4xx_hal.o
 .debug_macro   0x0000000000016a12      0x125 ./system/src/stm32f4-hal/stm32f4xx_hal.o
 .debug_macro   0x0000000000016b37      0x50a ./system/src/stm32f4-hal/stm32f4xx_hal_cortex.o
 .debug_macro   0x0000000000017041      0x534 ./system/src/stm32f4-hal/stm32f4xx_hal_rcc.o
 .debug_macro   0x0000000000017575      0x1f4 ./system/src/newlib/_cxx.o
 .debug_macro   0x0000000000017769      0xb20 ./system/src/newlib/_cxx.o
 .debug_macro   0x0000000000018289      0x168 ./system/src/newlib/_cxx.o
 .debug_macro   0x00000000000183f1       0x10 ./system/src/newlib/_cxx.o
 .debug_macro   0x0000000000018401      0x3f4 ./system/src/newlib/_cxx.o
 .debug_macro   0x00000000000187f5       0x10 ./system/src/newlib/_cxx.o
 .debug_macro   0x0000000000018805       0x9c ./system/src/newlib/_cxx.o
 .debug_macro   0x00000000000188a1       0x16 ./system/src/newlib/_cxx.o
 .debug_macro   0x00000000000188b7      0x10e ./system/src/newlib/_cxx.o
 .debug_macro   0x00000000000189c5       0x94 ./system/src/newlib/_cxx.o
 .debug_macro   0x0000000000018a59       0x43 ./system/src/newlib/_cxx.o
 .debug_macro   0x0000000000018a9c      0x353 ./system/src/newlib/_cxx.o
 .debug_macro   0x0000000000018def       0x16 ./system/src/newlib/_cxx.o
 .debug_macro   0x0000000000018e05       0x29 ./system/src/newlib/_cxx.o
 .debug_macro   0x0000000000018e2e       0x1c ./system/src/newlib/_cxx.o
 .debug_macro   0x0000000000018e4a       0xde ./system/src/newlib/_cxx.o
 .debug_macro   0x0000000000018f28       0x16 ./system/src/newlib/_cxx.o
 .debug_macro   0x0000000000018f3e       0x35 ./system/src/newlib/_cxx.o
 .debug_macro   0x0000000000018f73      0x51a ./system/src/newlib/_cxx.o
 .debug_macro   0x000000000001948d      0x1b4 ./system/src/newlib/_exit.o
 .debug_macro   0x0000000000019641      0x10e ./system/src/newlib/_exit.o
 .debug_macro   0x000000000001974f       0x8d ./system/src/newlib/_exit.o
 .debug_macro   0x00000000000197dc       0x35 ./system/src/newlib/_exit.o
 .debug_macro   0x0000000000019811      0x169 ./system/src/newlib/_sbrk.o
 .debug_macro   0x000000000001997a      0x174 ./system/src/newlib/_sbrk.o
 .debug_macro   0x0000000000019aee       0x10 ./system/src/newlib/_sbrk.o
 .debug_macro   0x0000000000019afe      0x23b ./system/src/newlib/_sbrk.o
 .debug_macro   0x0000000000019d39      0x173 ./system/src/newlib/_startup.o
 .debug_macro   0x0000000000019eac      0xa72 ./system/src/newlib/_startup.o
 .debug_macro   0x000000000001a91e      0x1f3 ./system/src/newlib/_syscalls.o
 .debug_macro   0x000000000001ab11       0x1c ./system/src/newlib/_syscalls.o
 .debug_macro   0x000000000001ab2d       0x10 ./system/src/newlib/_syscalls.o
 .debug_macro   0x000000000001ab3d       0x10 ./system/src/newlib/_syscalls.o
 .debug_macro   0x000000000001ab4d       0x10 ./system/src/newlib/_syscalls.o
 .debug_macro   0x000000000001ab5d       0x35 ./system/src/newlib/_syscalls.o
 .debug_macro   0x000000000001ab92      0x122 ./system/src/newlib/_syscalls.o
 .debug_macro   0x000000000001acb4       0x88 ./system/src/newlib/_syscalls.o
 .debug_macro   0x000000000001ad3c      0x10c ./system/src/newlib/_syscalls.o
 .debug_macro   0x000000000001ae48      0x189 ./system/src/newlib/_syscalls.o
 .debug_macro   0x000000000001afd1       0x16 ./system/src/newlib/_syscalls.o
 .debug_macro   0x000000000001afe7      0x1d0 ./system/src/newlib/assert.o
 .debug_macro   0x000000000001b1b7       0x1c ./system/src/newlib/assert.o
 .debug_macro   0x000000000001b1d3      0x1fb ./system/src/diag/Trace.o
 .debug_macro   0x000000000001b3ce       0x4c ./system/src/diag/Trace.o
 .debug_macro   0x000000000001b41a       0x16 ./system/src/diag/Trace.o
 .debug_macro   0x000000000001b430      0x550 ./system/src/diag/trace_impl.o
 .debug_macro   0x000000000001b980       0x22 ./system/src/diag/trace_impl.o
 .debug_macro   0x000000000001b9a2      0x514 ./system/src/cortexm/_initialize_hardware.o
 .debug_macro   0x000000000001beb6      0x57d ./system/src/cortexm/exception_handlers.o
 .debug_macro   0x000000000001c433       0x3b ./system/src/cortexm/exception_handlers.o
 .debug_macro   0x000000000001c46e      0x510 ./system/src/cmsis/system_stm32f4xx.o
 .debug_macro   0x000000000001c97e       0x34 ./system/src/cmsis/vectors_stm32f407xx.o
 .debug_macro   0x000000000001c9b2      0x56f ./src/Amp.o
 .debug_macro   0x000000000001cf21      0xe66 ./src/Amp.o
 .debug_macro   0x000000000001dd87       0x97 ./src/Amp.o
 .debug_macro   0x000000000001de1e      0x104 ./src/Amp.o
 .debug_macro   0x000000000001df22      0x137 ./src/Amp.o
 .debug_macro   0x000000000001e059      0x56f ./src/Generator.o
 .debug_macro   0x000000000001e5c8      0x565 ./src/Module.o
 .debug_macro   0x000000000001eb2d      0x579 ./src/Wire.o
 .debug_macro   0x000000000001f0a6      0x50a ./src/_initialize_hardware.o
 .debug_macro   0x000000000001f5b0      0x6a6 ./src/main.o
 .debug_macro   0x000000000001fc56       0x12 ./src/main.o
 .debug_macro   0x000000000001fc68       0x18 ./src/main.o
 .debug_macro   0x000000000001fc80      0x1da ./src/main.o
 .debug_macro   0x000000000001fe5a      0x3cd ./src/main.o
 .debug_macro   0x0000000000020227       0xd6 ./src/main.o
 .debug_macro   0x00000000000202fd      0x50a ./src/stm32f4xx_hal_msp.o
