18:13:34 **** Build of configuration Debug for project codec_driver ****
make all 
Building file: ../startup/startup_stm32f407xx.s
Invoking: MCU GCC Assembler
C:\Users\Roman\Desktop\codec_driver\Debug
arm-none-eabi-as -mcpu=cortex-m4 -mthumb -mfloat-abi=hard -mfpu=fpv4-sp-d16 -g -o "startup/startup_stm32f407xx.o" "../startup/startup_stm32f407xx.s"
Finished building: ../startup/startup_stm32f407xx.s
 
Building file: ../Src/dma.c
Invoking: MCU GCC Compiler
C:\Users\Roman\Desktop\codec_driver\Debug
arm-none-eabi-gcc -mcpu=cortex-m4 -mthumb -mfloat-abi=hard -mfpu=fpv4-sp-d16 '-D__weak=__attribute__((weak))' '-D__packed=__attribute__((__packed__))' -DUSE_HAL_DRIVER -DSTM32F407xx -I"C:/Users/Roman/Desktop/codec_driver/Inc" -I"C:/Users/Roman/Desktop/codec_driver/Drivers/STM32F4xx_HAL_Driver/Inc" -I"C:/Users/Roman/Desktop/codec_driver/Drivers/STM32F4xx_HAL_Driver/Inc/Legacy" -I"C:/Users/Roman/Desktop/codec_driver/Drivers/CMSIS/Device/ST/STM32F4xx/Include" -I"C:/Users/Roman/Desktop/codec_driver/Drivers/CMSIS/Include"  -O0 -g3 -Wall -fmessage-length=0 -ffunction-sections -c -fmessage-length=0 -MMD -MP -MF"Src/dma.d" -MT"Src/dma.o" -o "Src/dma.o" "../Src/dma.c"
Finished building: ../Src/dma.c
 
Building file: ../Src/gpio.c
Invoking: MCU GCC Compiler
C:\Users\Roman\Desktop\codec_driver\Debug
arm-none-eabi-gcc -mcpu=cortex-m4 -mthumb -mfloat-abi=hard -mfpu=fpv4-sp-d16 '-D__weak=__attribute__((weak))' '-D__packed=__attribute__((__packed__))' -DUSE_HAL_DRIVER -DSTM32F407xx -I"C:/Users/Roman/Desktop/codec_driver/Inc" -I"C:/Users/Roman/Desktop/codec_driver/Drivers/STM32F4xx_HAL_Driver/Inc" -I"C:/Users/Roman/Desktop/codec_driver/Drivers/STM32F4xx_HAL_Driver/Inc/Legacy" -I"C:/Users/Roman/Desktop/codec_driver/Drivers/CMSIS/Device/ST/STM32F4xx/Include" -I"C:/Users/Roman/Desktop/codec_driver/Drivers/CMSIS/Include"  -O0 -g3 -Wall -fmessage-length=0 -ffunction-sections -c -fmessage-length=0 -MMD -MP -MF"Src/gpio.d" -MT"Src/gpio.o" -o "Src/gpio.o" "../Src/gpio.c"
Finished building: ../Src/gpio.c
 
Building file: ../Src/i2c.c
Invoking: MCU GCC Compiler
C:\Users\Roman\Desktop\codec_driver\Debug
arm-none-eabi-gcc -mcpu=cortex-m4 -mthumb -mfloat-abi=hard -mfpu=fpv4-sp-d16 '-D__weak=__attribute__((weak))' '-D__packed=__attribute__((__packed__))' -DUSE_HAL_DRIVER -DSTM32F407xx -I"C:/Users/Roman/Desktop/codec_driver/Inc" -I"C:/Users/Roman/Desktop/codec_driver/Drivers/STM32F4xx_HAL_Driver/Inc" -I"C:/Users/Roman/Desktop/codec_driver/Drivers/STM32F4xx_HAL_Driver/Inc/Legacy" -I"C:/Users/Roman/Desktop/codec_driver/Drivers/CMSIS/Device/ST/STM32F4xx/Include" -I"C:/Users/Roman/Desktop/codec_driver/Drivers/CMSIS/Include"  -O0 -g3 -Wall -fmessage-length=0 -ffunction-sections -c -fmessage-length=0 -MMD -MP -MF"Src/i2c.d" -MT"Src/i2c.o" -o "Src/i2c.o" "../Src/i2c.c"
Finished building: ../Src/i2c.c
 
Building file: ../Src/i2s.c
Invoking: MCU GCC Compiler
C:\Users\Roman\Desktop\codec_driver\Debug
arm-none-eabi-gcc -mcpu=cortex-m4 -mthumb -mfloat-abi=hard -mfpu=fpv4-sp-d16 '-D__weak=__attribute__((weak))' '-D__packed=__attribute__((__packed__))' -DUSE_HAL_DRIVER -DSTM32F407xx -I"C:/Users/Roman/Desktop/codec_driver/Inc" -I"C:/Users/Roman/Desktop/codec_driver/Drivers/STM32F4xx_HAL_Driver/Inc" -I"C:/Users/Roman/Desktop/codec_driver/Drivers/STM32F4xx_HAL_Driver/Inc/Legacy" -I"C:/Users/Roman/Desktop/codec_driver/Drivers/CMSIS/Device/ST/STM32F4xx/Include" -I"C:/Users/Roman/Desktop/codec_driver/Drivers/CMSIS/Include"  -O0 -g3 -Wall -fmessage-length=0 -ffunction-sections -c -fmessage-length=0 -MMD -MP -MF"Src/i2s.d" -MT"Src/i2s.o" -o "Src/i2s.o" "../Src/i2s.c"
Finished building: ../Src/i2s.c
 
Building file: ../Src/main.c
Invoking: MCU GCC Compiler
C:\Users\Roman\Desktop\codec_driver\Debug
arm-none-eabi-gcc -mcpu=cortex-m4 -mthumb -mfloat-abi=hard -mfpu=fpv4-sp-d16 '-D__weak=__attribute__((weak))' '-D__packed=__attribute__((__packed__))' -DUSE_HAL_DRIVER -DSTM32F407xx -I"C:/Users/Roman/Desktop/codec_driver/Inc" -I"C:/Users/Roman/Desktop/codec_driver/Drivers/STM32F4xx_HAL_Driver/Inc" -I"C:/Users/Roman/Desktop/codec_driver/Drivers/STM32F4xx_HAL_Driver/Inc/Legacy" -I"C:/Users/Roman/Desktop/codec_driver/Drivers/CMSIS/Device/ST/STM32F4xx/Include" -I"C:/Users/Roman/Desktop/codec_driver/Drivers/CMSIS/Include"  -O0 -g3 -Wall -fmessage-length=0 -ffunction-sections -c -fmessage-length=0 -MMD -MP -MF"Src/main.d" -MT"Src/main.o" -o "Src/main.o" "../Src/main.c"
../Src/main.c: In function 'main':
../Src/main.c:120:19: warning: unused variable 'o' [-Wunused-variable]
  volatile uint8_t o = 0;
                   ^
Finished building: ../Src/main.c
 
Building file: ../Src/stm32f4xx_hal_msp.c
Invoking: MCU GCC Compiler
C:\Users\Roman\Desktop\codec_driver\Debug
arm-none-eabi-gcc -mcpu=cortex-m4 -mthumb -mfloat-abi=hard -mfpu=fpv4-sp-d16 '-D__weak=__attribute__((weak))' '-D__packed=__attribute__((__packed__))' -DUSE_HAL_DRIVER -DSTM32F407xx -I"C:/Users/Roman/Desktop/codec_driver/Inc" -I"C:/Users/Roman/Desktop/codec_driver/Drivers/STM32F4xx_HAL_Driver/Inc" -I"C:/Users/Roman/Desktop/codec_driver/Drivers/STM32F4xx_HAL_Driver/Inc/Legacy" -I"C:/Users/Roman/Desktop/codec_driver/Drivers/CMSIS/Device/ST/STM32F4xx/Include" -I"C:/Users/Roman/Desktop/codec_driver/Drivers/CMSIS/Include"  -O0 -g3 -Wall -fmessage-length=0 -ffunction-sections -c -fmessage-length=0 -MMD -MP -MF"Src/stm32f4xx_hal_msp.d" -MT"Src/stm32f4xx_hal_msp.o" -o "Src/stm32f4xx_hal_msp.o" "../Src/stm32f4xx_hal_msp.c"
Finished building: ../Src/stm32f4xx_hal_msp.c
 
Building file: ../Src/stm32f4xx_it.c
Invoking: MCU GCC Compiler
C:\Users\Roman\Desktop\codec_driver\Debug
arm-none-eabi-gcc -mcpu=cortex-m4 -mthumb -mfloat-abi=hard -mfpu=fpv4-sp-d16 '-D__weak=__attribute__((weak))' '-D__packed=__attribute__((__packed__))' -DUSE_HAL_DRIVER -DSTM32F407xx -I"C:/Users/Roman/Desktop/codec_driver/Inc" -I"C:/Users/Roman/Desktop/codec_driver/Drivers/STM32F4xx_HAL_Driver/Inc" -I"C:/Users/Roman/Desktop/codec_driver/Drivers/STM32F4xx_HAL_Driver/Inc/Legacy" -I"C:/Users/Roman/Desktop/codec_driver/Drivers/CMSIS/Device/ST/STM32F4xx/Include" -I"C:/Users/Roman/Desktop/codec_driver/Drivers/CMSIS/Include"  -O0 -g3 -Wall -fmessage-length=0 -ffunction-sections -c -fmessage-length=0 -MMD -MP -MF"Src/stm32f4xx_it.d" -MT"Src/stm32f4xx_it.o" -o "Src/stm32f4xx_it.o" "../Src/stm32f4xx_it.c"
Finished building: ../Src/stm32f4xx_it.c
 
Building file: ../Src/system_stm32f4xx.c
Invoking: MCU GCC Compiler
C:\Users\Roman\Desktop\codec_driver\Debug
arm-none-eabi-gcc -mcpu=cortex-m4 -mthumb -mfloat-abi=hard -mfpu=fpv4-sp-d16 '-D__weak=__attribute__((weak))' '-D__packed=__attribute__((__packed__))' -DUSE_HAL_DRIVER -DSTM32F407xx -I"C:/Users/Roman/Desktop/codec_driver/Inc" -I"C:/Users/Roman/Desktop/codec_driver/Drivers/STM32F4xx_HAL_Driver/Inc" -I"C:/Users/Roman/Desktop/codec_driver/Drivers/STM32F4xx_HAL_Driver/Inc/Legacy" -I"C:/Users/Roman/Desktop/codec_driver/Drivers/CMSIS/Device/ST/STM32F4xx/Include" -I"C:/Users/Roman/Desktop/codec_driver/Drivers/CMSIS/Include"  -O0 -g3 -Wall -fmessage-length=0 -ffunction-sections -c -fmessage-length=0 -MMD -MP -MF"Src/system_stm32f4xx.d" -MT"Src/system_stm32f4xx.o" -o "Src/system_stm32f4xx.o" "../Src/system_stm32f4xx.c"
Finished building: ../Src/system_stm32f4xx.c
 
Building file: ../Src/tim.c
Invoking: MCU GCC Compiler
C:\Users\Roman\Desktop\codec_driver\Debug
arm-none-eabi-gcc -mcpu=cortex-m4 -mthumb -mfloat-abi=hard -mfpu=fpv4-sp-d16 '-D__weak=__attribute__((weak))' '-D__packed=__attribute__((__packed__))' -DUSE_HAL_DRIVER -DSTM32F407xx -I"C:/Users/Roman/Desktop/codec_driver/Inc" -I"C:/Users/Roman/Desktop/codec_driver/Drivers/STM32F4xx_HAL_Driver/Inc" -I"C:/Users/Roman/Desktop/codec_driver/Drivers/STM32F4xx_HAL_Driver/Inc/Legacy" -I"C:/Users/Roman/Desktop/codec_driver/Drivers/CMSIS/Device/ST/STM32F4xx/Include" -I"C:/Users/Roman/Desktop/codec_driver/Drivers/CMSIS/Include"  -O0 -g3 -Wall -fmessage-length=0 -ffunction-sections -c -fmessage-length=0 -MMD -MP -MF"Src/tim.d" -MT"Src/tim.o" -o "Src/tim.o" "../Src/tim.c"
Finished building: ../Src/tim.c
 
Building file: ../Drivers/STM32F4xx_HAL_Driver/Src/stm32f4xx_hal.c
Invoking: MCU GCC Compiler
C:\Users\Roman\Desktop\codec_driver\Debug
arm-none-eabi-gcc -mcpu=cortex-m4 -mthumb -mfloat-abi=hard -mfpu=fpv4-sp-d16 '-D__weak=__attribute__((weak))' '-D__packed=__attribute__((__packed__))' -DUSE_HAL_DRIVER -DSTM32F407xx -I"C:/Users/Roman/Desktop/codec_driver/Inc" -I"C:/Users/Roman/Desktop/codec_driver/Drivers/STM32F4xx_HAL_Driver/Inc" -I"C:/Users/Roman/Desktop/codec_driver/Drivers/STM32F4xx_HAL_Driver/Inc/Legacy" -I"C:/Users/Roman/Desktop/codec_driver/Drivers/CMSIS/Device/ST/STM32F4xx/Include" -I"C:/Users/Roman/Desktop/codec_driver/Drivers/CMSIS/Include"  -O0 -g3 -Wall -fmessage-length=0 -ffunction-sections -c -fmessage-length=0 -MMD -MP -MF"Drivers/STM32F4xx_HAL_Driver/Src/stm32f4xx_hal.d" -MT"Drivers/STM32F4xx_HAL_Driver/Src/stm32f4xx_hal.o" -o "Drivers/STM32F4xx_HAL_Driver/Src/stm32f4xx_hal.o" "../Drivers/STM32F4xx_HAL_Driver/Src/stm32f4xx_hal.c"
Finished building: ../Drivers/STM32F4xx_HAL_Driver/Src/stm32f4xx_hal.c
 
Building file: ../Drivers/STM32F4xx_HAL_Driver/Src/stm32f4xx_hal_cortex.c
Invoking: MCU GCC Compiler
C:\Users\Roman\Desktop\codec_driver\Debug
arm-none-eabi-gcc -mcpu=cortex-m4 -mthumb -mfloat-abi=hard -mfpu=fpv4-sp-d16 '-D__weak=__attribute__((weak))' '-D__packed=__attribute__((__packed__))' -DUSE_HAL_DRIVER -DSTM32F407xx -I"C:/Users/Roman/Desktop/codec_driver/Inc" -I"C:/Users/Roman/Desktop/codec_driver/Drivers/STM32F4xx_HAL_Driver/Inc" -I"C:/Users/Roman/Desktop/codec_driver/Drivers/STM32F4xx_HAL_Driver/Inc/Legacy" -I"C:/Users/Roman/Desktop/codec_driver/Drivers/CMSIS/Device/ST/STM32F4xx/Include" -I"C:/Users/Roman/Desktop/codec_driver/Drivers/CMSIS/Include"  -O0 -g3 -Wall -fmessage-length=0 -ffunction-sections -c -fmessage-length=0 -MMD -MP -MF"Drivers/STM32F4xx_HAL_Driver/Src/stm32f4xx_hal_cortex.d" -MT"Drivers/STM32F4xx_HAL_Driver/Src/stm32f4xx_hal_cortex.o" -o "Drivers/STM32F4xx_HAL_Driver/Src/stm32f4xx_hal_cortex.o" "../Drivers/STM32F4xx_HAL_Driver/Src/stm32f4xx_hal_cortex.c"
Finished building: ../Drivers/STM32F4xx_HAL_Driver/Src/stm32f4xx_hal_cortex.c
 
Building file: ../Drivers/STM32F4xx_HAL_Driver/Src/stm32f4xx_hal_dma.c
Invoking: MCU GCC Compiler
C:\Users\Roman\Desktop\codec_driver\Debug
arm-none-eabi-gcc -mcpu=cortex-m4 -mthumb -mfloat-abi=hard -mfpu=fpv4-sp-d16 '-D__weak=__attribute__((weak))' '-D__packed=__attribute__((__packed__))' -DUSE_HAL_DRIVER -DSTM32F407xx -I"C:/Users/Roman/Desktop/codec_driver/Inc" -I"C:/Users/Roman/Desktop/codec_driver/Drivers/STM32F4xx_HAL_Driver/Inc" -I"C:/Users/Roman/Desktop/codec_driver/Drivers/STM32F4xx_HAL_Driver/Inc/Legacy" -I"C:/Users/Roman/Desktop/codec_driver/Drivers/CMSIS/Device/ST/STM32F4xx/Include" -I"C:/Users/Roman/Desktop/codec_driver/Drivers/CMSIS/Include"  -O0 -g3 -Wall -fmessage-length=0 -ffunction-sections -c -fmessage-length=0 -MMD -MP -MF"Drivers/STM32F4xx_HAL_Driver/Src/stm32f4xx_hal_dma.d" -MT"Drivers/STM32F4xx_HAL_Driver/Src/stm32f4xx_hal_dma.o" -o "Drivers/STM32F4xx_HAL_Driver/Src/stm32f4xx_hal_dma.o" "../Drivers/STM32F4xx_HAL_Driver/Src/stm32f4xx_hal_dma.c"
Finished building: ../Drivers/STM32F4xx_HAL_Driver/Src/stm32f4xx_hal_dma.c
 
Building file: ../Drivers/STM32F4xx_HAL_Driver/Src/stm32f4xx_hal_dma_ex.c
Invoking: MCU GCC Compiler
C:\Users\Roman\Desktop\codec_driver\Debug
arm-none-eabi-gcc -mcpu=cortex-m4 -mthumb -mfloat-abi=hard -mfpu=fpv4-sp-d16 '-D__weak=__attribute__((weak))' '-D__packed=__attribute__((__packed__))' -DUSE_HAL_DRIVER -DSTM32F407xx -I"C:/Users/Roman/Desktop/codec_driver/Inc" -I"C:/Users/Roman/Desktop/codec_driver/Drivers/STM32F4xx_HAL_Driver/Inc" -I"C:/Users/Roman/Desktop/codec_driver/Drivers/STM32F4xx_HAL_Driver/Inc/Legacy" -I"C:/Users/Roman/Desktop/codec_driver/Drivers/CMSIS/Device/ST/STM32F4xx/Include" -I"C:/Users/Roman/Desktop/codec_driver/Drivers/CMSIS/Include"  -O0 -g3 -Wall -fmessage-length=0 -ffunction-sections -c -fmessage-length=0 -MMD -MP -MF"Drivers/STM32F4xx_HAL_Driver/Src/stm32f4xx_hal_dma_ex.d" -MT"Drivers/STM32F4xx_HAL_Driver/Src/stm32f4xx_hal_dma_ex.o" -o "Drivers/STM32F4xx_HAL_Driver/Src/stm32f4xx_hal_dma_ex.o" "../Drivers/STM32F4xx_HAL_Driver/Src/stm32f4xx_hal_dma_ex.c"
Finished building: ../Drivers/STM32F4xx_HAL_Driver/Src/stm32f4xx_hal_dma_ex.c
 
Building file: ../Drivers/STM32F4xx_HAL_Driver/Src/stm32f4xx_hal_flash.c
Invoking: MCU GCC Compiler
C:\Users\Roman\Desktop\codec_driver\Debug
arm-none-eabi-gcc -mcpu=cortex-m4 -mthumb -mfloat-abi=hard -mfpu=fpv4-sp-d16 '-D__weak=__attribute__((weak))' '-D__packed=__attribute__((__packed__))' -DUSE_HAL_DRIVER -DSTM32F407xx -I"C:/Users/Roman/Desktop/codec_driver/Inc" -I"C:/Users/Roman/Desktop/codec_driver/Drivers/STM32F4xx_HAL_Driver/Inc" -I"C:/Users/Roman/Desktop/codec_driver/Drivers/STM32F4xx_HAL_Driver/Inc/Legacy" -I"C:/Users/Roman/Desktop/codec_driver/Drivers/CMSIS/Device/ST/STM32F4xx/Include" -I"C:/Users/Roman/Desktop/codec_driver/Drivers/CMSIS/Include"  -O0 -g3 -Wall -fmessage-length=0 -ffunction-sections -c -fmessage-length=0 -MMD -MP -MF"Drivers/STM32F4xx_HAL_Driver/Src/stm32f4xx_hal_flash.d" -MT"Drivers/STM32F4xx_HAL_Driver/Src/stm32f4xx_hal_flash.o" -o "Drivers/STM32F4xx_HAL_Driver/Src/stm32f4xx_hal_flash.o" "../Drivers/STM32F4xx_HAL_Driver/Src/stm32f4xx_hal_flash.c"
Finished building: ../Drivers/STM32F4xx_HAL_Driver/Src/stm32f4xx_hal_flash.c
 
Building file: ../Drivers/STM32F4xx_HAL_Driver/Src/stm32f4xx_hal_flash_ex.c
Invoking: MCU GCC Compiler
C:\Users\Roman\Desktop\codec_driver\Debug
arm-none-eabi-gcc -mcpu=cortex-m4 -mthumb -mfloat-abi=hard -mfpu=fpv4-sp-d16 '-D__weak=__attribute__((weak))' '-D__packed=__attribute__((__packed__))' -DUSE_HAL_DRIVER -DSTM32F407xx -I"C:/Users/Roman/Desktop/codec_driver/Inc" -I"C:/Users/Roman/Desktop/codec_driver/Drivers/STM32F4xx_HAL_Driver/Inc" -I"C:/Users/Roman/Desktop/codec_driver/Drivers/STM32F4xx_HAL_Driver/Inc/Legacy" -I"C:/Users/Roman/Desktop/codec_driver/Drivers/CMSIS/Device/ST/STM32F4xx/Include" -I"C:/Users/Roman/Desktop/codec_driver/Drivers/CMSIS/Include"  -O0 -g3 -Wall -fmessage-length=0 -ffunction-sections -c -fmessage-length=0 -MMD -MP -MF"Drivers/STM32F4xx_HAL_Driver/Src/stm32f4xx_hal_flash_ex.d" -MT"Drivers/STM32F4xx_HAL_Driver/Src/stm32f4xx_hal_flash_ex.o" -o "Drivers/STM32F4xx_HAL_Driver/Src/stm32f4xx_hal_flash_ex.o" "../Drivers/STM32F4xx_HAL_Driver/Src/stm32f4xx_hal_flash_ex.c"
Finished building: ../Drivers/STM32F4xx_HAL_Driver/Src/stm32f4xx_hal_flash_ex.c
 
Building file: ../Drivers/STM32F4xx_HAL_Driver/Src/stm32f4xx_hal_flash_ramfunc.c
Invoking: MCU GCC Compiler
C:\Users\Roman\Desktop\codec_driver\Debug
arm-none-eabi-gcc -mcpu=cortex-m4 -mthumb -mfloat-abi=hard -mfpu=fpv4-sp-d16 '-D__weak=__attribute__((weak))' '-D__packed=__attribute__((__packed__))' -DUSE_HAL_DRIVER -DSTM32F407xx -I"C:/Users/Roman/Desktop/codec_driver/Inc" -I"C:/Users/Roman/Desktop/codec_driver/Drivers/STM32F4xx_HAL_Driver/Inc" -I"C:/Users/Roman/Desktop/codec_driver/Drivers/STM32F4xx_HAL_Driver/Inc/Legacy" -I"C:/Users/Roman/Desktop/codec_driver/Drivers/CMSIS/Device/ST/STM32F4xx/Include" -I"C:/Users/Roman/Desktop/codec_driver/Drivers/CMSIS/Include"  -O0 -g3 -Wall -fmessage-length=0 -ffunction-sections -c -fmessage-length=0 -MMD -MP -MF"Drivers/STM32F4xx_HAL_Driver/Src/stm32f4xx_hal_flash_ramfunc.d" -MT"Drivers/STM32F4xx_HAL_Driver/Src/stm32f4xx_hal_flash_ramfunc.o" -o "Drivers/STM32F4xx_HAL_Driver/Src/stm32f4xx_hal_flash_ramfunc.o" "../Drivers/STM32F4xx_HAL_Driver/Src/stm32f4xx_hal_flash_ramfunc.c"
Finished building: ../Drivers/STM32F4xx_HAL_Driver/Src/stm32f4xx_hal_flash_ramfunc.c
 
Building file: ../Drivers/STM32F4xx_HAL_Driver/Src/stm32f4xx_hal_gpio.c
Invoking: MCU GCC Compiler
C:\Users\Roman\Desktop\codec_driver\Debug
arm-none-eabi-gcc -mcpu=cortex-m4 -mthumb -mfloat-abi=hard -mfpu=fpv4-sp-d16 '-D__weak=__attribute__((weak))' '-D__packed=__attribute__((__packed__))' -DUSE_HAL_DRIVER -DSTM32F407xx -I"C:/Users/Roman/Desktop/codec_driver/Inc" -I"C:/Users/Roman/Desktop/codec_driver/Drivers/STM32F4xx_HAL_Driver/Inc" -I"C:/Users/Roman/Desktop/codec_driver/Drivers/STM32F4xx_HAL_Driver/Inc/Legacy" -I"C:/Users/Roman/Desktop/codec_driver/Drivers/CMSIS/Device/ST/STM32F4xx/Include" -I"C:/Users/Roman/Desktop/codec_driver/Drivers/CMSIS/Include"  -O0 -g3 -Wall -fmessage-length=0 -ffunction-sections -c -fmessage-length=0 -MMD -MP -MF"Drivers/STM32F4xx_HAL_Driver/Src/stm32f4xx_hal_gpio.d" -MT"Drivers/STM32F4xx_HAL_Driver/Src/stm32f4xx_hal_gpio.o" -o "Drivers/STM32F4xx_HAL_Driver/Src/stm32f4xx_hal_gpio.o" "../Drivers/STM32F4xx_HAL_Driver/Src/stm32f4xx_hal_gpio.c"
Finished building: ../Drivers/STM32F4xx_HAL_Driver/Src/stm32f4xx_hal_gpio.c
 
Building file: ../Drivers/STM32F4xx_HAL_Driver/Src/stm32f4xx_hal_i2c.c
Invoking: MCU GCC Compiler
C:\Users\Roman\Desktop\codec_driver\Debug
arm-none-eabi-gcc -mcpu=cortex-m4 -mthumb -mfloat-abi=hard -mfpu=fpv4-sp-d16 '-D__weak=__attribute__((weak))' '-D__packed=__attribute__((__packed__))' -DUSE_HAL_DRIVER -DSTM32F407xx -I"C:/Users/Roman/Desktop/codec_driver/Inc" -I"C:/Users/Roman/Desktop/codec_driver/Drivers/STM32F4xx_HAL_Driver/Inc" -I"C:/Users/Roman/Desktop/codec_driver/Drivers/STM32F4xx_HAL_Driver/Inc/Legacy" -I"C:/Users/Roman/Desktop/codec_driver/Drivers/CMSIS/Device/ST/STM32F4xx/Include" -I"C:/Users/Roman/Desktop/codec_driver/Drivers/CMSIS/Include"  -O0 -g3 -Wall -fmessage-length=0 -ffunction-sections -c -fmessage-length=0 -MMD -MP -MF"Drivers/STM32F4xx_HAL_Driver/Src/stm32f4xx_hal_i2c.d" -MT"Drivers/STM32F4xx_HAL_Driver/Src/stm32f4xx_hal_i2c.o" -o "Drivers/STM32F4xx_HAL_Driver/Src/stm32f4xx_hal_i2c.o" "../Drivers/STM32F4xx_HAL_Driver/Src/stm32f4xx_hal_i2c.c"
Finished building: ../Drivers/STM32F4xx_HAL_Driver/Src/stm32f4xx_hal_i2c.c
 
Building file: ../Drivers/STM32F4xx_HAL_Driver/Src/stm32f4xx_hal_i2c_ex.c
Invoking: MCU GCC Compiler
C:\Users\Roman\Desktop\codec_driver\Debug
arm-none-eabi-gcc -mcpu=cortex-m4 -mthumb -mfloat-abi=hard -mfpu=fpv4-sp-d16 '-D__weak=__attribute__((weak))' '-D__packed=__attribute__((__packed__))' -DUSE_HAL_DRIVER -DSTM32F407xx -I"C:/Users/Roman/Desktop/codec_driver/Inc" -I"C:/Users/Roman/Desktop/codec_driver/Drivers/STM32F4xx_HAL_Driver/Inc" -I"C:/Users/Roman/Desktop/codec_driver/Drivers/STM32F4xx_HAL_Driver/Inc/Legacy" -I"C:/Users/Roman/Desktop/codec_driver/Drivers/CMSIS/Device/ST/STM32F4xx/Include" -I"C:/Users/Roman/Desktop/codec_driver/Drivers/CMSIS/Include"  -O0 -g3 -Wall -fmessage-length=0 -ffunction-sections -c -fmessage-length=0 -MMD -MP -MF"Drivers/STM32F4xx_HAL_Driver/Src/stm32f4xx_hal_i2c_ex.d" -MT"Drivers/STM32F4xx_HAL_Driver/Src/stm32f4xx_hal_i2c_ex.o" -o "Drivers/STM32F4xx_HAL_Driver/Src/stm32f4xx_hal_i2c_ex.o" "../Drivers/STM32F4xx_HAL_Driver/Src/stm32f4xx_hal_i2c_ex.c"
Finished building: ../Drivers/STM32F4xx_HAL_Driver/Src/stm32f4xx_hal_i2c_ex.c
 
Building file: ../Drivers/STM32F4xx_HAL_Driver/Src/stm32f4xx_hal_i2s.c
Invoking: MCU GCC Compiler
C:\Users\Roman\Desktop\codec_driver\Debug
arm-none-eabi-gcc -mcpu=cortex-m4 -mthumb -mfloat-abi=hard -mfpu=fpv4-sp-d16 '-D__weak=__attribute__((weak))' '-D__packed=__attribute__((__packed__))' -DUSE_HAL_DRIVER -DSTM32F407xx -I"C:/Users/Roman/Desktop/codec_driver/Inc" -I"C:/Users/Roman/Desktop/codec_driver/Drivers/STM32F4xx_HAL_Driver/Inc" -I"C:/Users/Roman/Desktop/codec_driver/Drivers/STM32F4xx_HAL_Driver/Inc/Legacy" -I"C:/Users/Roman/Desktop/codec_driver/Drivers/CMSIS/Device/ST/STM32F4xx/Include" -I"C:/Users/Roman/Desktop/codec_driver/Drivers/CMSIS/Include"  -O0 -g3 -Wall -fmessage-length=0 -ffunction-sections -c -fmessage-length=0 -MMD -MP -MF"Drivers/STM32F4xx_HAL_Driver/Src/stm32f4xx_hal_i2s.d" -MT"Drivers/STM32F4xx_HAL_Driver/Src/stm32f4xx_hal_i2s.o" -o "Drivers/STM32F4xx_HAL_Driver/Src/stm32f4xx_hal_i2s.o" "../Drivers/STM32F4xx_HAL_Driver/Src/stm32f4xx_hal_i2s.c"
Finished building: ../Drivers/STM32F4xx_HAL_Driver/Src/stm32f4xx_hal_i2s.c
 
Building file: ../Drivers/STM32F4xx_HAL_Driver/Src/stm32f4xx_hal_i2s_ex.c
Invoking: MCU GCC Compiler
C:\Users\Roman\Desktop\codec_driver\Debug
arm-none-eabi-gcc -mcpu=cortex-m4 -mthumb -mfloat-abi=hard -mfpu=fpv4-sp-d16 '-D__weak=__attribute__((weak))' '-D__packed=__attribute__((__packed__))' -DUSE_HAL_DRIVER -DSTM32F407xx -I"C:/Users/Roman/Desktop/codec_driver/Inc" -I"C:/Users/Roman/Desktop/codec_driver/Drivers/STM32F4xx_HAL_Driver/Inc" -I"C:/Users/Roman/Desktop/codec_driver/Drivers/STM32F4xx_HAL_Driver/Inc/Legacy" -I"C:/Users/Roman/Desktop/codec_driver/Drivers/CMSIS/Device/ST/STM32F4xx/Include" -I"C:/Users/Roman/Desktop/codec_driver/Drivers/CMSIS/Include"  -O0 -g3 -Wall -fmessage-length=0 -ffunction-sections -c -fmessage-length=0 -MMD -MP -MF"Drivers/STM32F4xx_HAL_Driver/Src/stm32f4xx_hal_i2s_ex.d" -MT"Drivers/STM32F4xx_HAL_Driver/Src/stm32f4xx_hal_i2s_ex.o" -o "Drivers/STM32F4xx_HAL_Driver/Src/stm32f4xx_hal_i2s_ex.o" "../Drivers/STM32F4xx_HAL_Driver/Src/stm32f4xx_hal_i2s_ex.c"
Finished building: ../Drivers/STM32F4xx_HAL_Driver/Src/stm32f4xx_hal_i2s_ex.c
 
Building file: ../Drivers/STM32F4xx_HAL_Driver/Src/stm32f4xx_hal_pwr.c
Invoking: MCU GCC Compiler
C:\Users\Roman\Desktop\codec_driver\Debug
arm-none-eabi-gcc -mcpu=cortex-m4 -mthumb -mfloat-abi=hard -mfpu=fpv4-sp-d16 '-D__weak=__attribute__((weak))' '-D__packed=__attribute__((__packed__))' -DUSE_HAL_DRIVER -DSTM32F407xx -I"C:/Users/Roman/Desktop/codec_driver/Inc" -I"C:/Users/Roman/Desktop/codec_driver/Drivers/STM32F4xx_HAL_Driver/Inc" -I"C:/Users/Roman/Desktop/codec_driver/Drivers/STM32F4xx_HAL_Driver/Inc/Legacy" -I"C:/Users/Roman/Desktop/codec_driver/Drivers/CMSIS/Device/ST/STM32F4xx/Include" -I"C:/Users/Roman/Desktop/codec_driver/Drivers/CMSIS/Include"  -O0 -g3 -Wall -fmessage-length=0 -ffunction-sections -c -fmessage-length=0 -MMD -MP -MF"Drivers/STM32F4xx_HAL_Driver/Src/stm32f4xx_hal_pwr.d" -MT"Drivers/STM32F4xx_HAL_Driver/Src/stm32f4xx_hal_pwr.o" -o "Drivers/STM32F4xx_HAL_Driver/Src/stm32f4xx_hal_pwr.o" "../Drivers/STM32F4xx_HAL_Driver/Src/stm32f4xx_hal_pwr.c"
Finished building: ../Drivers/STM32F4xx_HAL_Driver/Src/stm32f4xx_hal_pwr.c
 
Building file: ../Drivers/STM32F4xx_HAL_Driver/Src/stm32f4xx_hal_pwr_ex.c
Invoking: MCU GCC Compiler
C:\Users\Roman\Desktop\codec_driver\Debug
arm-none-eabi-gcc -mcpu=cortex-m4 -mthumb -mfloat-abi=hard -mfpu=fpv4-sp-d16 '-D__weak=__attribute__((weak))' '-D__packed=__attribute__((__packed__))' -DUSE_HAL_DRIVER -DSTM32F407xx -I"C:/Users/Roman/Desktop/codec_driver/Inc" -I"C:/Users/Roman/Desktop/codec_driver/Drivers/STM32F4xx_HAL_Driver/Inc" -I"C:/Users/Roman/Desktop/codec_driver/Drivers/STM32F4xx_HAL_Driver/Inc/Legacy" -I"C:/Users/Roman/Desktop/codec_driver/Drivers/CMSIS/Device/ST/STM32F4xx/Include" -I"C:/Users/Roman/Desktop/codec_driver/Drivers/CMSIS/Include"  -O0 -g3 -Wall -fmessage-length=0 -ffunction-sections -c -fmessage-length=0 -MMD -MP -MF"Drivers/STM32F4xx_HAL_Driver/Src/stm32f4xx_hal_pwr_ex.d" -MT"Drivers/STM32F4xx_HAL_Driver/Src/stm32f4xx_hal_pwr_ex.o" -o "Drivers/STM32F4xx_HAL_Driver/Src/stm32f4xx_hal_pwr_ex.o" "../Drivers/STM32F4xx_HAL_Driver/Src/stm32f4xx_hal_pwr_ex.c"
Finished building: ../Drivers/STM32F4xx_HAL_Driver/Src/stm32f4xx_hal_pwr_ex.c
 
Building file: ../Drivers/STM32F4xx_HAL_Driver/Src/stm32f4xx_hal_rcc.c
Invoking: MCU GCC Compiler
C:\Users\Roman\Desktop\codec_driver\Debug
arm-none-eabi-gcc -mcpu=cortex-m4 -mthumb -mfloat-abi=hard -mfpu=fpv4-sp-d16 '-D__weak=__attribute__((weak))' '-D__packed=__attribute__((__packed__))' -DUSE_HAL_DRIVER -DSTM32F407xx -I"C:/Users/Roman/Desktop/codec_driver/Inc" -I"C:/Users/Roman/Desktop/codec_driver/Drivers/STM32F4xx_HAL_Driver/Inc" -I"C:/Users/Roman/Desktop/codec_driver/Drivers/STM32F4xx_HAL_Driver/Inc/Legacy" -I"C:/Users/Roman/Desktop/codec_driver/Drivers/CMSIS/Device/ST/STM32F4xx/Include" -I"C:/Users/Roman/Desktop/codec_driver/Drivers/CMSIS/Include"  -O0 -g3 -Wall -fmessage-length=0 -ffunction-sections -c -fmessage-length=0 -MMD -MP -MF"Drivers/STM32F4xx_HAL_Driver/Src/stm32f4xx_hal_rcc.d" -MT"Drivers/STM32F4xx_HAL_Driver/Src/stm32f4xx_hal_rcc.o" -o "Drivers/STM32F4xx_HAL_Driver/Src/stm32f4xx_hal_rcc.o" "../Drivers/STM32F4xx_HAL_Driver/Src/stm32f4xx_hal_rcc.c"
Finished building: ../Drivers/STM32F4xx_HAL_Driver/Src/stm32f4xx_hal_rcc.c
 
Building file: ../Drivers/STM32F4xx_HAL_Driver/Src/stm32f4xx_hal_rcc_ex.c
Invoking: MCU GCC Compiler
C:\Users\Roman\Desktop\codec_driver\Debug
arm-none-eabi-gcc -mcpu=cortex-m4 -mthumb -mfloat-abi=hard -mfpu=fpv4-sp-d16 '-D__weak=__attribute__((weak))' '-D__packed=__attribute__((__packed__))' -DUSE_HAL_DRIVER -DSTM32F407xx -I"C:/Users/Roman/Desktop/codec_driver/Inc" -I"C:/Users/Roman/Desktop/codec_driver/Drivers/STM32F4xx_HAL_Driver/Inc" -I"C:/Users/Roman/Desktop/codec_driver/Drivers/STM32F4xx_HAL_Driver/Inc/Legacy" -I"C:/Users/Roman/Desktop/codec_driver/Drivers/CMSIS/Device/ST/STM32F4xx/Include" -I"C:/Users/Roman/Desktop/codec_driver/Drivers/CMSIS/Include"  -O0 -g3 -Wall -fmessage-length=0 -ffunction-sections -c -fmessage-length=0 -MMD -MP -MF"Drivers/STM32F4xx_HAL_Driver/Src/stm32f4xx_hal_rcc_ex.d" -MT"Drivers/STM32F4xx_HAL_Driver/Src/stm32f4xx_hal_rcc_ex.o" -o "Drivers/STM32F4xx_HAL_Driver/Src/stm32f4xx_hal_rcc_ex.o" "../Drivers/STM32F4xx_HAL_Driver/Src/stm32f4xx_hal_rcc_ex.c"
Finished building: ../Drivers/STM32F4xx_HAL_Driver/Src/stm32f4xx_hal_rcc_ex.c
 
Building file: ../Drivers/STM32F4xx_HAL_Driver/Src/stm32f4xx_hal_tim.c
Invoking: MCU GCC Compiler
C:\Users\Roman\Desktop\codec_driver\Debug
arm-none-eabi-gcc -mcpu=cortex-m4 -mthumb -mfloat-abi=hard -mfpu=fpv4-sp-d16 '-D__weak=__attribute__((weak))' '-D__packed=__attribute__((__packed__))' -DUSE_HAL_DRIVER -DSTM32F407xx -I"C:/Users/Roman/Desktop/codec_driver/Inc" -I"C:/Users/Roman/Desktop/codec_driver/Drivers/STM32F4xx_HAL_Driver/Inc" -I"C:/Users/Roman/Desktop/codec_driver/Drivers/STM32F4xx_HAL_Driver/Inc/Legacy" -I"C:/Users/Roman/Desktop/codec_driver/Drivers/CMSIS/Device/ST/STM32F4xx/Include" -I"C:/Users/Roman/Desktop/codec_driver/Drivers/CMSIS/Include"  -O0 -g3 -Wall -fmessage-length=0 -ffunction-sections -c -fmessage-length=0 -MMD -MP -MF"Drivers/STM32F4xx_HAL_Driver/Src/stm32f4xx_hal_tim.d" -MT"Drivers/STM32F4xx_HAL_Driver/Src/stm32f4xx_hal_tim.o" -o "Drivers/STM32F4xx_HAL_Driver/Src/stm32f4xx_hal_tim.o" "../Drivers/STM32F4xx_HAL_Driver/Src/stm32f4xx_hal_tim.c"
Finished building: ../Drivers/STM32F4xx_HAL_Driver/Src/stm32f4xx_hal_tim.c
 
Building file: ../Drivers/STM32F4xx_HAL_Driver/Src/stm32f4xx_hal_tim_ex.c
Invoking: MCU GCC Compiler
C:\Users\Roman\Desktop\codec_driver\Debug
arm-none-eabi-gcc -mcpu=cortex-m4 -mthumb -mfloat-abi=hard -mfpu=fpv4-sp-d16 '-D__weak=__attribute__((weak))' '-D__packed=__attribute__((__packed__))' -DUSE_HAL_DRIVER -DSTM32F407xx -I"C:/Users/Roman/Desktop/codec_driver/Inc" -I"C:/Users/Roman/Desktop/codec_driver/Drivers/STM32F4xx_HAL_Driver/Inc" -I"C:/Users/Roman/Desktop/codec_driver/Drivers/STM32F4xx_HAL_Driver/Inc/Legacy" -I"C:/Users/Roman/Desktop/codec_driver/Drivers/CMSIS/Device/ST/STM32F4xx/Include" -I"C:/Users/Roman/Desktop/codec_driver/Drivers/CMSIS/Include"  -O0 -g3 -Wall -fmessage-length=0 -ffunction-sections -c -fmessage-length=0 -MMD -MP -MF"Drivers/STM32F4xx_HAL_Driver/Src/stm32f4xx_hal_tim_ex.d" -MT"Drivers/STM32F4xx_HAL_Driver/Src/stm32f4xx_hal_tim_ex.o" -o "Drivers/STM32F4xx_HAL_Driver/Src/stm32f4xx_hal_tim_ex.o" "../Drivers/STM32F4xx_HAL_Driver/Src/stm32f4xx_hal_tim_ex.c"
Finished building: ../Drivers/STM32F4xx_HAL_Driver/Src/stm32f4xx_hal_tim_ex.c
 
Building target: codec_driver.elf
Invoking: MCU GCC Linker
arm-none-eabi-gcc -mcpu=cortex-m4 -mthumb -mfloat-abi=hard -mfpu=fpv4-sp-d16 -specs=nosys.specs -specs=nano.specs -T"../STM32F407VGTx_FLASH.ld" -Wl,-Map=output.map -Wl,--gc-sections -o "codec_driver.elf" @"objects.list"   -lm
Finished building target: codec_driver.elf
 
make --no-print-directory post-build
Generating hex and Printing size information:
arm-none-eabi-objcopy -O ihex "codec_driver.elf" "codec_driver.hex"
arm-none-eabi-size "codec_driver.elf"
   text	   data	    bss	    dec	    hex	filename
  15096	     20	   1884	  17000	   4268	codec_driver.elf
 

18:14:47 Build Finished (took 1m:12s.831ms)

