17:39:27 **** Build of configuration Debug for project WinProj ****
make all 
Building file: ../startup/startup_stm32f407xx.s
Invoking: MCU GCC Assembler
D:\YandexDisk\Stud\Prog\Synth\Synth_repo\Code\WinProj\Debug
arm-none-eabi-as -mcpu=cortex-m4 -mthumb -mfloat-abi=hard -mfpu=fpv4-sp-d16 -g -o "startup/startup_stm32f407xx.o" "../startup/startup_stm32f407xx.s"
Finished building: ../startup/startup_stm32f407xx.s
 
Building file: ../Src/gpio.c
Invoking: MCU GCC Compiler
D:\YandexDisk\Stud\Prog\Synth\Synth_repo\Code\WinProj\Debug
arm-none-eabi-gcc -mcpu=cortex-m4 -mthumb -mfloat-abi=hard -mfpu=fpv4-sp-d16 '-D__weak=__attribute__((weak))' '-D__packed=__attribute__((__packed__))' -DUSE_HAL_DRIVER -DSTM32F407xx -I"D:/YandexDisk/Stud/Prog/Synth/Synth_repo/Code/WinProj/Inc" -I"D:/YandexDisk/Stud/Prog/Synth/Synth_repo/Code/WinProj/Drivers/STM32F4xx_HAL_Driver/Inc" -I"D:/YandexDisk/Stud/Prog/Synth/Synth_repo/Code/WinProj/Drivers/STM32F4xx_HAL_Driver/Inc/Legacy" -I"D:/YandexDisk/Stud/Prog/Synth/Synth_repo/Code/WinProj/Drivers/CMSIS/Device/ST/STM32F4xx/Include" -I"D:/YandexDisk/Stud/Prog/Synth/Synth_repo/Code/WinProj/Drivers/CMSIS/Include"  -Og -g3 -Wall -fmessage-length=0 -ffunction-sections -c -fmessage-length=0 -MMD -MP -MF"Src/gpio.d" -MT"Src/gpio.o" -o "Src/gpio.o" "../Src/gpio.c"
Finished building: ../Src/gpio.c
 
Building file: ../Src/main.c
Invoking: MCU GCC Compiler
D:\YandexDisk\Stud\Prog\Synth\Synth_repo\Code\WinProj\Debug
arm-none-eabi-gcc -mcpu=cortex-m4 -mthumb -mfloat-abi=hard -mfpu=fpv4-sp-d16 '-D__weak=__attribute__((weak))' '-D__packed=__attribute__((__packed__))' -DUSE_HAL_DRIVER -DSTM32F407xx -I"D:/YandexDisk/Stud/Prog/Synth/Synth_repo/Code/WinProj/Inc" -I"D:/YandexDisk/Stud/Prog/Synth/Synth_repo/Code/WinProj/Drivers/STM32F4xx_HAL_Driver/Inc" -I"D:/YandexDisk/Stud/Prog/Synth/Synth_repo/Code/WinProj/Drivers/STM32F4xx_HAL_Driver/Inc/Legacy" -I"D:/YandexDisk/Stud/Prog/Synth/Synth_repo/Code/WinProj/Drivers/CMSIS/Device/ST/STM32F4xx/Include" -I"D:/YandexDisk/Stud/Prog/Synth/Synth_repo/Code/WinProj/Drivers/CMSIS/Include"  -Og -g3 -Wall -fmessage-length=0 -ffunction-sections -c -fmessage-length=0 -MMD -MP -MF"Src/main.d" -MT"Src/main.o" -o "Src/main.o" "../Src/main.c"
Finished building: ../Src/main.c
 
Building file: ../Src/stm32f4xx_hal_msp.c
Invoking: MCU GCC Compiler
D:\YandexDisk\Stud\Prog\Synth\Synth_repo\Code\WinProj\Debug
arm-none-eabi-gcc -mcpu=cortex-m4 -mthumb -mfloat-abi=hard -mfpu=fpv4-sp-d16 '-D__weak=__attribute__((weak))' '-D__packed=__attribute__((__packed__))' -DUSE_HAL_DRIVER -DSTM32F407xx -I"D:/YandexDisk/Stud/Prog/Synth/Synth_repo/Code/WinProj/Inc" -I"D:/YandexDisk/Stud/Prog/Synth/Synth_repo/Code/WinProj/Drivers/STM32F4xx_HAL_Driver/Inc" -I"D:/YandexDisk/Stud/Prog/Synth/Synth_repo/Code/WinProj/Drivers/STM32F4xx_HAL_Driver/Inc/Legacy" -I"D:/YandexDisk/Stud/Prog/Synth/Synth_repo/Code/WinProj/Drivers/CMSIS/Device/ST/STM32F4xx/Include" -I"D:/YandexDisk/Stud/Prog/Synth/Synth_repo/Code/WinProj/Drivers/CMSIS/Include"  -Og -g3 -Wall -fmessage-length=0 -ffunction-sections -c -fmessage-length=0 -MMD -MP -MF"Src/stm32f4xx_hal_msp.d" -MT"Src/stm32f4xx_hal_msp.o" -o "Src/stm32f4xx_hal_msp.o" "../Src/stm32f4xx_hal_msp.c"
Finished building: ../Src/stm32f4xx_hal_msp.c
 
Building file: ../Src/stm32f4xx_it.c
Invoking: MCU GCC Compiler
D:\YandexDisk\Stud\Prog\Synth\Synth_repo\Code\WinProj\Debug
arm-none-eabi-gcc -mcpu=cortex-m4 -mthumb -mfloat-abi=hard -mfpu=fpv4-sp-d16 '-D__weak=__attribute__((weak))' '-D__packed=__attribute__((__packed__))' -DUSE_HAL_DRIVER -DSTM32F407xx -I"D:/YandexDisk/Stud/Prog/Synth/Synth_repo/Code/WinProj/Inc" -I"D:/YandexDisk/Stud/Prog/Synth/Synth_repo/Code/WinProj/Drivers/STM32F4xx_HAL_Driver/Inc" -I"D:/YandexDisk/Stud/Prog/Synth/Synth_repo/Code/WinProj/Drivers/STM32F4xx_HAL_Driver/Inc/Legacy" -I"D:/YandexDisk/Stud/Prog/Synth/Synth_repo/Code/WinProj/Drivers/CMSIS/Device/ST/STM32F4xx/Include" -I"D:/YandexDisk/Stud/Prog/Synth/Synth_repo/Code/WinProj/Drivers/CMSIS/Include"  -Og -g3 -Wall -fmessage-length=0 -ffunction-sections -c -fmessage-length=0 -MMD -MP -MF"Src/stm32f4xx_it.d" -MT"Src/stm32f4xx_it.o" -o "Src/stm32f4xx_it.o" "../Src/stm32f4xx_it.c"
Finished building: ../Src/stm32f4xx_it.c
 
Building file: ../Src/system_stm32f4xx.c
Invoking: MCU GCC Compiler
D:\YandexDisk\Stud\Prog\Synth\Synth_repo\Code\WinProj\Debug
arm-none-eabi-gcc -mcpu=cortex-m4 -mthumb -mfloat-abi=hard -mfpu=fpv4-sp-d16 '-D__weak=__attribute__((weak))' '-D__packed=__attribute__((__packed__))' -DUSE_HAL_DRIVER -DSTM32F407xx -I"D:/YandexDisk/Stud/Prog/Synth/Synth_repo/Code/WinProj/Inc" -I"D:/YandexDisk/Stud/Prog/Synth/Synth_repo/Code/WinProj/Drivers/STM32F4xx_HAL_Driver/Inc" -I"D:/YandexDisk/Stud/Prog/Synth/Synth_repo/Code/WinProj/Drivers/STM32F4xx_HAL_Driver/Inc/Legacy" -I"D:/YandexDisk/Stud/Prog/Synth/Synth_repo/Code/WinProj/Drivers/CMSIS/Device/ST/STM32F4xx/Include" -I"D:/YandexDisk/Stud/Prog/Synth/Synth_repo/Code/WinProj/Drivers/CMSIS/Include"  -Og -g3 -Wall -fmessage-length=0 -ffunction-sections -c -fmessage-length=0 -MMD -MP -MF"Src/system_stm32f4xx.d" -MT"Src/system_stm32f4xx.o" -o "Src/system_stm32f4xx.o" "../Src/system_stm32f4xx.c"
Finished building: ../Src/system_stm32f4xx.c
 
Building file: ../Drivers/STM32F4xx_HAL_Driver/Src/stm32f4xx_hal.c
Invoking: MCU GCC Compiler
D:\YandexDisk\Stud\Prog\Synth\Synth_repo\Code\WinProj\Debug
arm-none-eabi-gcc -mcpu=cortex-m4 -mthumb -mfloat-abi=hard -mfpu=fpv4-sp-d16 '-D__weak=__attribute__((weak))' '-D__packed=__attribute__((__packed__))' -DUSE_HAL_DRIVER -DSTM32F407xx -I"D:/YandexDisk/Stud/Prog/Synth/Synth_repo/Code/WinProj/Inc" -I"D:/YandexDisk/Stud/Prog/Synth/Synth_repo/Code/WinProj/Drivers/STM32F4xx_HAL_Driver/Inc" -I"D:/YandexDisk/Stud/Prog/Synth/Synth_repo/Code/WinProj/Drivers/STM32F4xx_HAL_Driver/Inc/Legacy" -I"D:/YandexDisk/Stud/Prog/Synth/Synth_repo/Code/WinProj/Drivers/CMSIS/Device/ST/STM32F4xx/Include" -I"D:/YandexDisk/Stud/Prog/Synth/Synth_repo/Code/WinProj/Drivers/CMSIS/Include"  -Og -g3 -Wall -fmessage-length=0 -ffunction-sections -c -fmessage-length=0 -MMD -MP -MF"Drivers/STM32F4xx_HAL_Driver/Src/stm32f4xx_hal.d" -MT"Drivers/STM32F4xx_HAL_Driver/Src/stm32f4xx_hal.o" -o "Drivers/STM32F4xx_HAL_Driver/Src/stm32f4xx_hal.o" "../Drivers/STM32F4xx_HAL_Driver/Src/stm32f4xx_hal.c"
Finished building: ../Drivers/STM32F4xx_HAL_Driver/Src/stm32f4xx_hal.c
 
Building file: ../Drivers/STM32F4xx_HAL_Driver/Src/stm32f4xx_hal_cortex.c
Invoking: MCU GCC Compiler
D:\YandexDisk\Stud\Prog\Synth\Synth_repo\Code\WinProj\Debug
arm-none-eabi-gcc -mcpu=cortex-m4 -mthumb -mfloat-abi=hard -mfpu=fpv4-sp-d16 '-D__weak=__attribute__((weak))' '-D__packed=__attribute__((__packed__))' -DUSE_HAL_DRIVER -DSTM32F407xx -I"D:/YandexDisk/Stud/Prog/Synth/Synth_repo/Code/WinProj/Inc" -I"D:/YandexDisk/Stud/Prog/Synth/Synth_repo/Code/WinProj/Drivers/STM32F4xx_HAL_Driver/Inc" -I"D:/YandexDisk/Stud/Prog/Synth/Synth_repo/Code/WinProj/Drivers/STM32F4xx_HAL_Driver/Inc/Legacy" -I"D:/YandexDisk/Stud/Prog/Synth/Synth_repo/Code/WinProj/Drivers/CMSIS/Device/ST/STM32F4xx/Include" -I"D:/YandexDisk/Stud/Prog/Synth/Synth_repo/Code/WinProj/Drivers/CMSIS/Include"  -Og -g3 -Wall -fmessage-length=0 -ffunction-sections -c -fmessage-length=0 -MMD -MP -MF"Drivers/STM32F4xx_HAL_Driver/Src/stm32f4xx_hal_cortex.d" -MT"Drivers/STM32F4xx_HAL_Driver/Src/stm32f4xx_hal_cortex.o" -o "Drivers/STM32F4xx_HAL_Driver/Src/stm32f4xx_hal_cortex.o" "../Drivers/STM32F4xx_HAL_Driver/Src/stm32f4xx_hal_cortex.c"
Finished building: ../Drivers/STM32F4xx_HAL_Driver/Src/stm32f4xx_hal_cortex.c
 
Building file: ../Drivers/STM32F4xx_HAL_Driver/Src/stm32f4xx_hal_dma.c
Invoking: MCU GCC Compiler
D:\YandexDisk\Stud\Prog\Synth\Synth_repo\Code\WinProj\Debug
arm-none-eabi-gcc -mcpu=cortex-m4 -mthumb -mfloat-abi=hard -mfpu=fpv4-sp-d16 '-D__weak=__attribute__((weak))' '-D__packed=__attribute__((__packed__))' -DUSE_HAL_DRIVER -DSTM32F407xx -I"D:/YandexDisk/Stud/Prog/Synth/Synth_repo/Code/WinProj/Inc" -I"D:/YandexDisk/Stud/Prog/Synth/Synth_repo/Code/WinProj/Drivers/STM32F4xx_HAL_Driver/Inc" -I"D:/YandexDisk/Stud/Prog/Synth/Synth_repo/Code/WinProj/Drivers/STM32F4xx_HAL_Driver/Inc/Legacy" -I"D:/YandexDisk/Stud/Prog/Synth/Synth_repo/Code/WinProj/Drivers/CMSIS/Device/ST/STM32F4xx/Include" -I"D:/YandexDisk/Stud/Prog/Synth/Synth_repo/Code/WinProj/Drivers/CMSIS/Include"  -Og -g3 -Wall -fmessage-length=0 -ffunction-sections -c -fmessage-length=0 -MMD -MP -MF"Drivers/STM32F4xx_HAL_Driver/Src/stm32f4xx_hal_dma.d" -MT"Drivers/STM32F4xx_HAL_Driver/Src/stm32f4xx_hal_dma.o" -o "Drivers/STM32F4xx_HAL_Driver/Src/stm32f4xx_hal_dma.o" "../Drivers/STM32F4xx_HAL_Driver/Src/stm32f4xx_hal_dma.c"
Finished building: ../Drivers/STM32F4xx_HAL_Driver/Src/stm32f4xx_hal_dma.c
 
Building file: ../Drivers/STM32F4xx_HAL_Driver/Src/stm32f4xx_hal_dma_ex.c
Invoking: MCU GCC Compiler
D:\YandexDisk\Stud\Prog\Synth\Synth_repo\Code\WinProj\Debug
arm-none-eabi-gcc -mcpu=cortex-m4 -mthumb -mfloat-abi=hard -mfpu=fpv4-sp-d16 '-D__weak=__attribute__((weak))' '-D__packed=__attribute__((__packed__))' -DUSE_HAL_DRIVER -DSTM32F407xx -I"D:/YandexDisk/Stud/Prog/Synth/Synth_repo/Code/WinProj/Inc" -I"D:/YandexDisk/Stud/Prog/Synth/Synth_repo/Code/WinProj/Drivers/STM32F4xx_HAL_Driver/Inc" -I"D:/YandexDisk/Stud/Prog/Synth/Synth_repo/Code/WinProj/Drivers/STM32F4xx_HAL_Driver/Inc/Legacy" -I"D:/YandexDisk/Stud/Prog/Synth/Synth_repo/Code/WinProj/Drivers/CMSIS/Device/ST/STM32F4xx/Include" -I"D:/YandexDisk/Stud/Prog/Synth/Synth_repo/Code/WinProj/Drivers/CMSIS/Include"  -Og -g3 -Wall -fmessage-length=0 -ffunction-sections -c -fmessage-length=0 -MMD -MP -MF"Drivers/STM32F4xx_HAL_Driver/Src/stm32f4xx_hal_dma_ex.d" -MT"Drivers/STM32F4xx_HAL_Driver/Src/stm32f4xx_hal_dma_ex.o" -o "Drivers/STM32F4xx_HAL_Driver/Src/stm32f4xx_hal_dma_ex.o" "../Drivers/STM32F4xx_HAL_Driver/Src/stm32f4xx_hal_dma_ex.c"
Finished building: ../Drivers/STM32F4xx_HAL_Driver/Src/stm32f4xx_hal_dma_ex.c
 
Building file: ../Drivers/STM32F4xx_HAL_Driver/Src/stm32f4xx_hal_flash.c
Invoking: MCU GCC Compiler
D:\YandexDisk\Stud\Prog\Synth\Synth_repo\Code\WinProj\Debug
arm-none-eabi-gcc -mcpu=cortex-m4 -mthumb -mfloat-abi=hard -mfpu=fpv4-sp-d16 '-D__weak=__attribute__((weak))' '-D__packed=__attribute__((__packed__))' -DUSE_HAL_DRIVER -DSTM32F407xx -I"D:/YandexDisk/Stud/Prog/Synth/Synth_repo/Code/WinProj/Inc" -I"D:/YandexDisk/Stud/Prog/Synth/Synth_repo/Code/WinProj/Drivers/STM32F4xx_HAL_Driver/Inc" -I"D:/YandexDisk/Stud/Prog/Synth/Synth_repo/Code/WinProj/Drivers/STM32F4xx_HAL_Driver/Inc/Legacy" -I"D:/YandexDisk/Stud/Prog/Synth/Synth_repo/Code/WinProj/Drivers/CMSIS/Device/ST/STM32F4xx/Include" -I"D:/YandexDisk/Stud/Prog/Synth/Synth_repo/Code/WinProj/Drivers/CMSIS/Include"  -Og -g3 -Wall -fmessage-length=0 -ffunction-sections -c -fmessage-length=0 -MMD -MP -MF"Drivers/STM32F4xx_HAL_Driver/Src/stm32f4xx_hal_flash.d" -MT"Drivers/STM32F4xx_HAL_Driver/Src/stm32f4xx_hal_flash.o" -o "Drivers/STM32F4xx_HAL_Driver/Src/stm32f4xx_hal_flash.o" "../Drivers/STM32F4xx_HAL_Driver/Src/stm32f4xx_hal_flash.c"
Finished building: ../Drivers/STM32F4xx_HAL_Driver/Src/stm32f4xx_hal_flash.c
 
Building file: ../Drivers/STM32F4xx_HAL_Driver/Src/stm32f4xx_hal_flash_ex.c
Invoking: MCU GCC Compiler
D:\YandexDisk\Stud\Prog\Synth\Synth_repo\Code\WinProj\Debug
arm-none-eabi-gcc -mcpu=cortex-m4 -mthumb -mfloat-abi=hard -mfpu=fpv4-sp-d16 '-D__weak=__attribute__((weak))' '-D__packed=__attribute__((__packed__))' -DUSE_HAL_DRIVER -DSTM32F407xx -I"D:/YandexDisk/Stud/Prog/Synth/Synth_repo/Code/WinProj/Inc" -I"D:/YandexDisk/Stud/Prog/Synth/Synth_repo/Code/WinProj/Drivers/STM32F4xx_HAL_Driver/Inc" -I"D:/YandexDisk/Stud/Prog/Synth/Synth_repo/Code/WinProj/Drivers/STM32F4xx_HAL_Driver/Inc/Legacy" -I"D:/YandexDisk/Stud/Prog/Synth/Synth_repo/Code/WinProj/Drivers/CMSIS/Device/ST/STM32F4xx/Include" -I"D:/YandexDisk/Stud/Prog/Synth/Synth_repo/Code/WinProj/Drivers/CMSIS/Include"  -Og -g3 -Wall -fmessage-length=0 -ffunction-sections -c -fmessage-length=0 -MMD -MP -MF"Drivers/STM32F4xx_HAL_Driver/Src/stm32f4xx_hal_flash_ex.d" -MT"Drivers/STM32F4xx_HAL_Driver/Src/stm32f4xx_hal_flash_ex.o" -o "Drivers/STM32F4xx_HAL_Driver/Src/stm32f4xx_hal_flash_ex.o" "../Drivers/STM32F4xx_HAL_Driver/Src/stm32f4xx_hal_flash_ex.c"
Finished building: ../Drivers/STM32F4xx_HAL_Driver/Src/stm32f4xx_hal_flash_ex.c
 
Building file: ../Drivers/STM32F4xx_HAL_Driver/Src/stm32f4xx_hal_flash_ramfunc.c
Invoking: MCU GCC Compiler
D:\YandexDisk\Stud\Prog\Synth\Synth_repo\Code\WinProj\Debug
arm-none-eabi-gcc -mcpu=cortex-m4 -mthumb -mfloat-abi=hard -mfpu=fpv4-sp-d16 '-D__weak=__attribute__((weak))' '-D__packed=__attribute__((__packed__))' -DUSE_HAL_DRIVER -DSTM32F407xx -I"D:/YandexDisk/Stud/Prog/Synth/Synth_repo/Code/WinProj/Inc" -I"D:/YandexDisk/Stud/Prog/Synth/Synth_repo/Code/WinProj/Drivers/STM32F4xx_HAL_Driver/Inc" -I"D:/YandexDisk/Stud/Prog/Synth/Synth_repo/Code/WinProj/Drivers/STM32F4xx_HAL_Driver/Inc/Legacy" -I"D:/YandexDisk/Stud/Prog/Synth/Synth_repo/Code/WinProj/Drivers/CMSIS/Device/ST/STM32F4xx/Include" -I"D:/YandexDisk/Stud/Prog/Synth/Synth_repo/Code/WinProj/Drivers/CMSIS/Include"  -Og -g3 -Wall -fmessage-length=0 -ffunction-sections -c -fmessage-length=0 -MMD -MP -MF"Drivers/STM32F4xx_HAL_Driver/Src/stm32f4xx_hal_flash_ramfunc.d" -MT"Drivers/STM32F4xx_HAL_Driver/Src/stm32f4xx_hal_flash_ramfunc.o" -o "Drivers/STM32F4xx_HAL_Driver/Src/stm32f4xx_hal_flash_ramfunc.o" "../Drivers/STM32F4xx_HAL_Driver/Src/stm32f4xx_hal_flash_ramfunc.c"
Finished building: ../Drivers/STM32F4xx_HAL_Driver/Src/stm32f4xx_hal_flash_ramfunc.c
 
Building file: ../Drivers/STM32F4xx_HAL_Driver/Src/stm32f4xx_hal_gpio.c
Invoking: MCU GCC Compiler
D:\YandexDisk\Stud\Prog\Synth\Synth_repo\Code\WinProj\Debug
arm-none-eabi-gcc -mcpu=cortex-m4 -mthumb -mfloat-abi=hard -mfpu=fpv4-sp-d16 '-D__weak=__attribute__((weak))' '-D__packed=__attribute__((__packed__))' -DUSE_HAL_DRIVER -DSTM32F407xx -I"D:/YandexDisk/Stud/Prog/Synth/Synth_repo/Code/WinProj/Inc" -I"D:/YandexDisk/Stud/Prog/Synth/Synth_repo/Code/WinProj/Drivers/STM32F4xx_HAL_Driver/Inc" -I"D:/YandexDisk/Stud/Prog/Synth/Synth_repo/Code/WinProj/Drivers/STM32F4xx_HAL_Driver/Inc/Legacy" -I"D:/YandexDisk/Stud/Prog/Synth/Synth_repo/Code/WinProj/Drivers/CMSIS/Device/ST/STM32F4xx/Include" -I"D:/YandexDisk/Stud/Prog/Synth/Synth_repo/Code/WinProj/Drivers/CMSIS/Include"  -Og -g3 -Wall -fmessage-length=0 -ffunction-sections -c -fmessage-length=0 -MMD -MP -MF"Drivers/STM32F4xx_HAL_Driver/Src/stm32f4xx_hal_gpio.d" -MT"Drivers/STM32F4xx_HAL_Driver/Src/stm32f4xx_hal_gpio.o" -o "Drivers/STM32F4xx_HAL_Driver/Src/stm32f4xx_hal_gpio.o" "../Drivers/STM32F4xx_HAL_Driver/Src/stm32f4xx_hal_gpio.c"
Finished building: ../Drivers/STM32F4xx_HAL_Driver/Src/stm32f4xx_hal_gpio.c
 
Building file: ../Drivers/STM32F4xx_HAL_Driver/Src/stm32f4xx_hal_pwr.c
Invoking: MCU GCC Compiler
D:\YandexDisk\Stud\Prog\Synth\Synth_repo\Code\WinProj\Debug
arm-none-eabi-gcc -mcpu=cortex-m4 -mthumb -mfloat-abi=hard -mfpu=fpv4-sp-d16 '-D__weak=__attribute__((weak))' '-D__packed=__attribute__((__packed__))' -DUSE_HAL_DRIVER -DSTM32F407xx -I"D:/YandexDisk/Stud/Prog/Synth/Synth_repo/Code/WinProj/Inc" -I"D:/YandexDisk/Stud/Prog/Synth/Synth_repo/Code/WinProj/Drivers/STM32F4xx_HAL_Driver/Inc" -I"D:/YandexDisk/Stud/Prog/Synth/Synth_repo/Code/WinProj/Drivers/STM32F4xx_HAL_Driver/Inc/Legacy" -I"D:/YandexDisk/Stud/Prog/Synth/Synth_repo/Code/WinProj/Drivers/CMSIS/Device/ST/STM32F4xx/Include" -I"D:/YandexDisk/Stud/Prog/Synth/Synth_repo/Code/WinProj/Drivers/CMSIS/Include"  -Og -g3 -Wall -fmessage-length=0 -ffunction-sections -c -fmessage-length=0 -MMD -MP -MF"Drivers/STM32F4xx_HAL_Driver/Src/stm32f4xx_hal_pwr.d" -MT"Drivers/STM32F4xx_HAL_Driver/Src/stm32f4xx_hal_pwr.o" -o "Drivers/STM32F4xx_HAL_Driver/Src/stm32f4xx_hal_pwr.o" "../Drivers/STM32F4xx_HAL_Driver/Src/stm32f4xx_hal_pwr.c"
Finished building: ../Drivers/STM32F4xx_HAL_Driver/Src/stm32f4xx_hal_pwr.c
 
Building file: ../Drivers/STM32F4xx_HAL_Driver/Src/stm32f4xx_hal_pwr_ex.c
Invoking: MCU GCC Compiler
D:\YandexDisk\Stud\Prog\Synth\Synth_repo\Code\WinProj\Debug
arm-none-eabi-gcc -mcpu=cortex-m4 -mthumb -mfloat-abi=hard -mfpu=fpv4-sp-d16 '-D__weak=__attribute__((weak))' '-D__packed=__attribute__((__packed__))' -DUSE_HAL_DRIVER -DSTM32F407xx -I"D:/YandexDisk/Stud/Prog/Synth/Synth_repo/Code/WinProj/Inc" -I"D:/YandexDisk/Stud/Prog/Synth/Synth_repo/Code/WinProj/Drivers/STM32F4xx_HAL_Driver/Inc" -I"D:/YandexDisk/Stud/Prog/Synth/Synth_repo/Code/WinProj/Drivers/STM32F4xx_HAL_Driver/Inc/Legacy" -I"D:/YandexDisk/Stud/Prog/Synth/Synth_repo/Code/WinProj/Drivers/CMSIS/Device/ST/STM32F4xx/Include" -I"D:/YandexDisk/Stud/Prog/Synth/Synth_repo/Code/WinProj/Drivers/CMSIS/Include"  -Og -g3 -Wall -fmessage-length=0 -ffunction-sections -c -fmessage-length=0 -MMD -MP -MF"Drivers/STM32F4xx_HAL_Driver/Src/stm32f4xx_hal_pwr_ex.d" -MT"Drivers/STM32F4xx_HAL_Driver/Src/stm32f4xx_hal_pwr_ex.o" -o "Drivers/STM32F4xx_HAL_Driver/Src/stm32f4xx_hal_pwr_ex.o" "../Drivers/STM32F4xx_HAL_Driver/Src/stm32f4xx_hal_pwr_ex.c"
Finished building: ../Drivers/STM32F4xx_HAL_Driver/Src/stm32f4xx_hal_pwr_ex.c
 
Building file: ../Drivers/STM32F4xx_HAL_Driver/Src/stm32f4xx_hal_rcc.c
Invoking: MCU GCC Compiler
D:\YandexDisk\Stud\Prog\Synth\Synth_repo\Code\WinProj\Debug
arm-none-eabi-gcc -mcpu=cortex-m4 -mthumb -mfloat-abi=hard -mfpu=fpv4-sp-d16 '-D__weak=__attribute__((weak))' '-D__packed=__attribute__((__packed__))' -DUSE_HAL_DRIVER -DSTM32F407xx -I"D:/YandexDisk/Stud/Prog/Synth/Synth_repo/Code/WinProj/Inc" -I"D:/YandexDisk/Stud/Prog/Synth/Synth_repo/Code/WinProj/Drivers/STM32F4xx_HAL_Driver/Inc" -I"D:/YandexDisk/Stud/Prog/Synth/Synth_repo/Code/WinProj/Drivers/STM32F4xx_HAL_Driver/Inc/Legacy" -I"D:/YandexDisk/Stud/Prog/Synth/Synth_repo/Code/WinProj/Drivers/CMSIS/Device/ST/STM32F4xx/Include" -I"D:/YandexDisk/Stud/Prog/Synth/Synth_repo/Code/WinProj/Drivers/CMSIS/Include"  -Og -g3 -Wall -fmessage-length=0 -ffunction-sections -c -fmessage-length=0 -MMD -MP -MF"Drivers/STM32F4xx_HAL_Driver/Src/stm32f4xx_hal_rcc.d" -MT"Drivers/STM32F4xx_HAL_Driver/Src/stm32f4xx_hal_rcc.o" -o "Drivers/STM32F4xx_HAL_Driver/Src/stm32f4xx_hal_rcc.o" "../Drivers/STM32F4xx_HAL_Driver/Src/stm32f4xx_hal_rcc.c"
Finished building: ../Drivers/STM32F4xx_HAL_Driver/Src/stm32f4xx_hal_rcc.c
 
Building file: ../Drivers/STM32F4xx_HAL_Driver/Src/stm32f4xx_hal_rcc_ex.c
Invoking: MCU GCC Compiler
D:\YandexDisk\Stud\Prog\Synth\Synth_repo\Code\WinProj\Debug
arm-none-eabi-gcc -mcpu=cortex-m4 -mthumb -mfloat-abi=hard -mfpu=fpv4-sp-d16 '-D__weak=__attribute__((weak))' '-D__packed=__attribute__((__packed__))' -DUSE_HAL_DRIVER -DSTM32F407xx -I"D:/YandexDisk/Stud/Prog/Synth/Synth_repo/Code/WinProj/Inc" -I"D:/YandexDisk/Stud/Prog/Synth/Synth_repo/Code/WinProj/Drivers/STM32F4xx_HAL_Driver/Inc" -I"D:/YandexDisk/Stud/Prog/Synth/Synth_repo/Code/WinProj/Drivers/STM32F4xx_HAL_Driver/Inc/Legacy" -I"D:/YandexDisk/Stud/Prog/Synth/Synth_repo/Code/WinProj/Drivers/CMSIS/Device/ST/STM32F4xx/Include" -I"D:/YandexDisk/Stud/Prog/Synth/Synth_repo/Code/WinProj/Drivers/CMSIS/Include"  -Og -g3 -Wall -fmessage-length=0 -ffunction-sections -c -fmessage-length=0 -MMD -MP -MF"Drivers/STM32F4xx_HAL_Driver/Src/stm32f4xx_hal_rcc_ex.d" -MT"Drivers/STM32F4xx_HAL_Driver/Src/stm32f4xx_hal_rcc_ex.o" -o "Drivers/STM32F4xx_HAL_Driver/Src/stm32f4xx_hal_rcc_ex.o" "../Drivers/STM32F4xx_HAL_Driver/Src/stm32f4xx_hal_rcc_ex.c"
Finished building: ../Drivers/STM32F4xx_HAL_Driver/Src/stm32f4xx_hal_rcc_ex.c
 
Building file: ../Drivers/STM32F4xx_HAL_Driver/Src/stm32f4xx_hal_tim.c
Invoking: MCU GCC Compiler
D:\YandexDisk\Stud\Prog\Synth\Synth_repo\Code\WinProj\Debug
arm-none-eabi-gcc -mcpu=cortex-m4 -mthumb -mfloat-abi=hard -mfpu=fpv4-sp-d16 '-D__weak=__attribute__((weak))' '-D__packed=__attribute__((__packed__))' -DUSE_HAL_DRIVER -DSTM32F407xx -I"D:/YandexDisk/Stud/Prog/Synth/Synth_repo/Code/WinProj/Inc" -I"D:/YandexDisk/Stud/Prog/Synth/Synth_repo/Code/WinProj/Drivers/STM32F4xx_HAL_Driver/Inc" -I"D:/YandexDisk/Stud/Prog/Synth/Synth_repo/Code/WinProj/Drivers/STM32F4xx_HAL_Driver/Inc/Legacy" -I"D:/YandexDisk/Stud/Prog/Synth/Synth_repo/Code/WinProj/Drivers/CMSIS/Device/ST/STM32F4xx/Include" -I"D:/YandexDisk/Stud/Prog/Synth/Synth_repo/Code/WinProj/Drivers/CMSIS/Include"  -Og -g3 -Wall -fmessage-length=0 -ffunction-sections -c -fmessage-length=0 -MMD -MP -MF"Drivers/STM32F4xx_HAL_Driver/Src/stm32f4xx_hal_tim.d" -MT"Drivers/STM32F4xx_HAL_Driver/Src/stm32f4xx_hal_tim.o" -o "Drivers/STM32F4xx_HAL_Driver/Src/stm32f4xx_hal_tim.o" "../Drivers/STM32F4xx_HAL_Driver/Src/stm32f4xx_hal_tim.c"
Finished building: ../Drivers/STM32F4xx_HAL_Driver/Src/stm32f4xx_hal_tim.c
 
Building file: ../Drivers/STM32F4xx_HAL_Driver/Src/stm32f4xx_hal_tim_ex.c
Invoking: MCU GCC Compiler
D:\YandexDisk\Stud\Prog\Synth\Synth_repo\Code\WinProj\Debug
arm-none-eabi-gcc -mcpu=cortex-m4 -mthumb -mfloat-abi=hard -mfpu=fpv4-sp-d16 '-D__weak=__attribute__((weak))' '-D__packed=__attribute__((__packed__))' -DUSE_HAL_DRIVER -DSTM32F407xx -I"D:/YandexDisk/Stud/Prog/Synth/Synth_repo/Code/WinProj/Inc" -I"D:/YandexDisk/Stud/Prog/Synth/Synth_repo/Code/WinProj/Drivers/STM32F4xx_HAL_Driver/Inc" -I"D:/YandexDisk/Stud/Prog/Synth/Synth_repo/Code/WinProj/Drivers/STM32F4xx_HAL_Driver/Inc/Legacy" -I"D:/YandexDisk/Stud/Prog/Synth/Synth_repo/Code/WinProj/Drivers/CMSIS/Device/ST/STM32F4xx/Include" -I"D:/YandexDisk/Stud/Prog/Synth/Synth_repo/Code/WinProj/Drivers/CMSIS/Include"  -Og -g3 -Wall -fmessage-length=0 -ffunction-sections -c -fmessage-length=0 -MMD -MP -MF"Drivers/STM32F4xx_HAL_Driver/Src/stm32f4xx_hal_tim_ex.d" -MT"Drivers/STM32F4xx_HAL_Driver/Src/stm32f4xx_hal_tim_ex.o" -o "Drivers/STM32F4xx_HAL_Driver/Src/stm32f4xx_hal_tim_ex.o" "../Drivers/STM32F4xx_HAL_Driver/Src/stm32f4xx_hal_tim_ex.c"
Finished building: ../Drivers/STM32F4xx_HAL_Driver/Src/stm32f4xx_hal_tim_ex.c
 
Building target: WinProj.elf
Invoking: MCU G++ Linker
arm-none-eabi-g++ -mcpu=cortex-m4 -mthumb -mfloat-abi=hard -mfpu=fpv4-sp-d16 -specs=nosys.specs -specs=nano.specs -T"../STM32F407VGTx_FLASH.ld" -Wl,-Map=output.map -Wl,--gc-sections -fno-exceptions -fno-rtti -o "WinProj.elf" @"objects.list"   -lm
Finished building target: WinProj.elf
 
make --no-print-directory post-build
Generating hex and Printing size information:
arm-none-eabi-objcopy -O ihex "WinProj.elf" "WinProj.hex"
arm-none-eabi-size "WinProj.elf"
   text	   data	    bss	    dec	    hex	filename
   3908	     20	   1572	   5500	   157c	WinProj.elf
 
17:41:38 **** Incremental Build of configuration Debug for project WinProj ****
make all 
Building file: ../Src/main.cpp
Invoking: MCU G++ Compiler
D:\YandexDisk\Stud\Prog\Synth\Synth_repo\Code\WinProj\Debug
arm-none-eabi-g++ -mcpu=cortex-m4 -mthumb -mfloat-abi=hard -mfpu=fpv4-sp-d16 '-D__weak=__attribute__((weak))' '-D__packed=__attribute__((__packed__))' -DUSE_HAL_DRIVER -DSTM32F407xx -I"D:/YandexDisk/Stud/Prog/Synth/Synth_repo/Code/WinProj/Inc" -I"D:/YandexDisk/Stud/Prog/Synth/Synth_repo/Code/WinProj/Drivers/STM32F4xx_HAL_Driver/Inc" -I"D:/YandexDisk/Stud/Prog/Synth/Synth_repo/Code/WinProj/Drivers/STM32F4xx_HAL_Driver/Inc/Legacy" -I"D:/YandexDisk/Stud/Prog/Synth/Synth_repo/Code/WinProj/Drivers/CMSIS/Device/ST/STM32F4xx/Include" -I"D:/YandexDisk/Stud/Prog/Synth/Synth_repo/Code/WinProj/Drivers/CMSIS/Include"  -Og -g3 -Wall -fmessage-length=0 -ffunction-sections -c -fno-exceptions -fno-rtti -MMD -MP -MF"Src/main.d" -MT"Src/main.o" -o "Src/main.o" "../Src/main.cpp"
../Src/main.cpp: In function 'void SystemClock_Config()':
../Src/main.cpp:142:38: warning: ISO C++ forbids converting a string constant to 'char*' [-Wwrite-strings]
     _Error_Handler(__FILE__, __LINE__);
                                      ^
../Src/main.cpp:156:38: warning: ISO C++ forbids converting a string constant to 'char*' [-Wwrite-strings]
     _Error_Handler(__FILE__, __LINE__);
                                      ^
Finished building: ../Src/main.cpp
 
Building target: WinProj.elf
Invoking: MCU G++ Linker
arm-none-eabi-g++ -mcpu=cortex-m4 -mthumb -mfloat-abi=hard -mfpu=fpv4-sp-d16 -specs=nosys.specs -specs=nano.specs -T"../STM32F407VGTx_FLASH.ld" -Wl,-Map=output.map -Wl,--gc-sections -fno-exceptions -fno-rtti -o "WinProj.elf" @"objects.list"   -lm
Finished building target: WinProj.elf
 
make --no-print-directory post-build
Generating hex and Printing size information:
arm-none-eabi-objcopy -O ihex "WinProj.elf" "WinProj.hex"
arm-none-eabi-size "WinProj.elf"
   text	   data	    bss	    dec	    hex	filename
   3908	     20	   1572	   5500	   157c	WinProj.elf
 
