03:54:10 **** Build of configuration Debug for project WinProj ****
make all 
Building file: ../startup/startup_stm32f407xx.s
Invoking: MCU GCC Assembler
C:\MEDIA\YandexDisk\Stud\Prog\Synth\Synth_repo\Code\WinProj\Debug
arm-none-eabi-as -mcpu=cortex-m4 -mthumb -mfloat-abi=hard -mfpu=fpv4-sp-d16 -g -o "startup/startup_stm32f407xx.o" "../startup/startup_stm32f407xx.s"
Finished building: ../startup/startup_stm32f407xx.s
 
Building file: C:/MEDIA/YandexDisk/Stud/Prog/Synth/Synth_repo/Code/WeirdProj/src/Amp.cpp
Invoking: MCU G++ Compiler
C:\MEDIA\YandexDisk\Stud\Prog\Synth\Synth_repo\Code\WinProj\Debug
arm-none-eabi-g++ -mcpu=cortex-m4 -mthumb -mfloat-abi=hard -mfpu=fpv4-sp-d16 -DARM_MATH_CM4 '-D__weak=__attribute__((weak))' '-D__packed=__attribute__((__packed__))' -DUSE_HAL_DRIVER -DSTM32F407xx -I"C:/MEDIA/YandexDisk/Stud/Prog/Synth/Synth_repo/Code/WinProj/Inc" -I"C:/MEDIA/YandexDisk/Stud/Prog/Synth/Synth_repo/Code/WinProj/Drivers/STM32F4xx_HAL_Driver/Inc" -I"C:/MEDIA/YandexDisk/Stud/Prog/Synth/Synth_repo/Code/WinProj/Drivers/STM32F4xx_HAL_Driver/Inc/Legacy" -I"C:/MEDIA/YandexDisk/Stud/Prog/Synth/Synth_repo/Code/WinProj/Drivers/CMSIS/Device/ST/STM32F4xx/Include" -I"C:/MEDIA/YandexDisk/Stud/Prog/Synth/Synth_repo/Code/WinProj/Drivers/CMSIS/Include" -I"C:/MEDIA/YandexDisk/Stud/Prog/Synth/Synth_repo/Code/WeirdProj/inc"  -O3 -g3 -Wall -fmessage-length=0 -ffunction-sections -c -fno-exceptions -MMD -MP -MF"modules/src/Amp.d" -MT"modules/src/Amp.o" -o "modules/src/Amp.o" "C:/MEDIA/YandexDisk/Stud/Prog/Synth/Synth_repo/Code/WeirdProj/src/Amp.cpp"
Finished building: C:/MEDIA/YandexDisk/Stud/Prog/Synth/Synth_repo/Code/WeirdProj/src/Amp.cpp
 
Building file: C:/MEDIA/YandexDisk/Stud/Prog/Synth/Synth_repo/Code/WeirdProj/src/CodecDriver.cpp
Invoking: MCU G++ Compiler
C:\MEDIA\YandexDisk\Stud\Prog\Synth\Synth_repo\Code\WinProj\Debug
arm-none-eabi-g++ -mcpu=cortex-m4 -mthumb -mfloat-abi=hard -mfpu=fpv4-sp-d16 -DARM_MATH_CM4 '-D__weak=__attribute__((weak))' '-D__packed=__attribute__((__packed__))' -DUSE_HAL_DRIVER -DSTM32F407xx -I"C:/MEDIA/YandexDisk/Stud/Prog/Synth/Synth_repo/Code/WinProj/Inc" -I"C:/MEDIA/YandexDisk/Stud/Prog/Synth/Synth_repo/Code/WinProj/Drivers/STM32F4xx_HAL_Driver/Inc" -I"C:/MEDIA/YandexDisk/Stud/Prog/Synth/Synth_repo/Code/WinProj/Drivers/STM32F4xx_HAL_Driver/Inc/Legacy" -I"C:/MEDIA/YandexDisk/Stud/Prog/Synth/Synth_repo/Code/WinProj/Drivers/CMSIS/Device/ST/STM32F4xx/Include" -I"C:/MEDIA/YandexDisk/Stud/Prog/Synth/Synth_repo/Code/WinProj/Drivers/CMSIS/Include" -I"C:/MEDIA/YandexDisk/Stud/Prog/Synth/Synth_repo/Code/WeirdProj/inc"  -O3 -g3 -Wall -fmessage-length=0 -ffunction-sections -c -fno-exceptions -MMD -MP -MF"modules/src/CodecDriver.d" -MT"modules/src/CodecDriver.o" -o "modules/src/CodecDriver.o" "C:/MEDIA/YandexDisk/Stud/Prog/Synth/Synth_repo/Code/WeirdProj/src/CodecDriver.cpp"
Finished building: C:/MEDIA/YandexDisk/Stud/Prog/Synth/Synth_repo/Code/WeirdProj/src/CodecDriver.cpp
 
Building file: C:/MEDIA/YandexDisk/Stud/Prog/Synth/Synth_repo/Code/WeirdProj/src/Generator.cpp
Invoking: MCU G++ Compiler
C:\MEDIA\YandexDisk\Stud\Prog\Synth\Synth_repo\Code\WinProj\Debug
arm-none-eabi-g++ -mcpu=cortex-m4 -mthumb -mfloat-abi=hard -mfpu=fpv4-sp-d16 -DARM_MATH_CM4 '-D__weak=__attribute__((weak))' '-D__packed=__attribute__((__packed__))' -DUSE_HAL_DRIVER -DSTM32F407xx -I"C:/MEDIA/YandexDisk/Stud/Prog/Synth/Synth_repo/Code/WinProj/Inc" -I"C:/MEDIA/YandexDisk/Stud/Prog/Synth/Synth_repo/Code/WinProj/Drivers/STM32F4xx_HAL_Driver/Inc" -I"C:/MEDIA/YandexDisk/Stud/Prog/Synth/Synth_repo/Code/WinProj/Drivers/STM32F4xx_HAL_Driver/Inc/Legacy" -I"C:/MEDIA/YandexDisk/Stud/Prog/Synth/Synth_repo/Code/WinProj/Drivers/CMSIS/Device/ST/STM32F4xx/Include" -I"C:/MEDIA/YandexDisk/Stud/Prog/Synth/Synth_repo/Code/WinProj/Drivers/CMSIS/Include" -I"C:/MEDIA/YandexDisk/Stud/Prog/Synth/Synth_repo/Code/WeirdProj/inc"  -O3 -g3 -Wall -fmessage-length=0 -ffunction-sections -c -fno-exceptions -MMD -MP -MF"modules/src/Generator.d" -MT"modules/src/Generator.o" -o "modules/src/Generator.o" "C:/MEDIA/YandexDisk/Stud/Prog/Synth/Synth_repo/Code/WeirdProj/src/Generator.cpp"
Finished building: C:/MEDIA/YandexDisk/Stud/Prog/Synth/Synth_repo/Code/WeirdProj/src/Generator.cpp
 
Building file: C:/MEDIA/YandexDisk/Stud/Prog/Synth/Synth_repo/Code/WeirdProj/src/Generic.cpp
Invoking: MCU G++ Compiler
C:\MEDIA\YandexDisk\Stud\Prog\Synth\Synth_repo\Code\WinProj\Debug
arm-none-eabi-g++ -mcpu=cortex-m4 -mthumb -mfloat-abi=hard -mfpu=fpv4-sp-d16 -DARM_MATH_CM4 '-D__weak=__attribute__((weak))' '-D__packed=__attribute__((__packed__))' -DUSE_HAL_DRIVER -DSTM32F407xx -I"C:/MEDIA/YandexDisk/Stud/Prog/Synth/Synth_repo/Code/WinProj/Inc" -I"C:/MEDIA/YandexDisk/Stud/Prog/Synth/Synth_repo/Code/WinProj/Drivers/STM32F4xx_HAL_Driver/Inc" -I"C:/MEDIA/YandexDisk/Stud/Prog/Synth/Synth_repo/Code/WinProj/Drivers/STM32F4xx_HAL_Driver/Inc/Legacy" -I"C:/MEDIA/YandexDisk/Stud/Prog/Synth/Synth_repo/Code/WinProj/Drivers/CMSIS/Device/ST/STM32F4xx/Include" -I"C:/MEDIA/YandexDisk/Stud/Prog/Synth/Synth_repo/Code/WinProj/Drivers/CMSIS/Include" -I"C:/MEDIA/YandexDisk/Stud/Prog/Synth/Synth_repo/Code/WeirdProj/inc"  -O3 -g3 -Wall -fmessage-length=0 -ffunction-sections -c -fno-exceptions -MMD -MP -MF"modules/src/Generic.d" -MT"modules/src/Generic.o" -o "modules/src/Generic.o" "C:/MEDIA/YandexDisk/Stud/Prog/Synth/Synth_repo/Code/WeirdProj/src/Generic.cpp"
Finished building: C:/MEDIA/YandexDisk/Stud/Prog/Synth/Synth_repo/Code/WeirdProj/src/Generic.cpp
 
Building file: C:/MEDIA/YandexDisk/Stud/Prog/Synth/Synth_repo/Code/WeirdProj/src/Module.cpp
Invoking: MCU G++ Compiler
C:\MEDIA\YandexDisk\Stud\Prog\Synth\Synth_repo\Code\WinProj\Debug
arm-none-eabi-g++ -mcpu=cortex-m4 -mthumb -mfloat-abi=hard -mfpu=fpv4-sp-d16 -DARM_MATH_CM4 '-D__weak=__attribute__((weak))' '-D__packed=__attribute__((__packed__))' -DUSE_HAL_DRIVER -DSTM32F407xx -I"C:/MEDIA/YandexDisk/Stud/Prog/Synth/Synth_repo/Code/WinProj/Inc" -I"C:/MEDIA/YandexDisk/Stud/Prog/Synth/Synth_repo/Code/WinProj/Drivers/STM32F4xx_HAL_Driver/Inc" -I"C:/MEDIA/YandexDisk/Stud/Prog/Synth/Synth_repo/Code/WinProj/Drivers/STM32F4xx_HAL_Driver/Inc/Legacy" -I"C:/MEDIA/YandexDisk/Stud/Prog/Synth/Synth_repo/Code/WinProj/Drivers/CMSIS/Device/ST/STM32F4xx/Include" -I"C:/MEDIA/YandexDisk/Stud/Prog/Synth/Synth_repo/Code/WinProj/Drivers/CMSIS/Include" -I"C:/MEDIA/YandexDisk/Stud/Prog/Synth/Synth_repo/Code/WeirdProj/inc"  -O3 -g3 -Wall -fmessage-length=0 -ffunction-sections -c -fno-exceptions -MMD -MP -MF"modules/src/Module.d" -MT"modules/src/Module.o" -o "modules/src/Module.o" "C:/MEDIA/YandexDisk/Stud/Prog/Synth/Synth_repo/Code/WeirdProj/src/Module.cpp"
Finished building: C:/MEDIA/YandexDisk/Stud/Prog/Synth/Synth_repo/Code/WeirdProj/src/Module.cpp
 
Building file: C:/MEDIA/YandexDisk/Stud/Prog/Synth/Synth_repo/Code/WeirdProj/src/Wire.cpp
Invoking: MCU G++ Compiler
C:\MEDIA\YandexDisk\Stud\Prog\Synth\Synth_repo\Code\WinProj\Debug
arm-none-eabi-g++ -mcpu=cortex-m4 -mthumb -mfloat-abi=hard -mfpu=fpv4-sp-d16 -DARM_MATH_CM4 '-D__weak=__attribute__((weak))' '-D__packed=__attribute__((__packed__))' -DUSE_HAL_DRIVER -DSTM32F407xx -I"C:/MEDIA/YandexDisk/Stud/Prog/Synth/Synth_repo/Code/WinProj/Inc" -I"C:/MEDIA/YandexDisk/Stud/Prog/Synth/Synth_repo/Code/WinProj/Drivers/STM32F4xx_HAL_Driver/Inc" -I"C:/MEDIA/YandexDisk/Stud/Prog/Synth/Synth_repo/Code/WinProj/Drivers/STM32F4xx_HAL_Driver/Inc/Legacy" -I"C:/MEDIA/YandexDisk/Stud/Prog/Synth/Synth_repo/Code/WinProj/Drivers/CMSIS/Device/ST/STM32F4xx/Include" -I"C:/MEDIA/YandexDisk/Stud/Prog/Synth/Synth_repo/Code/WinProj/Drivers/CMSIS/Include" -I"C:/MEDIA/YandexDisk/Stud/Prog/Synth/Synth_repo/Code/WeirdProj/inc"  -O3 -g3 -Wall -fmessage-length=0 -ffunction-sections -c -fno-exceptions -MMD -MP -MF"modules/src/Wire.d" -MT"modules/src/Wire.o" -o "modules/src/Wire.o" "C:/MEDIA/YandexDisk/Stud/Prog/Synth/Synth_repo/Code/WeirdProj/src/Wire.cpp"
In file included from C:/MEDIA/YandexDisk/Stud/Prog/Synth/Synth_repo/Code/WeirdProj/src/Wire.cpp:8:0:
C:/MEDIA/YandexDisk/Stud/Prog/Synth/Synth_repo/Code/WeirdProj/inc/Wire.hpp: In constructor 'Wire::Wire(Module&, Module&, Parameter::ParamName)':
C:/MEDIA/YandexDisk/Stud/Prog/Synth/Synth_repo/Code/WeirdProj/inc/Wire.hpp:32:10: warning: 'Wire::source' will be initialized after [-Wreorder]
  Module *source;                    // source module (provider)
          ^~~~~~
C:/MEDIA/YandexDisk/Stud/Prog/Synth/Synth_repo/Code/WeirdProj/inc/Wire.hpp:31:10: warning:   'Module* Wire::destination' [-Wreorder]
  Module *destination;               // destination module (consumer)
          ^~~~~~~~~~~
C:/MEDIA/YandexDisk/Stud/Prog/Synth/Synth_repo/Code/WeirdProj/src/Wire.cpp:10:1: warning:   when initialized here [-Wreorder]
 Wire::Wire(Module& src_, Module& dst_, Parameter::ParamName param_) :
 ^~~~
In file included from C:/MEDIA/YandexDisk/Stud/Prog/Synth/Synth_repo/Code/WeirdProj/src/Wire.cpp:8:0:
C:/MEDIA/YandexDisk/Stud/Prog/Synth/Synth_repo/Code/WeirdProj/inc/Wire.hpp:31:10: warning: 'Wire::destination' will be initialized after [-Wreorder]
  Module *destination;               // destination module (consumer)
          ^~~~~~~~~~~
C:/MEDIA/YandexDisk/Stud/Prog/Synth/Synth_repo/Code/WeirdProj/inc/Wire.hpp:28:11: warning:   'uint32_t Wire::paramSocket' [-Wreorder]
  uint32_t paramSocket;              // wire is connected to this parameter's socket
           ^~~~~~~~~~~
C:/MEDIA/YandexDisk/Stud/Prog/Synth/Synth_repo/Code/WeirdProj/src/Wire.cpp:10:1: warning:   when initialized here [-Wreorder]
 Wire::Wire(Module& src_, Module& dst_, Parameter::ParamName param_) :
 ^~~~
C:/MEDIA/YandexDisk/Stud/Prog/Synth/Synth_repo/Code/WeirdProj/src/Wire.cpp: In member function 'void Wire::replugProvider(Module&)':
C:/MEDIA/YandexDisk/Stud/Prog/Synth/Synth_repo/Code/WeirdProj/src/Wire.cpp:84:9: warning: enumeration value 'NOT_INITIALIZED' not handled in switch [-Wswitch]
  switch (destination->getModuleType()) {       // depending on the destination module type, connect new source's outBuf to destination's parameter's socket
         ^
C:/MEDIA/YandexDisk/Stud/Prog/Synth/Synth_repo/Code/WeirdProj/src/Wire.cpp:84:9: warning: enumeration value 'AMPLIFIER' not handled in switch [-Wswitch]
C:/MEDIA/YandexDisk/Stud/Prog/Synth/Synth_repo/Code/WeirdProj/src/Wire.cpp: In member function 'void Wire::plug(Parameter::ParamName)':
C:/MEDIA/YandexDisk/Stud/Prog/Synth/Synth_repo/Code/WeirdProj/src/Wire.cpp:94:9: warning: enumeration value 'NOT_INITIALIZED' not handled in switch [-Wswitch]
  switch (destination->getModuleType()) {
         ^
C:/MEDIA/YandexDisk/Stud/Prog/Synth/Synth_repo/Code/WeirdProj/src/Wire.cpp:94:9: warning: enumeration value 'AMPLIFIER' not handled in switch [-Wswitch]
Finished building: C:/MEDIA/YandexDisk/Stud/Prog/Synth/Synth_repo/Code/WeirdProj/src/Wire.cpp
 
Building file: ../Src/MIDIparser.cpp
Invoking: MCU G++ Compiler
C:\MEDIA\YandexDisk\Stud\Prog\Synth\Synth_repo\Code\WinProj\Debug
arm-none-eabi-g++ -mcpu=cortex-m4 -mthumb -mfloat-abi=hard -mfpu=fpv4-sp-d16 -DARM_MATH_CM4 '-D__weak=__attribute__((weak))' '-D__packed=__attribute__((__packed__))' -DUSE_HAL_DRIVER -DSTM32F407xx -I"C:/MEDIA/YandexDisk/Stud/Prog/Synth/Synth_repo/Code/WinProj/Inc" -I"C:/MEDIA/YandexDisk/Stud/Prog/Synth/Synth_repo/Code/WinProj/Drivers/STM32F4xx_HAL_Driver/Inc" -I"C:/MEDIA/YandexDisk/Stud/Prog/Synth/Synth_repo/Code/WinProj/Drivers/STM32F4xx_HAL_Driver/Inc/Legacy" -I"C:/MEDIA/YandexDisk/Stud/Prog/Synth/Synth_repo/Code/WinProj/Drivers/CMSIS/Device/ST/STM32F4xx/Include" -I"C:/MEDIA/YandexDisk/Stud/Prog/Synth/Synth_repo/Code/WinProj/Drivers/CMSIS/Include" -I"C:/MEDIA/YandexDisk/Stud/Prog/Synth/Synth_repo/Code/WeirdProj/inc"  -O3 -g3 -Wall -fmessage-length=0 -ffunction-sections -c -fno-exceptions -MMD -MP -MF"Src/MIDIparser.d" -MT"Src/MIDIparser.o" -o "Src/MIDIparser.o" "../Src/MIDIparser.cpp"
Finished building: ../Src/MIDIparser.cpp
 
Building file: ../Src/Sequencer.cpp
Invoking: MCU G++ Compiler
C:\MEDIA\YandexDisk\Stud\Prog\Synth\Synth_repo\Code\WinProj\Debug
arm-none-eabi-g++ -mcpu=cortex-m4 -mthumb -mfloat-abi=hard -mfpu=fpv4-sp-d16 -DARM_MATH_CM4 '-D__weak=__attribute__((weak))' '-D__packed=__attribute__((__packed__))' -DUSE_HAL_DRIVER -DSTM32F407xx -I"C:/MEDIA/YandexDisk/Stud/Prog/Synth/Synth_repo/Code/WinProj/Inc" -I"C:/MEDIA/YandexDisk/Stud/Prog/Synth/Synth_repo/Code/WinProj/Drivers/STM32F4xx_HAL_Driver/Inc" -I"C:/MEDIA/YandexDisk/Stud/Prog/Synth/Synth_repo/Code/WinProj/Drivers/STM32F4xx_HAL_Driver/Inc/Legacy" -I"C:/MEDIA/YandexDisk/Stud/Prog/Synth/Synth_repo/Code/WinProj/Drivers/CMSIS/Device/ST/STM32F4xx/Include" -I"C:/MEDIA/YandexDisk/Stud/Prog/Synth/Synth_repo/Code/WinProj/Drivers/CMSIS/Include" -I"C:/MEDIA/YandexDisk/Stud/Prog/Synth/Synth_repo/Code/WeirdProj/inc"  -O3 -g3 -Wall -fmessage-length=0 -ffunction-sections -c -fno-exceptions -MMD -MP -MF"Src/Sequencer.d" -MT"Src/Sequencer.o" -o "Src/Sequencer.o" "../Src/Sequencer.cpp"
Finished building: ../Src/Sequencer.cpp
 
Building file: ../Src/gpio.c
Invoking: MCU GCC Compiler
C:\MEDIA\YandexDisk\Stud\Prog\Synth\Synth_repo\Code\WinProj\Debug
arm-none-eabi-gcc -mcpu=cortex-m4 -mthumb -mfloat-abi=hard -mfpu=fpv4-sp-d16 -DARM_MATH_CM4 '-D__weak=__attribute__((weak))' '-D__packed=__attribute__((__packed__))' -DUSE_HAL_DRIVER -DSTM32F407xx -I"C:/MEDIA/YandexDisk/Stud/Prog/Synth/Synth_repo/Code/WinProj/Inc" -I"C:/MEDIA/YandexDisk/Stud/Prog/Synth/Synth_repo/Code/WinProj/Drivers/STM32F4xx_HAL_Driver/Inc" -I"C:/MEDIA/YandexDisk/Stud/Prog/Synth/Synth_repo/Code/WinProj/Drivers/STM32F4xx_HAL_Driver/Inc/Legacy" -I"C:/MEDIA/YandexDisk/Stud/Prog/Synth/Synth_repo/Code/WinProj/Drivers/CMSIS/Device/ST/STM32F4xx/Include" -I"C:/MEDIA/YandexDisk/Stud/Prog/Synth/Synth_repo/Code/WinProj/Drivers/CMSIS/Include" -I"C:/MEDIA/YandexDisk/Stud/Prog/Synth/Synth_repo/Code/WinProj/DSP_Lib" -I"C:/MEDIA/YandexDisk/Stud/Prog/Synth/Synth_repo/Code/WinProj/DSP_Lib/Include" -I"C:/MEDIA/YandexDisk/Stud/Prog/Synth/Synth_repo/Code/WinProj/modules/inc"  -O3 -g -Wall -fmessage-length=0 -ffunction-sections -c -fmessage-length=0 -MMD -MP -MF"Src/gpio.d" -MT"Src/gpio.o" -o "Src/gpio.o" "../Src/gpio.c"
Finished building: ../Src/gpio.c
 
Building file: ../Src/i2c.c
Invoking: MCU GCC Compiler
C:\MEDIA\YandexDisk\Stud\Prog\Synth\Synth_repo\Code\WinProj\Debug
arm-none-eabi-gcc -mcpu=cortex-m4 -mthumb -mfloat-abi=hard -mfpu=fpv4-sp-d16 -DARM_MATH_CM4 '-D__weak=__attribute__((weak))' '-D__packed=__attribute__((__packed__))' -DUSE_HAL_DRIVER -DSTM32F407xx -I"C:/MEDIA/YandexDisk/Stud/Prog/Synth/Synth_repo/Code/WinProj/Inc" -I"C:/MEDIA/YandexDisk/Stud/Prog/Synth/Synth_repo/Code/WinProj/Drivers/STM32F4xx_HAL_Driver/Inc" -I"C:/MEDIA/YandexDisk/Stud/Prog/Synth/Synth_repo/Code/WinProj/Drivers/STM32F4xx_HAL_Driver/Inc/Legacy" -I"C:/MEDIA/YandexDisk/Stud/Prog/Synth/Synth_repo/Code/WinProj/Drivers/CMSIS/Device/ST/STM32F4xx/Include" -I"C:/MEDIA/YandexDisk/Stud/Prog/Synth/Synth_repo/Code/WinProj/Drivers/CMSIS/Include" -I"C:/MEDIA/YandexDisk/Stud/Prog/Synth/Synth_repo/Code/WinProj/DSP_Lib" -I"C:/MEDIA/YandexDisk/Stud/Prog/Synth/Synth_repo/Code/WinProj/DSP_Lib/Include" -I"C:/MEDIA/YandexDisk/Stud/Prog/Synth/Synth_repo/Code/WinProj/modules/inc"  -O3 -g -Wall -fmessage-length=0 -ffunction-sections -c -fmessage-length=0 -MMD -MP -MF"Src/i2c.d" -MT"Src/i2c.o" -o "Src/i2c.o" "../Src/i2c.c"
Finished building: ../Src/i2c.c
 
Building file: ../Src/i2s.c
Invoking: MCU GCC Compiler
C:\MEDIA\YandexDisk\Stud\Prog\Synth\Synth_repo\Code\WinProj\Debug
arm-none-eabi-gcc -mcpu=cortex-m4 -mthumb -mfloat-abi=hard -mfpu=fpv4-sp-d16 -DARM_MATH_CM4 '-D__weak=__attribute__((weak))' '-D__packed=__attribute__((__packed__))' -DUSE_HAL_DRIVER -DSTM32F407xx -I"C:/MEDIA/YandexDisk/Stud/Prog/Synth/Synth_repo/Code/WinProj/Inc" -I"C:/MEDIA/YandexDisk/Stud/Prog/Synth/Synth_repo/Code/WinProj/Drivers/STM32F4xx_HAL_Driver/Inc" -I"C:/MEDIA/YandexDisk/Stud/Prog/Synth/Synth_repo/Code/WinProj/Drivers/STM32F4xx_HAL_Driver/Inc/Legacy" -I"C:/MEDIA/YandexDisk/Stud/Prog/Synth/Synth_repo/Code/WinProj/Drivers/CMSIS/Device/ST/STM32F4xx/Include" -I"C:/MEDIA/YandexDisk/Stud/Prog/Synth/Synth_repo/Code/WinProj/Drivers/CMSIS/Include" -I"C:/MEDIA/YandexDisk/Stud/Prog/Synth/Synth_repo/Code/WinProj/DSP_Lib" -I"C:/MEDIA/YandexDisk/Stud/Prog/Synth/Synth_repo/Code/WinProj/DSP_Lib/Include" -I"C:/MEDIA/YandexDisk/Stud/Prog/Synth/Synth_repo/Code/WinProj/modules/inc"  -O3 -g -Wall -fmessage-length=0 -ffunction-sections -c -fmessage-length=0 -MMD -MP -MF"Src/i2s.d" -MT"Src/i2s.o" -o "Src/i2s.o" "../Src/i2s.c"
Finished building: ../Src/i2s.c
 
Building file: ../Src/main.cpp
Invoking: MCU G++ Compiler
C:\MEDIA\YandexDisk\Stud\Prog\Synth\Synth_repo\Code\WinProj\Debug
arm-none-eabi-g++ -mcpu=cortex-m4 -mthumb -mfloat-abi=hard -mfpu=fpv4-sp-d16 -DARM_MATH_CM4 '-D__weak=__attribute__((weak))' '-D__packed=__attribute__((__packed__))' -DUSE_HAL_DRIVER -DSTM32F407xx -I"C:/MEDIA/YandexDisk/Stud/Prog/Synth/Synth_repo/Code/WinProj/Inc" -I"C:/MEDIA/YandexDisk/Stud/Prog/Synth/Synth_repo/Code/WinProj/Drivers/STM32F4xx_HAL_Driver/Inc" -I"C:/MEDIA/YandexDisk/Stud/Prog/Synth/Synth_repo/Code/WinProj/Drivers/STM32F4xx_HAL_Driver/Inc/Legacy" -I"C:/MEDIA/YandexDisk/Stud/Prog/Synth/Synth_repo/Code/WinProj/Drivers/CMSIS/Device/ST/STM32F4xx/Include" -I"C:/MEDIA/YandexDisk/Stud/Prog/Synth/Synth_repo/Code/WinProj/Drivers/CMSIS/Include" -I"C:/MEDIA/YandexDisk/Stud/Prog/Synth/Synth_repo/Code/WeirdProj/inc"  -O3 -g3 -Wall -fmessage-length=0 -ffunction-sections -c -fno-exceptions -MMD -MP -MF"Src/main.d" -MT"Src/main.o" -o "Src/main.o" "../Src/main.cpp"
../Src/main.cpp:37:10: fatal error: arm_math.h: No such file or directory
 #include "arm_math.h"      // ?? math and FPU defines
          ^~~~~~~~~~~~
compilation terminated.
Src/subdir.mk:58: recipe for target 'Src/main.o' failed
make: *** [Src/main.o] Error 1
03:58:18 **** Incremental Build of configuration Debug for project WinProj ****
make all 
Building file: C:/MEDIA/YandexDisk/Stud/Prog/Synth/Synth_repo/Code/WeirdProj/src/Amp.cpp
Invoking: MCU G++ Compiler
C:\MEDIA\YandexDisk\Stud\Prog\Synth\Synth_repo\Code\WinProj\Debug
arm-none-eabi-g++ -mcpu=cortex-m4 -mthumb -mfloat-abi=hard -mfpu=fpv4-sp-d16 -DARM_MATH_CM4 '-D__weak=__attribute__((weak))' '-D__packed=__attribute__((__packed__))' -DUSE_HAL_DRIVER -DSTM32F407xx -I"C:/MEDIA/YandexDisk/Stud/Prog/Synth/Synth_repo/Code/WinProj/Inc" -I"C:/MEDIA/YandexDisk/Stud/Prog/Synth/Synth_repo/Code/WinProj/Drivers/STM32F4xx_HAL_Driver/Inc" -I"C:/MEDIA/YandexDisk/Stud/Prog/Synth/Synth_repo/Code/WinProj/Drivers/STM32F4xx_HAL_Driver/Inc/Legacy" -I"C:/MEDIA/YandexDisk/Stud/Prog/Synth/Synth_repo/Code/WinProj/Drivers/CMSIS/Device/ST/STM32F4xx/Include" -I"C:/MEDIA/YandexDisk/Stud/Prog/Synth/Synth_repo/Code/WinProj/Drivers/CMSIS/Include" -I"C:/MEDIA/YandexDisk/Stud/Prog/Synth/Synth_repo/Code/WinProj/DSP_Lib/Include" -I"C:/MEDIA/YandexDisk/Stud/Prog/Synth/Synth_repo/Code/WeirdProj/inc"  -O3 -g3 -Wall -fmessage-length=0 -ffunction-sections -c -fno-exceptions -MMD -MP -MF"modules/src/Amp.d" -MT"modules/src/Amp.o" -o "modules/src/Amp.o" "C:/MEDIA/YandexDisk/Stud/Prog/Synth/Synth_repo/Code/WeirdProj/src/Amp.cpp"
Finished building: C:/MEDIA/YandexDisk/Stud/Prog/Synth/Synth_repo/Code/WeirdProj/src/Amp.cpp
 
Building file: C:/MEDIA/YandexDisk/Stud/Prog/Synth/Synth_repo/Code/WeirdProj/src/CodecDriver.cpp
Invoking: MCU G++ Compiler
C:\MEDIA\YandexDisk\Stud\Prog\Synth\Synth_repo\Code\WinProj\Debug
arm-none-eabi-g++ -mcpu=cortex-m4 -mthumb -mfloat-abi=hard -mfpu=fpv4-sp-d16 -DARM_MATH_CM4 '-D__weak=__attribute__((weak))' '-D__packed=__attribute__((__packed__))' -DUSE_HAL_DRIVER -DSTM32F407xx -I"C:/MEDIA/YandexDisk/Stud/Prog/Synth/Synth_repo/Code/WinProj/Inc" -I"C:/MEDIA/YandexDisk/Stud/Prog/Synth/Synth_repo/Code/WinProj/Drivers/STM32F4xx_HAL_Driver/Inc" -I"C:/MEDIA/YandexDisk/Stud/Prog/Synth/Synth_repo/Code/WinProj/Drivers/STM32F4xx_HAL_Driver/Inc/Legacy" -I"C:/MEDIA/YandexDisk/Stud/Prog/Synth/Synth_repo/Code/WinProj/Drivers/CMSIS/Device/ST/STM32F4xx/Include" -I"C:/MEDIA/YandexDisk/Stud/Prog/Synth/Synth_repo/Code/WinProj/Drivers/CMSIS/Include" -I"C:/MEDIA/YandexDisk/Stud/Prog/Synth/Synth_repo/Code/WinProj/DSP_Lib/Include" -I"C:/MEDIA/YandexDisk/Stud/Prog/Synth/Synth_repo/Code/WeirdProj/inc"  -O3 -g3 -Wall -fmessage-length=0 -ffunction-sections -c -fno-exceptions -MMD -MP -MF"modules/src/CodecDriver.d" -MT"modules/src/CodecDriver.o" -o "modules/src/CodecDriver.o" "C:/MEDIA/YandexDisk/Stud/Prog/Synth/Synth_repo/Code/WeirdProj/src/CodecDriver.cpp"
Finished building: C:/MEDIA/YandexDisk/Stud/Prog/Synth/Synth_repo/Code/WeirdProj/src/CodecDriver.cpp
 
Building file: C:/MEDIA/YandexDisk/Stud/Prog/Synth/Synth_repo/Code/WeirdProj/src/Generator.cpp
Invoking: MCU G++ Compiler
C:\MEDIA\YandexDisk\Stud\Prog\Synth\Synth_repo\Code\WinProj\Debug
arm-none-eabi-g++ -mcpu=cortex-m4 -mthumb -mfloat-abi=hard -mfpu=fpv4-sp-d16 -DARM_MATH_CM4 '-D__weak=__attribute__((weak))' '-D__packed=__attribute__((__packed__))' -DUSE_HAL_DRIVER -DSTM32F407xx -I"C:/MEDIA/YandexDisk/Stud/Prog/Synth/Synth_repo/Code/WinProj/Inc" -I"C:/MEDIA/YandexDisk/Stud/Prog/Synth/Synth_repo/Code/WinProj/Drivers/STM32F4xx_HAL_Driver/Inc" -I"C:/MEDIA/YandexDisk/Stud/Prog/Synth/Synth_repo/Code/WinProj/Drivers/STM32F4xx_HAL_Driver/Inc/Legacy" -I"C:/MEDIA/YandexDisk/Stud/Prog/Synth/Synth_repo/Code/WinProj/Drivers/CMSIS/Device/ST/STM32F4xx/Include" -I"C:/MEDIA/YandexDisk/Stud/Prog/Synth/Synth_repo/Code/WinProj/Drivers/CMSIS/Include" -I"C:/MEDIA/YandexDisk/Stud/Prog/Synth/Synth_repo/Code/WinProj/DSP_Lib/Include" -I"C:/MEDIA/YandexDisk/Stud/Prog/Synth/Synth_repo/Code/WeirdProj/inc"  -O3 -g3 -Wall -fmessage-length=0 -ffunction-sections -c -fno-exceptions -MMD -MP -MF"modules/src/Generator.d" -MT"modules/src/Generator.o" -o "modules/src/Generator.o" "C:/MEDIA/YandexDisk/Stud/Prog/Synth/Synth_repo/Code/WeirdProj/src/Generator.cpp"
Finished building: C:/MEDIA/YandexDisk/Stud/Prog/Synth/Synth_repo/Code/WeirdProj/src/Generator.cpp
 
Building file: C:/MEDIA/YandexDisk/Stud/Prog/Synth/Synth_repo/Code/WeirdProj/src/Generic.cpp
Invoking: MCU G++ Compiler
C:\MEDIA\YandexDisk\Stud\Prog\Synth\Synth_repo\Code\WinProj\Debug
arm-none-eabi-g++ -mcpu=cortex-m4 -mthumb -mfloat-abi=hard -mfpu=fpv4-sp-d16 -DARM_MATH_CM4 '-D__weak=__attribute__((weak))' '-D__packed=__attribute__((__packed__))' -DUSE_HAL_DRIVER -DSTM32F407xx -I"C:/MEDIA/YandexDisk/Stud/Prog/Synth/Synth_repo/Code/WinProj/Inc" -I"C:/MEDIA/YandexDisk/Stud/Prog/Synth/Synth_repo/Code/WinProj/Drivers/STM32F4xx_HAL_Driver/Inc" -I"C:/MEDIA/YandexDisk/Stud/Prog/Synth/Synth_repo/Code/WinProj/Drivers/STM32F4xx_HAL_Driver/Inc/Legacy" -I"C:/MEDIA/YandexDisk/Stud/Prog/Synth/Synth_repo/Code/WinProj/Drivers/CMSIS/Device/ST/STM32F4xx/Include" -I"C:/MEDIA/YandexDisk/Stud/Prog/Synth/Synth_repo/Code/WinProj/Drivers/CMSIS/Include" -I"C:/MEDIA/YandexDisk/Stud/Prog/Synth/Synth_repo/Code/WinProj/DSP_Lib/Include" -I"C:/MEDIA/YandexDisk/Stud/Prog/Synth/Synth_repo/Code/WeirdProj/inc"  -O3 -g3 -Wall -fmessage-length=0 -ffunction-sections -c -fno-exceptions -MMD -MP -MF"modules/src/Generic.d" -MT"modules/src/Generic.o" -o "modules/src/Generic.o" "C:/MEDIA/YandexDisk/Stud/Prog/Synth/Synth_repo/Code/WeirdProj/src/Generic.cpp"
Finished building: C:/MEDIA/YandexDisk/Stud/Prog/Synth/Synth_repo/Code/WeirdProj/src/Generic.cpp
 
Building file: C:/MEDIA/YandexDisk/Stud/Prog/Synth/Synth_repo/Code/WeirdProj/src/Wire.cpp
Invoking: MCU G++ Compiler
C:\MEDIA\YandexDisk\Stud\Prog\Synth\Synth_repo\Code\WinProj\Debug
arm-none-eabi-g++ -mcpu=cortex-m4 -mthumb -mfloat-abi=hard -mfpu=fpv4-sp-d16 -DARM_MATH_CM4 '-D__weak=__attribute__((weak))' '-D__packed=__attribute__((__packed__))' -DUSE_HAL_DRIVER -DSTM32F407xx -I"C:/MEDIA/YandexDisk/Stud/Prog/Synth/Synth_repo/Code/WinProj/Inc" -I"C:/MEDIA/YandexDisk/Stud/Prog/Synth/Synth_repo/Code/WinProj/Drivers/STM32F4xx_HAL_Driver/Inc" -I"C:/MEDIA/YandexDisk/Stud/Prog/Synth/Synth_repo/Code/WinProj/Drivers/STM32F4xx_HAL_Driver/Inc/Legacy" -I"C:/MEDIA/YandexDisk/Stud/Prog/Synth/Synth_repo/Code/WinProj/Drivers/CMSIS/Device/ST/STM32F4xx/Include" -I"C:/MEDIA/YandexDisk/Stud/Prog/Synth/Synth_repo/Code/WinProj/Drivers/CMSIS/Include" -I"C:/MEDIA/YandexDisk/Stud/Prog/Synth/Synth_repo/Code/WinProj/DSP_Lib/Include" -I"C:/MEDIA/YandexDisk/Stud/Prog/Synth/Synth_repo/Code/WeirdProj/inc"  -O3 -g3 -Wall -fmessage-length=0 -ffunction-sections -c -fno-exceptions -MMD -MP -MF"modules/src/Wire.d" -MT"modules/src/Wire.o" -o "modules/src/Wire.o" "C:/MEDIA/YandexDisk/Stud/Prog/Synth/Synth_repo/Code/WeirdProj/src/Wire.cpp"
In file included from C:/MEDIA/YandexDisk/Stud/Prog/Synth/Synth_repo/Code/WeirdProj/src/Wire.cpp:8:0:
C:/MEDIA/YandexDisk/Stud/Prog/Synth/Synth_repo/Code/WeirdProj/inc/Wire.hpp: In constructor 'Wire::Wire(Module&, Module&, Parameter::ParamName)':
C:/MEDIA/YandexDisk/Stud/Prog/Synth/Synth_repo/Code/WeirdProj/inc/Wire.hpp:32:10: warning: 'Wire::source' will be initialized after [-Wreorder]
  Module *source;                    // source module (provider)
          ^~~~~~
C:/MEDIA/YandexDisk/Stud/Prog/Synth/Synth_repo/Code/WeirdProj/inc/Wire.hpp:31:10: warning:   'Module* Wire::destination' [-Wreorder]
  Module *destination;               // destination module (consumer)
          ^~~~~~~~~~~
C:/MEDIA/YandexDisk/Stud/Prog/Synth/Synth_repo/Code/WeirdProj/src/Wire.cpp:10:1: warning:   when initialized here [-Wreorder]
 Wire::Wire(Module& src_, Module& dst_, Parameter::ParamName param_) :
 ^~~~
In file included from C:/MEDIA/YandexDisk/Stud/Prog/Synth/Synth_repo/Code/WeirdProj/src/Wire.cpp:8:0:
C:/MEDIA/YandexDisk/Stud/Prog/Synth/Synth_repo/Code/WeirdProj/inc/Wire.hpp:31:10: warning: 'Wire::destination' will be initialized after [-Wreorder]
  Module *destination;               // destination module (consumer)
          ^~~~~~~~~~~
C:/MEDIA/YandexDisk/Stud/Prog/Synth/Synth_repo/Code/WeirdProj/inc/Wire.hpp:28:11: warning:   'uint32_t Wire::paramSocket' [-Wreorder]
  uint32_t paramSocket;              // wire is connected to this parameter's socket
           ^~~~~~~~~~~
C:/MEDIA/YandexDisk/Stud/Prog/Synth/Synth_repo/Code/WeirdProj/src/Wire.cpp:10:1: warning:   when initialized here [-Wreorder]
 Wire::Wire(Module& src_, Module& dst_, Parameter::ParamName param_) :
 ^~~~
C:/MEDIA/YandexDisk/Stud/Prog/Synth/Synth_repo/Code/WeirdProj/src/Wire.cpp: In member function 'void Wire::replugProvider(Module&)':
C:/MEDIA/YandexDisk/Stud/Prog/Synth/Synth_repo/Code/WeirdProj/src/Wire.cpp:84:9: warning: enumeration value 'NOT_INITIALIZED' not handled in switch [-Wswitch]
  switch (destination->getModuleType()) {       // depending on the destination module type, connect new source's outBuf to destination's parameter's socket
         ^
C:/MEDIA/YandexDisk/Stud/Prog/Synth/Synth_repo/Code/WeirdProj/src/Wire.cpp:84:9: warning: enumeration value 'AMPLIFIER' not handled in switch [-Wswitch]
C:/MEDIA/YandexDisk/Stud/Prog/Synth/Synth_repo/Code/WeirdProj/src/Wire.cpp: In member function 'void Wire::plug(Parameter::ParamName)':
C:/MEDIA/YandexDisk/Stud/Prog/Synth/Synth_repo/Code/WeirdProj/src/Wire.cpp:94:9: warning: enumeration value 'NOT_INITIALIZED' not handled in switch [-Wswitch]
  switch (destination->getModuleType()) {
         ^
C:/MEDIA/YandexDisk/Stud/Prog/Synth/Synth_repo/Code/WeirdProj/src/Wire.cpp:94:9: warning: enumeration value 'AMPLIFIER' not handled in switch [-Wswitch]
Finished building: C:/MEDIA/YandexDisk/Stud/Prog/Synth/Synth_repo/Code/WeirdProj/src/Wire.cpp
 
Building file: ../Src/MIDIparser.cpp
Invoking: MCU G++ Compiler
C:\MEDIA\YandexDisk\Stud\Prog\Synth\Synth_repo\Code\WinProj\Debug
arm-none-eabi-g++ -mcpu=cortex-m4 -mthumb -mfloat-abi=hard -mfpu=fpv4-sp-d16 -DARM_MATH_CM4 '-D__weak=__attribute__((weak))' '-D__packed=__attribute__((__packed__))' -DUSE_HAL_DRIVER -DSTM32F407xx -I"C:/MEDIA/YandexDisk/Stud/Prog/Synth/Synth_repo/Code/WinProj/Inc" -I"C:/MEDIA/YandexDisk/Stud/Prog/Synth/Synth_repo/Code/WinProj/Drivers/STM32F4xx_HAL_Driver/Inc" -I"C:/MEDIA/YandexDisk/Stud/Prog/Synth/Synth_repo/Code/WinProj/Drivers/STM32F4xx_HAL_Driver/Inc/Legacy" -I"C:/MEDIA/YandexDisk/Stud/Prog/Synth/Synth_repo/Code/WinProj/Drivers/CMSIS/Device/ST/STM32F4xx/Include" -I"C:/MEDIA/YandexDisk/Stud/Prog/Synth/Synth_repo/Code/WinProj/Drivers/CMSIS/Include" -I"C:/MEDIA/YandexDisk/Stud/Prog/Synth/Synth_repo/Code/WinProj/DSP_Lib/Include" -I"C:/MEDIA/YandexDisk/Stud/Prog/Synth/Synth_repo/Code/WeirdProj/inc"  -O3 -g3 -Wall -fmessage-length=0 -ffunction-sections -c -fno-exceptions -MMD -MP -MF"Src/MIDIparser.d" -MT"Src/MIDIparser.o" -o "Src/MIDIparser.o" "../Src/MIDIparser.cpp"
Finished building: ../Src/MIDIparser.cpp
 
Building file: ../Src/Sequencer.cpp
Invoking: MCU G++ Compiler
C:\MEDIA\YandexDisk\Stud\Prog\Synth\Synth_repo\Code\WinProj\Debug
arm-none-eabi-g++ -mcpu=cortex-m4 -mthumb -mfloat-abi=hard -mfpu=fpv4-sp-d16 -DARM_MATH_CM4 '-D__weak=__attribute__((weak))' '-D__packed=__attribute__((__packed__))' -DUSE_HAL_DRIVER -DSTM32F407xx -I"C:/MEDIA/YandexDisk/Stud/Prog/Synth/Synth_repo/Code/WinProj/Inc" -I"C:/MEDIA/YandexDisk/Stud/Prog/Synth/Synth_repo/Code/WinProj/Drivers/STM32F4xx_HAL_Driver/Inc" -I"C:/MEDIA/YandexDisk/Stud/Prog/Synth/Synth_repo/Code/WinProj/Drivers/STM32F4xx_HAL_Driver/Inc/Legacy" -I"C:/MEDIA/YandexDisk/Stud/Prog/Synth/Synth_repo/Code/WinProj/Drivers/CMSIS/Device/ST/STM32F4xx/Include" -I"C:/MEDIA/YandexDisk/Stud/Prog/Synth/Synth_repo/Code/WinProj/Drivers/CMSIS/Include" -I"C:/MEDIA/YandexDisk/Stud/Prog/Synth/Synth_repo/Code/WinProj/DSP_Lib/Include" -I"C:/MEDIA/YandexDisk/Stud/Prog/Synth/Synth_repo/Code/WeirdProj/inc"  -O3 -g3 -Wall -fmessage-length=0 -ffunction-sections -c -fno-exceptions -MMD -MP -MF"Src/Sequencer.d" -MT"Src/Sequencer.o" -o "Src/Sequencer.o" "../Src/Sequencer.cpp"
Finished building: ../Src/Sequencer.cpp
 
Building file: ../Src/gpio.c
Invoking: MCU GCC Compiler
C:\MEDIA\YandexDisk\Stud\Prog\Synth\Synth_repo\Code\WinProj\Debug
arm-none-eabi-gcc -mcpu=cortex-m4 -mthumb -mfloat-abi=hard -mfpu=fpv4-sp-d16 -DARM_MATH_CM4 '-D__weak=__attribute__((weak))' '-D__packed=__attribute__((__packed__))' -DUSE_HAL_DRIVER -DSTM32F407xx -I"C:/MEDIA/YandexDisk/Stud/Prog/Synth/Synth_repo/Code/WinProj/Inc" -I"C:/MEDIA/YandexDisk/Stud/Prog/Synth/Synth_repo/Code/WinProj/Drivers/STM32F4xx_HAL_Driver/Inc" -I"C:/MEDIA/YandexDisk/Stud/Prog/Synth/Synth_repo/Code/WinProj/Drivers/STM32F4xx_HAL_Driver/Inc/Legacy" -I"C:/MEDIA/YandexDisk/Stud/Prog/Synth/Synth_repo/Code/WinProj/Drivers/CMSIS/Device/ST/STM32F4xx/Include" -I"C:/MEDIA/YandexDisk/Stud/Prog/Synth/Synth_repo/Code/WinProj/Drivers/CMSIS/Include"  -O3 -g -Wall -fmessage-length=0 -ffunction-sections -c -fmessage-length=0 -MMD -MP -MF"Src/gpio.d" -MT"Src/gpio.o" -o "Src/gpio.o" "../Src/gpio.c"
Finished building: ../Src/gpio.c
 
Building file: ../Src/i2c.c
Invoking: MCU GCC Compiler
C:\MEDIA\YandexDisk\Stud\Prog\Synth\Synth_repo\Code\WinProj\Debug
arm-none-eabi-gcc -mcpu=cortex-m4 -mthumb -mfloat-abi=hard -mfpu=fpv4-sp-d16 -DARM_MATH_CM4 '-D__weak=__attribute__((weak))' '-D__packed=__attribute__((__packed__))' -DUSE_HAL_DRIVER -DSTM32F407xx -I"C:/MEDIA/YandexDisk/Stud/Prog/Synth/Synth_repo/Code/WinProj/Inc" -I"C:/MEDIA/YandexDisk/Stud/Prog/Synth/Synth_repo/Code/WinProj/Drivers/STM32F4xx_HAL_Driver/Inc" -I"C:/MEDIA/YandexDisk/Stud/Prog/Synth/Synth_repo/Code/WinProj/Drivers/STM32F4xx_HAL_Driver/Inc/Legacy" -I"C:/MEDIA/YandexDisk/Stud/Prog/Synth/Synth_repo/Code/WinProj/Drivers/CMSIS/Device/ST/STM32F4xx/Include" -I"C:/MEDIA/YandexDisk/Stud/Prog/Synth/Synth_repo/Code/WinProj/Drivers/CMSIS/Include"  -O3 -g -Wall -fmessage-length=0 -ffunction-sections -c -fmessage-length=0 -MMD -MP -MF"Src/i2c.d" -MT"Src/i2c.o" -o "Src/i2c.o" "../Src/i2c.c"
Finished building: ../Src/i2c.c
 
Building file: ../Src/i2s.c
Invoking: MCU GCC Compiler
C:\MEDIA\YandexDisk\Stud\Prog\Synth\Synth_repo\Code\WinProj\Debug
arm-none-eabi-gcc -mcpu=cortex-m4 -mthumb -mfloat-abi=hard -mfpu=fpv4-sp-d16 -DARM_MATH_CM4 '-D__weak=__attribute__((weak))' '-D__packed=__attribute__((__packed__))' -DUSE_HAL_DRIVER -DSTM32F407xx -I"C:/MEDIA/YandexDisk/Stud/Prog/Synth/Synth_repo/Code/WinProj/Inc" -I"C:/MEDIA/YandexDisk/Stud/Prog/Synth/Synth_repo/Code/WinProj/Drivers/STM32F4xx_HAL_Driver/Inc" -I"C:/MEDIA/YandexDisk/Stud/Prog/Synth/Synth_repo/Code/WinProj/Drivers/STM32F4xx_HAL_Driver/Inc/Legacy" -I"C:/MEDIA/YandexDisk/Stud/Prog/Synth/Synth_repo/Code/WinProj/Drivers/CMSIS/Device/ST/STM32F4xx/Include" -I"C:/MEDIA/YandexDisk/Stud/Prog/Synth/Synth_repo/Code/WinProj/Drivers/CMSIS/Include"  -O3 -g -Wall -fmessage-length=0 -ffunction-sections -c -fmessage-length=0 -MMD -MP -MF"Src/i2s.d" -MT"Src/i2s.o" -o "Src/i2s.o" "../Src/i2s.c"
Finished building: ../Src/i2s.c
 
Building file: ../Src/main.cpp
Invoking: MCU G++ Compiler
C:\MEDIA\YandexDisk\Stud\Prog\Synth\Synth_repo\Code\WinProj\Debug
arm-none-eabi-g++ -mcpu=cortex-m4 -mthumb -mfloat-abi=hard -mfpu=fpv4-sp-d16 -DARM_MATH_CM4 '-D__weak=__attribute__((weak))' '-D__packed=__attribute__((__packed__))' -DUSE_HAL_DRIVER -DSTM32F407xx -I"C:/MEDIA/YandexDisk/Stud/Prog/Synth/Synth_repo/Code/WinProj/Inc" -I"C:/MEDIA/YandexDisk/Stud/Prog/Synth/Synth_repo/Code/WinProj/Drivers/STM32F4xx_HAL_Driver/Inc" -I"C:/MEDIA/YandexDisk/Stud/Prog/Synth/Synth_repo/Code/WinProj/Drivers/STM32F4xx_HAL_Driver/Inc/Legacy" -I"C:/MEDIA/YandexDisk/Stud/Prog/Synth/Synth_repo/Code/WinProj/Drivers/CMSIS/Device/ST/STM32F4xx/Include" -I"C:/MEDIA/YandexDisk/Stud/Prog/Synth/Synth_repo/Code/WinProj/Drivers/CMSIS/Include" -I"C:/MEDIA/YandexDisk/Stud/Prog/Synth/Synth_repo/Code/WinProj/DSP_Lib/Include" -I"C:/MEDIA/YandexDisk/Stud/Prog/Synth/Synth_repo/Code/WeirdProj/inc"  -O3 -g3 -Wall -fmessage-length=0 -ffunction-sections -c -fno-exceptions -MMD -MP -MF"Src/main.d" -MT"Src/main.o" -o "Src/main.o" "../Src/main.cpp"
../Src/main.cpp: In function 'int main()':
../Src/main.cpp:187:21: warning: variable 'o' set but not used [-Wunused-but-set-variable]
    volatile uint8_t o = (SPI2->DR);
                     ^
../Src/main.cpp:162:16: warning: iteration 100 invokes undefined behavior [-Waggressive-loop-optimizations]
    i2sbuf[i]   = (u16)( ((arm_sin_f32( (float)(3.14*i/50.0) )) + 1) * 0x3FFF );
    ~~~~~~~~~~~~^~~~~~~~~~~~~~~~~~~~~~~~~~~~~~~~~~~~~~~~~~~~~~~~~~~~~~~~~~~~~~~
../Src/main.cpp:161:19: note: within this loop
   for(u8 i = 0; i <= 100; i++) {
                 ~~^~~~~~
Finished building: ../Src/main.cpp
 
Building file: ../Src/stm32f4xx_hal_msp.c
Invoking: MCU GCC Compiler
C:\MEDIA\YandexDisk\Stud\Prog\Synth\Synth_repo\Code\WinProj\Debug
arm-none-eabi-gcc -mcpu=cortex-m4 -mthumb -mfloat-abi=hard -mfpu=fpv4-sp-d16 -DARM_MATH_CM4 '-D__weak=__attribute__((weak))' '-D__packed=__attribute__((__packed__))' -DUSE_HAL_DRIVER -DSTM32F407xx -I"C:/MEDIA/YandexDisk/Stud/Prog/Synth/Synth_repo/Code/WinProj/Inc" -I"C:/MEDIA/YandexDisk/Stud/Prog/Synth/Synth_repo/Code/WinProj/Drivers/STM32F4xx_HAL_Driver/Inc" -I"C:/MEDIA/YandexDisk/Stud/Prog/Synth/Synth_repo/Code/WinProj/Drivers/STM32F4xx_HAL_Driver/Inc/Legacy" -I"C:/MEDIA/YandexDisk/Stud/Prog/Synth/Synth_repo/Code/WinProj/Drivers/CMSIS/Device/ST/STM32F4xx/Include" -I"C:/MEDIA/YandexDisk/Stud/Prog/Synth/Synth_repo/Code/WinProj/Drivers/CMSIS/Include"  -O3 -g -Wall -fmessage-length=0 -ffunction-sections -c -fmessage-length=0 -MMD -MP -MF"Src/stm32f4xx_hal_msp.d" -MT"Src/stm32f4xx_hal_msp.o" -o "Src/stm32f4xx_hal_msp.o" "../Src/stm32f4xx_hal_msp.c"
Finished building: ../Src/stm32f4xx_hal_msp.c
 
Building file: ../Src/stm32f4xx_it.c
Invoking: MCU GCC Compiler
C:\MEDIA\YandexDisk\Stud\Prog\Synth\Synth_repo\Code\WinProj\Debug
arm-none-eabi-gcc -mcpu=cortex-m4 -mthumb -mfloat-abi=hard -mfpu=fpv4-sp-d16 -DARM_MATH_CM4 '-D__weak=__attribute__((weak))' '-D__packed=__attribute__((__packed__))' -DUSE_HAL_DRIVER -DSTM32F407xx -I"C:/MEDIA/YandexDisk/Stud/Prog/Synth/Synth_repo/Code/WinProj/Inc" -I"C:/MEDIA/YandexDisk/Stud/Prog/Synth/Synth_repo/Code/WinProj/Drivers/STM32F4xx_HAL_Driver/Inc" -I"C:/MEDIA/YandexDisk/Stud/Prog/Synth/Synth_repo/Code/WinProj/Drivers/STM32F4xx_HAL_Driver/Inc/Legacy" -I"C:/MEDIA/YandexDisk/Stud/Prog/Synth/Synth_repo/Code/WinProj/Drivers/CMSIS/Device/ST/STM32F4xx/Include" -I"C:/MEDIA/YandexDisk/Stud/Prog/Synth/Synth_repo/Code/WinProj/Drivers/CMSIS/Include"  -O3 -g -Wall -fmessage-length=0 -ffunction-sections -c -fmessage-length=0 -MMD -MP -MF"Src/stm32f4xx_it.d" -MT"Src/stm32f4xx_it.o" -o "Src/stm32f4xx_it.o" "../Src/stm32f4xx_it.c"
Finished building: ../Src/stm32f4xx_it.c
 
Building file: ../Src/syscalls.c
Invoking: MCU GCC Compiler
C:\MEDIA\YandexDisk\Stud\Prog\Synth\Synth_repo\Code\WinProj\Debug
arm-none-eabi-gcc -mcpu=cortex-m4 -mthumb -mfloat-abi=hard -mfpu=fpv4-sp-d16 -DARM_MATH_CM4 '-D__weak=__attribute__((weak))' '-D__packed=__attribute__((__packed__))' -DUSE_HAL_DRIVER -DSTM32F407xx -I"C:/MEDIA/YandexDisk/Stud/Prog/Synth/Synth_repo/Code/WinProj/Inc" -I"C:/MEDIA/YandexDisk/Stud/Prog/Synth/Synth_repo/Code/WinProj/Drivers/STM32F4xx_HAL_Driver/Inc" -I"C:/MEDIA/YandexDisk/Stud/Prog/Synth/Synth_repo/Code/WinProj/Drivers/STM32F4xx_HAL_Driver/Inc/Legacy" -I"C:/MEDIA/YandexDisk/Stud/Prog/Synth/Synth_repo/Code/WinProj/Drivers/CMSIS/Device/ST/STM32F4xx/Include" -I"C:/MEDIA/YandexDisk/Stud/Prog/Synth/Synth_repo/Code/WinProj/Drivers/CMSIS/Include"  -O3 -g -Wall -fmessage-length=0 -ffunction-sections -c -fmessage-length=0 -MMD -MP -MF"Src/syscalls.d" -MT"Src/syscalls.o" -o "Src/syscalls.o" "../Src/syscalls.c"
Finished building: ../Src/syscalls.c
 
Building file: ../Src/system_stm32f4xx.c
Invoking: MCU GCC Compiler
C:\MEDIA\YandexDisk\Stud\Prog\Synth\Synth_repo\Code\WinProj\Debug
arm-none-eabi-gcc -mcpu=cortex-m4 -mthumb -mfloat-abi=hard -mfpu=fpv4-sp-d16 -DARM_MATH_CM4 '-D__weak=__attribute__((weak))' '-D__packed=__attribute__((__packed__))' -DUSE_HAL_DRIVER -DSTM32F407xx -I"C:/MEDIA/YandexDisk/Stud/Prog/Synth/Synth_repo/Code/WinProj/Inc" -I"C:/MEDIA/YandexDisk/Stud/Prog/Synth/Synth_repo/Code/WinProj/Drivers/STM32F4xx_HAL_Driver/Inc" -I"C:/MEDIA/YandexDisk/Stud/Prog/Synth/Synth_repo/Code/WinProj/Drivers/STM32F4xx_HAL_Driver/Inc/Legacy" -I"C:/MEDIA/YandexDisk/Stud/Prog/Synth/Synth_repo/Code/WinProj/Drivers/CMSIS/Device/ST/STM32F4xx/Include" -I"C:/MEDIA/YandexDisk/Stud/Prog/Synth/Synth_repo/Code/WinProj/Drivers/CMSIS/Include"  -O3 -g -Wall -fmessage-length=0 -ffunction-sections -c -fmessage-length=0 -MMD -MP -MF"Src/system_stm32f4xx.d" -MT"Src/system_stm32f4xx.o" -o "Src/system_stm32f4xx.o" "../Src/system_stm32f4xx.c"
Finished building: ../Src/system_stm32f4xx.c
 
Building file: ../Src/tables.c
Invoking: MCU GCC Compiler
C:\MEDIA\YandexDisk\Stud\Prog\Synth\Synth_repo\Code\WinProj\Debug
arm-none-eabi-gcc -mcpu=cortex-m4 -mthumb -mfloat-abi=hard -mfpu=fpv4-sp-d16 -DARM_MATH_CM4 '-D__weak=__attribute__((weak))' '-D__packed=__attribute__((__packed__))' -DUSE_HAL_DRIVER -DSTM32F407xx -I"C:/MEDIA/YandexDisk/Stud/Prog/Synth/Synth_repo/Code/WinProj/Inc" -I"C:/MEDIA/YandexDisk/Stud/Prog/Synth/Synth_repo/Code/WinProj/Drivers/STM32F4xx_HAL_Driver/Inc" -I"C:/MEDIA/YandexDisk/Stud/Prog/Synth/Synth_repo/Code/WinProj/Drivers/STM32F4xx_HAL_Driver/Inc/Legacy" -I"C:/MEDIA/YandexDisk/Stud/Prog/Synth/Synth_repo/Code/WinProj/Drivers/CMSIS/Device/ST/STM32F4xx/Include" -I"C:/MEDIA/YandexDisk/Stud/Prog/Synth/Synth_repo/Code/WinProj/Drivers/CMSIS/Include"  -O3 -g -Wall -fmessage-length=0 -ffunction-sections -c -fmessage-length=0 -MMD -MP -MF"Src/tables.d" -MT"Src/tables.o" -o "Src/tables.o" "../Src/tables.c"
../Src/tables.c: In function 'prepareSin':
../Src/tables.c:13:8: warning: unused variable 'sin_1000_smp' [-Wunused-variable]
  float sin_1000_smp[SIN_1000_SMP_SZ] = {
        ^~~~~~~~~~~~
../Src/tables.c: In function 'packForCodec':
../Src/tables.c:53:9: warning: function returns address of local variable [-Wreturn-local-addr]
  return outBuff;
         ^~~~~~~
Finished building: ../Src/tables.c
 
Building file: ../Src/tim.c
Invoking: MCU GCC Compiler
C:\MEDIA\YandexDisk\Stud\Prog\Synth\Synth_repo\Code\WinProj\Debug
arm-none-eabi-gcc -mcpu=cortex-m4 -mthumb -mfloat-abi=hard -mfpu=fpv4-sp-d16 -DARM_MATH_CM4 '-D__weak=__attribute__((weak))' '-D__packed=__attribute__((__packed__))' -DUSE_HAL_DRIVER -DSTM32F407xx -I"C:/MEDIA/YandexDisk/Stud/Prog/Synth/Synth_repo/Code/WinProj/Inc" -I"C:/MEDIA/YandexDisk/Stud/Prog/Synth/Synth_repo/Code/WinProj/Drivers/STM32F4xx_HAL_Driver/Inc" -I"C:/MEDIA/YandexDisk/Stud/Prog/Synth/Synth_repo/Code/WinProj/Drivers/STM32F4xx_HAL_Driver/Inc/Legacy" -I"C:/MEDIA/YandexDisk/Stud/Prog/Synth/Synth_repo/Code/WinProj/Drivers/CMSIS/Device/ST/STM32F4xx/Include" -I"C:/MEDIA/YandexDisk/Stud/Prog/Synth/Synth_repo/Code/WinProj/Drivers/CMSIS/Include"  -O3 -g -Wall -fmessage-length=0 -ffunction-sections -c -fmessage-length=0 -MMD -MP -MF"Src/tim.d" -MT"Src/tim.o" -o "Src/tim.o" "../Src/tim.c"
Finished building: ../Src/tim.c
 
Building file: ../Src/usart.c
Invoking: MCU GCC Compiler
C:\MEDIA\YandexDisk\Stud\Prog\Synth\Synth_repo\Code\WinProj\Debug
arm-none-eabi-gcc -mcpu=cortex-m4 -mthumb -mfloat-abi=hard -mfpu=fpv4-sp-d16 -DARM_MATH_CM4 '-D__weak=__attribute__((weak))' '-D__packed=__attribute__((__packed__))' -DUSE_HAL_DRIVER -DSTM32F407xx -I"C:/MEDIA/YandexDisk/Stud/Prog/Synth/Synth_repo/Code/WinProj/Inc" -I"C:/MEDIA/YandexDisk/Stud/Prog/Synth/Synth_repo/Code/WinProj/Drivers/STM32F4xx_HAL_Driver/Inc" -I"C:/MEDIA/YandexDisk/Stud/Prog/Synth/Synth_repo/Code/WinProj/Drivers/STM32F4xx_HAL_Driver/Inc/Legacy" -I"C:/MEDIA/YandexDisk/Stud/Prog/Synth/Synth_repo/Code/WinProj/Drivers/CMSIS/Device/ST/STM32F4xx/Include" -I"C:/MEDIA/YandexDisk/Stud/Prog/Synth/Synth_repo/Code/WinProj/Drivers/CMSIS/Include"  -O3 -g -Wall -fmessage-length=0 -ffunction-sections -c -fmessage-length=0 -MMD -MP -MF"Src/usart.d" -MT"Src/usart.o" -o "Src/usart.o" "../Src/usart.c"
Finished building: ../Src/usart.c
 
Building file: ../Drivers/STM32F4xx_HAL_Driver/Src/stm32f4xx_hal.c
Invoking: MCU GCC Compiler
C:\MEDIA\YandexDisk\Stud\Prog\Synth\Synth_repo\Code\WinProj\Debug
arm-none-eabi-gcc -mcpu=cortex-m4 -mthumb -mfloat-abi=hard -mfpu=fpv4-sp-d16 -DARM_MATH_CM4 '-D__weak=__attribute__((weak))' '-D__packed=__attribute__((__packed__))' -DUSE_HAL_DRIVER -DSTM32F407xx -I"C:/MEDIA/YandexDisk/Stud/Prog/Synth/Synth_repo/Code/WinProj/Inc" -I"C:/MEDIA/YandexDisk/Stud/Prog/Synth/Synth_repo/Code/WinProj/Drivers/STM32F4xx_HAL_Driver/Inc" -I"C:/MEDIA/YandexDisk/Stud/Prog/Synth/Synth_repo/Code/WinProj/Drivers/STM32F4xx_HAL_Driver/Inc/Legacy" -I"C:/MEDIA/YandexDisk/Stud/Prog/Synth/Synth_repo/Code/WinProj/Drivers/CMSIS/Device/ST/STM32F4xx/Include" -I"C:/MEDIA/YandexDisk/Stud/Prog/Synth/Synth_repo/Code/WinProj/Drivers/CMSIS/Include"  -O3 -g -Wall -fmessage-length=0 -ffunction-sections -c -fmessage-length=0 -MMD -MP -MF"Drivers/STM32F4xx_HAL_Driver/Src/stm32f4xx_hal.d" -MT"Drivers/STM32F4xx_HAL_Driver/Src/stm32f4xx_hal.o" -o "Drivers/STM32F4xx_HAL_Driver/Src/stm32f4xx_hal.o" "../Drivers/STM32F4xx_HAL_Driver/Src/stm32f4xx_hal.c"
Finished building: ../Drivers/STM32F4xx_HAL_Driver/Src/stm32f4xx_hal.c
 
Building file: ../Drivers/STM32F4xx_HAL_Driver/Src/stm32f4xx_hal_cortex.c
Invoking: MCU GCC Compiler
C:\MEDIA\YandexDisk\Stud\Prog\Synth\Synth_repo\Code\WinProj\Debug
arm-none-eabi-gcc -mcpu=cortex-m4 -mthumb -mfloat-abi=hard -mfpu=fpv4-sp-d16 -DARM_MATH_CM4 '-D__weak=__attribute__((weak))' '-D__packed=__attribute__((__packed__))' -DUSE_HAL_DRIVER -DSTM32F407xx -I"C:/MEDIA/YandexDisk/Stud/Prog/Synth/Synth_repo/Code/WinProj/Inc" -I"C:/MEDIA/YandexDisk/Stud/Prog/Synth/Synth_repo/Code/WinProj/Drivers/STM32F4xx_HAL_Driver/Inc" -I"C:/MEDIA/YandexDisk/Stud/Prog/Synth/Synth_repo/Code/WinProj/Drivers/STM32F4xx_HAL_Driver/Inc/Legacy" -I"C:/MEDIA/YandexDisk/Stud/Prog/Synth/Synth_repo/Code/WinProj/Drivers/CMSIS/Device/ST/STM32F4xx/Include" -I"C:/MEDIA/YandexDisk/Stud/Prog/Synth/Synth_repo/Code/WinProj/Drivers/CMSIS/Include"  -O3 -g -Wall -fmessage-length=0 -ffunction-sections -c -fmessage-length=0 -MMD -MP -MF"Drivers/STM32F4xx_HAL_Driver/Src/stm32f4xx_hal_cortex.d" -MT"Drivers/STM32F4xx_HAL_Driver/Src/stm32f4xx_hal_cortex.o" -o "Drivers/STM32F4xx_HAL_Driver/Src/stm32f4xx_hal_cortex.o" "../Drivers/STM32F4xx_HAL_Driver/Src/stm32f4xx_hal_cortex.c"
Finished building: ../Drivers/STM32F4xx_HAL_Driver/Src/stm32f4xx_hal_cortex.c
 
Building file: ../Drivers/STM32F4xx_HAL_Driver/Src/stm32f4xx_hal_dma.c
Invoking: MCU GCC Compiler
C:\MEDIA\YandexDisk\Stud\Prog\Synth\Synth_repo\Code\WinProj\Debug
arm-none-eabi-gcc -mcpu=cortex-m4 -mthumb -mfloat-abi=hard -mfpu=fpv4-sp-d16 -DARM_MATH_CM4 '-D__weak=__attribute__((weak))' '-D__packed=__attribute__((__packed__))' -DUSE_HAL_DRIVER -DSTM32F407xx -I"C:/MEDIA/YandexDisk/Stud/Prog/Synth/Synth_repo/Code/WinProj/Inc" -I"C:/MEDIA/YandexDisk/Stud/Prog/Synth/Synth_repo/Code/WinProj/Drivers/STM32F4xx_HAL_Driver/Inc" -I"C:/MEDIA/YandexDisk/Stud/Prog/Synth/Synth_repo/Code/WinProj/Drivers/STM32F4xx_HAL_Driver/Inc/Legacy" -I"C:/MEDIA/YandexDisk/Stud/Prog/Synth/Synth_repo/Code/WinProj/Drivers/CMSIS/Device/ST/STM32F4xx/Include" -I"C:/MEDIA/YandexDisk/Stud/Prog/Synth/Synth_repo/Code/WinProj/Drivers/CMSIS/Include"  -O3 -g -Wall -fmessage-length=0 -ffunction-sections -c -fmessage-length=0 -MMD -MP -MF"Drivers/STM32F4xx_HAL_Driver/Src/stm32f4xx_hal_dma.d" -MT"Drivers/STM32F4xx_HAL_Driver/Src/stm32f4xx_hal_dma.o" -o "Drivers/STM32F4xx_HAL_Driver/Src/stm32f4xx_hal_dma.o" "../Drivers/STM32F4xx_HAL_Driver/Src/stm32f4xx_hal_dma.c"
Finished building: ../Drivers/STM32F4xx_HAL_Driver/Src/stm32f4xx_hal_dma.c
 
Building file: ../Drivers/STM32F4xx_HAL_Driver/Src/stm32f4xx_hal_dma_ex.c
Invoking: MCU GCC Compiler
C:\MEDIA\YandexDisk\Stud\Prog\Synth\Synth_repo\Code\WinProj\Debug
arm-none-eabi-gcc -mcpu=cortex-m4 -mthumb -mfloat-abi=hard -mfpu=fpv4-sp-d16 -DARM_MATH_CM4 '-D__weak=__attribute__((weak))' '-D__packed=__attribute__((__packed__))' -DUSE_HAL_DRIVER -DSTM32F407xx -I"C:/MEDIA/YandexDisk/Stud/Prog/Synth/Synth_repo/Code/WinProj/Inc" -I"C:/MEDIA/YandexDisk/Stud/Prog/Synth/Synth_repo/Code/WinProj/Drivers/STM32F4xx_HAL_Driver/Inc" -I"C:/MEDIA/YandexDisk/Stud/Prog/Synth/Synth_repo/Code/WinProj/Drivers/STM32F4xx_HAL_Driver/Inc/Legacy" -I"C:/MEDIA/YandexDisk/Stud/Prog/Synth/Synth_repo/Code/WinProj/Drivers/CMSIS/Device/ST/STM32F4xx/Include" -I"C:/MEDIA/YandexDisk/Stud/Prog/Synth/Synth_repo/Code/WinProj/Drivers/CMSIS/Include"  -O3 -g -Wall -fmessage-length=0 -ffunction-sections -c -fmessage-length=0 -MMD -MP -MF"Drivers/STM32F4xx_HAL_Driver/Src/stm32f4xx_hal_dma_ex.d" -MT"Drivers/STM32F4xx_HAL_Driver/Src/stm32f4xx_hal_dma_ex.o" -o "Drivers/STM32F4xx_HAL_Driver/Src/stm32f4xx_hal_dma_ex.o" "../Drivers/STM32F4xx_HAL_Driver/Src/stm32f4xx_hal_dma_ex.c"
Finished building: ../Drivers/STM32F4xx_HAL_Driver/Src/stm32f4xx_hal_dma_ex.c
 
Building file: ../Drivers/STM32F4xx_HAL_Driver/Src/stm32f4xx_hal_exti.c
Invoking: MCU GCC Compiler
C:\MEDIA\YandexDisk\Stud\Prog\Synth\Synth_repo\Code\WinProj\Debug
arm-none-eabi-gcc -mcpu=cortex-m4 -mthumb -mfloat-abi=hard -mfpu=fpv4-sp-d16 -DARM_MATH_CM4 '-D__weak=__attribute__((weak))' '-D__packed=__attribute__((__packed__))' -DUSE_HAL_DRIVER -DSTM32F407xx -I"C:/MEDIA/YandexDisk/Stud/Prog/Synth/Synth_repo/Code/WinProj/Inc" -I"C:/MEDIA/YandexDisk/Stud/Prog/Synth/Synth_repo/Code/WinProj/Drivers/STM32F4xx_HAL_Driver/Inc" -I"C:/MEDIA/YandexDisk/Stud/Prog/Synth/Synth_repo/Code/WinProj/Drivers/STM32F4xx_HAL_Driver/Inc/Legacy" -I"C:/MEDIA/YandexDisk/Stud/Prog/Synth/Synth_repo/Code/WinProj/Drivers/CMSIS/Device/ST/STM32F4xx/Include" -I"C:/MEDIA/YandexDisk/Stud/Prog/Synth/Synth_repo/Code/WinProj/Drivers/CMSIS/Include"  -O3 -g -Wall -fmessage-length=0 -ffunction-sections -c -fmessage-length=0 -MMD -MP -MF"Drivers/STM32F4xx_HAL_Driver/Src/stm32f4xx_hal_exti.d" -MT"Drivers/STM32F4xx_HAL_Driver/Src/stm32f4xx_hal_exti.o" -o "Drivers/STM32F4xx_HAL_Driver/Src/stm32f4xx_hal_exti.o" "../Drivers/STM32F4xx_HAL_Driver/Src/stm32f4xx_hal_exti.c"
Finished building: ../Drivers/STM32F4xx_HAL_Driver/Src/stm32f4xx_hal_exti.c
 
Building file: ../Drivers/STM32F4xx_HAL_Driver/Src/stm32f4xx_hal_flash.c
Invoking: MCU GCC Compiler
C:\MEDIA\YandexDisk\Stud\Prog\Synth\Synth_repo\Code\WinProj\Debug
arm-none-eabi-gcc -mcpu=cortex-m4 -mthumb -mfloat-abi=hard -mfpu=fpv4-sp-d16 -DARM_MATH_CM4 '-D__weak=__attribute__((weak))' '-D__packed=__attribute__((__packed__))' -DUSE_HAL_DRIVER -DSTM32F407xx -I"C:/MEDIA/YandexDisk/Stud/Prog/Synth/Synth_repo/Code/WinProj/Inc" -I"C:/MEDIA/YandexDisk/Stud/Prog/Synth/Synth_repo/Code/WinProj/Drivers/STM32F4xx_HAL_Driver/Inc" -I"C:/MEDIA/YandexDisk/Stud/Prog/Synth/Synth_repo/Code/WinProj/Drivers/STM32F4xx_HAL_Driver/Inc/Legacy" -I"C:/MEDIA/YandexDisk/Stud/Prog/Synth/Synth_repo/Code/WinProj/Drivers/CMSIS/Device/ST/STM32F4xx/Include" -I"C:/MEDIA/YandexDisk/Stud/Prog/Synth/Synth_repo/Code/WinProj/Drivers/CMSIS/Include"  -O3 -g -Wall -fmessage-length=0 -ffunction-sections -c -fmessage-length=0 -MMD -MP -MF"Drivers/STM32F4xx_HAL_Driver/Src/stm32f4xx_hal_flash.d" -MT"Drivers/STM32F4xx_HAL_Driver/Src/stm32f4xx_hal_flash.o" -o "Drivers/STM32F4xx_HAL_Driver/Src/stm32f4xx_hal_flash.o" "../Drivers/STM32F4xx_HAL_Driver/Src/stm32f4xx_hal_flash.c"
Finished building: ../Drivers/STM32F4xx_HAL_Driver/Src/stm32f4xx_hal_flash.c
 
Building file: ../Drivers/STM32F4xx_HAL_Driver/Src/stm32f4xx_hal_flash_ex.c
Invoking: MCU GCC Compiler
C:\MEDIA\YandexDisk\Stud\Prog\Synth\Synth_repo\Code\WinProj\Debug
arm-none-eabi-gcc -mcpu=cortex-m4 -mthumb -mfloat-abi=hard -mfpu=fpv4-sp-d16 -DARM_MATH_CM4 '-D__weak=__attribute__((weak))' '-D__packed=__attribute__((__packed__))' -DUSE_HAL_DRIVER -DSTM32F407xx -I"C:/MEDIA/YandexDisk/Stud/Prog/Synth/Synth_repo/Code/WinProj/Inc" -I"C:/MEDIA/YandexDisk/Stud/Prog/Synth/Synth_repo/Code/WinProj/Drivers/STM32F4xx_HAL_Driver/Inc" -I"C:/MEDIA/YandexDisk/Stud/Prog/Synth/Synth_repo/Code/WinProj/Drivers/STM32F4xx_HAL_Driver/Inc/Legacy" -I"C:/MEDIA/YandexDisk/Stud/Prog/Synth/Synth_repo/Code/WinProj/Drivers/CMSIS/Device/ST/STM32F4xx/Include" -I"C:/MEDIA/YandexDisk/Stud/Prog/Synth/Synth_repo/Code/WinProj/Drivers/CMSIS/Include"  -O3 -g -Wall -fmessage-length=0 -ffunction-sections -c -fmessage-length=0 -MMD -MP -MF"Drivers/STM32F4xx_HAL_Driver/Src/stm32f4xx_hal_flash_ex.d" -MT"Drivers/STM32F4xx_HAL_Driver/Src/stm32f4xx_hal_flash_ex.o" -o "Drivers/STM32F4xx_HAL_Driver/Src/stm32f4xx_hal_flash_ex.o" "../Drivers/STM32F4xx_HAL_Driver/Src/stm32f4xx_hal_flash_ex.c"
Finished building: ../Drivers/STM32F4xx_HAL_Driver/Src/stm32f4xx_hal_flash_ex.c
 
Building file: ../Drivers/STM32F4xx_HAL_Driver/Src/stm32f4xx_hal_flash_ramfunc.c
Invoking: MCU GCC Compiler
C:\MEDIA\YandexDisk\Stud\Prog\Synth\Synth_repo\Code\WinProj\Debug
arm-none-eabi-gcc -mcpu=cortex-m4 -mthumb -mfloat-abi=hard -mfpu=fpv4-sp-d16 -DARM_MATH_CM4 '-D__weak=__attribute__((weak))' '-D__packed=__attribute__((__packed__))' -DUSE_HAL_DRIVER -DSTM32F407xx -I"C:/MEDIA/YandexDisk/Stud/Prog/Synth/Synth_repo/Code/WinProj/Inc" -I"C:/MEDIA/YandexDisk/Stud/Prog/Synth/Synth_repo/Code/WinProj/Drivers/STM32F4xx_HAL_Driver/Inc" -I"C:/MEDIA/YandexDisk/Stud/Prog/Synth/Synth_repo/Code/WinProj/Drivers/STM32F4xx_HAL_Driver/Inc/Legacy" -I"C:/MEDIA/YandexDisk/Stud/Prog/Synth/Synth_repo/Code/WinProj/Drivers/CMSIS/Device/ST/STM32F4xx/Include" -I"C:/MEDIA/YandexDisk/Stud/Prog/Synth/Synth_repo/Code/WinProj/Drivers/CMSIS/Include"  -O3 -g -Wall -fmessage-length=0 -ffunction-sections -c -fmessage-length=0 -MMD -MP -MF"Drivers/STM32F4xx_HAL_Driver/Src/stm32f4xx_hal_flash_ramfunc.d" -MT"Drivers/STM32F4xx_HAL_Driver/Src/stm32f4xx_hal_flash_ramfunc.o" -o "Drivers/STM32F4xx_HAL_Driver/Src/stm32f4xx_hal_flash_ramfunc.o" "../Drivers/STM32F4xx_HAL_Driver/Src/stm32f4xx_hal_flash_ramfunc.c"
Finished building: ../Drivers/STM32F4xx_HAL_Driver/Src/stm32f4xx_hal_flash_ramfunc.c
 
Building file: ../Drivers/STM32F4xx_HAL_Driver/Src/stm32f4xx_hal_gpio.c
Invoking: MCU GCC Compiler
C:\MEDIA\YandexDisk\Stud\Prog\Synth\Synth_repo\Code\WinProj\Debug
arm-none-eabi-gcc -mcpu=cortex-m4 -mthumb -mfloat-abi=hard -mfpu=fpv4-sp-d16 -DARM_MATH_CM4 '-D__weak=__attribute__((weak))' '-D__packed=__attribute__((__packed__))' -DUSE_HAL_DRIVER -DSTM32F407xx -I"C:/MEDIA/YandexDisk/Stud/Prog/Synth/Synth_repo/Code/WinProj/Inc" -I"C:/MEDIA/YandexDisk/Stud/Prog/Synth/Synth_repo/Code/WinProj/Drivers/STM32F4xx_HAL_Driver/Inc" -I"C:/MEDIA/YandexDisk/Stud/Prog/Synth/Synth_repo/Code/WinProj/Drivers/STM32F4xx_HAL_Driver/Inc/Legacy" -I"C:/MEDIA/YandexDisk/Stud/Prog/Synth/Synth_repo/Code/WinProj/Drivers/CMSIS/Device/ST/STM32F4xx/Include" -I"C:/MEDIA/YandexDisk/Stud/Prog/Synth/Synth_repo/Code/WinProj/Drivers/CMSIS/Include"  -O3 -g -Wall -fmessage-length=0 -ffunction-sections -c -fmessage-length=0 -MMD -MP -MF"Drivers/STM32F4xx_HAL_Driver/Src/stm32f4xx_hal_gpio.d" -MT"Drivers/STM32F4xx_HAL_Driver/Src/stm32f4xx_hal_gpio.o" -o "Drivers/STM32F4xx_HAL_Driver/Src/stm32f4xx_hal_gpio.o" "../Drivers/STM32F4xx_HAL_Driver/Src/stm32f4xx_hal_gpio.c"
Finished building: ../Drivers/STM32F4xx_HAL_Driver/Src/stm32f4xx_hal_gpio.c
 
Building file: ../Drivers/STM32F4xx_HAL_Driver/Src/stm32f4xx_hal_i2c.c
Invoking: MCU GCC Compiler
C:\MEDIA\YandexDisk\Stud\Prog\Synth\Synth_repo\Code\WinProj\Debug
arm-none-eabi-gcc -mcpu=cortex-m4 -mthumb -mfloat-abi=hard -mfpu=fpv4-sp-d16 -DARM_MATH_CM4 '-D__weak=__attribute__((weak))' '-D__packed=__attribute__((__packed__))' -DUSE_HAL_DRIVER -DSTM32F407xx -I"C:/MEDIA/YandexDisk/Stud/Prog/Synth/Synth_repo/Code/WinProj/Inc" -I"C:/MEDIA/YandexDisk/Stud/Prog/Synth/Synth_repo/Code/WinProj/Drivers/STM32F4xx_HAL_Driver/Inc" -I"C:/MEDIA/YandexDisk/Stud/Prog/Synth/Synth_repo/Code/WinProj/Drivers/STM32F4xx_HAL_Driver/Inc/Legacy" -I"C:/MEDIA/YandexDisk/Stud/Prog/Synth/Synth_repo/Code/WinProj/Drivers/CMSIS/Device/ST/STM32F4xx/Include" -I"C:/MEDIA/YandexDisk/Stud/Prog/Synth/Synth_repo/Code/WinProj/Drivers/CMSIS/Include"  -O3 -g -Wall -fmessage-length=0 -ffunction-sections -c -fmessage-length=0 -MMD -MP -MF"Drivers/STM32F4xx_HAL_Driver/Src/stm32f4xx_hal_i2c.d" -MT"Drivers/STM32F4xx_HAL_Driver/Src/stm32f4xx_hal_i2c.o" -o "Drivers/STM32F4xx_HAL_Driver/Src/stm32f4xx_hal_i2c.o" "../Drivers/STM32F4xx_HAL_Driver/Src/stm32f4xx_hal_i2c.c"
Finished building: ../Drivers/STM32F4xx_HAL_Driver/Src/stm32f4xx_hal_i2c.c
 
Building file: ../Drivers/STM32F4xx_HAL_Driver/Src/stm32f4xx_hal_i2c_ex.c
Invoking: MCU GCC Compiler
C:\MEDIA\YandexDisk\Stud\Prog\Synth\Synth_repo\Code\WinProj\Debug
arm-none-eabi-gcc -mcpu=cortex-m4 -mthumb -mfloat-abi=hard -mfpu=fpv4-sp-d16 -DARM_MATH_CM4 '-D__weak=__attribute__((weak))' '-D__packed=__attribute__((__packed__))' -DUSE_HAL_DRIVER -DSTM32F407xx -I"C:/MEDIA/YandexDisk/Stud/Prog/Synth/Synth_repo/Code/WinProj/Inc" -I"C:/MEDIA/YandexDisk/Stud/Prog/Synth/Synth_repo/Code/WinProj/Drivers/STM32F4xx_HAL_Driver/Inc" -I"C:/MEDIA/YandexDisk/Stud/Prog/Synth/Synth_repo/Code/WinProj/Drivers/STM32F4xx_HAL_Driver/Inc/Legacy" -I"C:/MEDIA/YandexDisk/Stud/Prog/Synth/Synth_repo/Code/WinProj/Drivers/CMSIS/Device/ST/STM32F4xx/Include" -I"C:/MEDIA/YandexDisk/Stud/Prog/Synth/Synth_repo/Code/WinProj/Drivers/CMSIS/Include"  -O3 -g -Wall -fmessage-length=0 -ffunction-sections -c -fmessage-length=0 -MMD -MP -MF"Drivers/STM32F4xx_HAL_Driver/Src/stm32f4xx_hal_i2c_ex.d" -MT"Drivers/STM32F4xx_HAL_Driver/Src/stm32f4xx_hal_i2c_ex.o" -o "Drivers/STM32F4xx_HAL_Driver/Src/stm32f4xx_hal_i2c_ex.o" "../Drivers/STM32F4xx_HAL_Driver/Src/stm32f4xx_hal_i2c_ex.c"
Finished building: ../Drivers/STM32F4xx_HAL_Driver/Src/stm32f4xx_hal_i2c_ex.c
 
Building file: ../Drivers/STM32F4xx_HAL_Driver/Src/stm32f4xx_hal_i2s.c
Invoking: MCU GCC Compiler
C:\MEDIA\YandexDisk\Stud\Prog\Synth\Synth_repo\Code\WinProj\Debug
arm-none-eabi-gcc -mcpu=cortex-m4 -mthumb -mfloat-abi=hard -mfpu=fpv4-sp-d16 -DARM_MATH_CM4 '-D__weak=__attribute__((weak))' '-D__packed=__attribute__((__packed__))' -DUSE_HAL_DRIVER -DSTM32F407xx -I"C:/MEDIA/YandexDisk/Stud/Prog/Synth/Synth_repo/Code/WinProj/Inc" -I"C:/MEDIA/YandexDisk/Stud/Prog/Synth/Synth_repo/Code/WinProj/Drivers/STM32F4xx_HAL_Driver/Inc" -I"C:/MEDIA/YandexDisk/Stud/Prog/Synth/Synth_repo/Code/WinProj/Drivers/STM32F4xx_HAL_Driver/Inc/Legacy" -I"C:/MEDIA/YandexDisk/Stud/Prog/Synth/Synth_repo/Code/WinProj/Drivers/CMSIS/Device/ST/STM32F4xx/Include" -I"C:/MEDIA/YandexDisk/Stud/Prog/Synth/Synth_repo/Code/WinProj/Drivers/CMSIS/Include"  -O3 -g -Wall -fmessage-length=0 -ffunction-sections -c -fmessage-length=0 -MMD -MP -MF"Drivers/STM32F4xx_HAL_Driver/Src/stm32f4xx_hal_i2s.d" -MT"Drivers/STM32F4xx_HAL_Driver/Src/stm32f4xx_hal_i2s.o" -o "Drivers/STM32F4xx_HAL_Driver/Src/stm32f4xx_hal_i2s.o" "../Drivers/STM32F4xx_HAL_Driver/Src/stm32f4xx_hal_i2s.c"
Finished building: ../Drivers/STM32F4xx_HAL_Driver/Src/stm32f4xx_hal_i2s.c
 
Building file: ../Drivers/STM32F4xx_HAL_Driver/Src/stm32f4xx_hal_i2s_ex.c
Invoking: MCU GCC Compiler
C:\MEDIA\YandexDisk\Stud\Prog\Synth\Synth_repo\Code\WinProj\Debug
arm-none-eabi-gcc -mcpu=cortex-m4 -mthumb -mfloat-abi=hard -mfpu=fpv4-sp-d16 -DARM_MATH_CM4 '-D__weak=__attribute__((weak))' '-D__packed=__attribute__((__packed__))' -DUSE_HAL_DRIVER -DSTM32F407xx -I"C:/MEDIA/YandexDisk/Stud/Prog/Synth/Synth_repo/Code/WinProj/Inc" -I"C:/MEDIA/YandexDisk/Stud/Prog/Synth/Synth_repo/Code/WinProj/Drivers/STM32F4xx_HAL_Driver/Inc" -I"C:/MEDIA/YandexDisk/Stud/Prog/Synth/Synth_repo/Code/WinProj/Drivers/STM32F4xx_HAL_Driver/Inc/Legacy" -I"C:/MEDIA/YandexDisk/Stud/Prog/Synth/Synth_repo/Code/WinProj/Drivers/CMSIS/Device/ST/STM32F4xx/Include" -I"C:/MEDIA/YandexDisk/Stud/Prog/Synth/Synth_repo/Code/WinProj/Drivers/CMSIS/Include"  -O3 -g -Wall -fmessage-length=0 -ffunction-sections -c -fmessage-length=0 -MMD -MP -MF"Drivers/STM32F4xx_HAL_Driver/Src/stm32f4xx_hal_i2s_ex.d" -MT"Drivers/STM32F4xx_HAL_Driver/Src/stm32f4xx_hal_i2s_ex.o" -o "Drivers/STM32F4xx_HAL_Driver/Src/stm32f4xx_hal_i2s_ex.o" "../Drivers/STM32F4xx_HAL_Driver/Src/stm32f4xx_hal_i2s_ex.c"
Finished building: ../Drivers/STM32F4xx_HAL_Driver/Src/stm32f4xx_hal_i2s_ex.c
 
Building file: ../Drivers/STM32F4xx_HAL_Driver/Src/stm32f4xx_hal_pwr.c
Invoking: MCU GCC Compiler
C:\MEDIA\YandexDisk\Stud\Prog\Synth\Synth_repo\Code\WinProj\Debug
arm-none-eabi-gcc -mcpu=cortex-m4 -mthumb -mfloat-abi=hard -mfpu=fpv4-sp-d16 -DARM_MATH_CM4 '-D__weak=__attribute__((weak))' '-D__packed=__attribute__((__packed__))' -DUSE_HAL_DRIVER -DSTM32F407xx -I"C:/MEDIA/YandexDisk/Stud/Prog/Synth/Synth_repo/Code/WinProj/Inc" -I"C:/MEDIA/YandexDisk/Stud/Prog/Synth/Synth_repo/Code/WinProj/Drivers/STM32F4xx_HAL_Driver/Inc" -I"C:/MEDIA/YandexDisk/Stud/Prog/Synth/Synth_repo/Code/WinProj/Drivers/STM32F4xx_HAL_Driver/Inc/Legacy" -I"C:/MEDIA/YandexDisk/Stud/Prog/Synth/Synth_repo/Code/WinProj/Drivers/CMSIS/Device/ST/STM32F4xx/Include" -I"C:/MEDIA/YandexDisk/Stud/Prog/Synth/Synth_repo/Code/WinProj/Drivers/CMSIS/Include"  -O3 -g -Wall -fmessage-length=0 -ffunction-sections -c -fmessage-length=0 -MMD -MP -MF"Drivers/STM32F4xx_HAL_Driver/Src/stm32f4xx_hal_pwr.d" -MT"Drivers/STM32F4xx_HAL_Driver/Src/stm32f4xx_hal_pwr.o" -o "Drivers/STM32F4xx_HAL_Driver/Src/stm32f4xx_hal_pwr.o" "../Drivers/STM32F4xx_HAL_Driver/Src/stm32f4xx_hal_pwr.c"
Finished building: ../Drivers/STM32F4xx_HAL_Driver/Src/stm32f4xx_hal_pwr.c
 
Building file: ../Drivers/STM32F4xx_HAL_Driver/Src/stm32f4xx_hal_pwr_ex.c
Invoking: MCU GCC Compiler
C:\MEDIA\YandexDisk\Stud\Prog\Synth\Synth_repo\Code\WinProj\Debug
arm-none-eabi-gcc -mcpu=cortex-m4 -mthumb -mfloat-abi=hard -mfpu=fpv4-sp-d16 -DARM_MATH_CM4 '-D__weak=__attribute__((weak))' '-D__packed=__attribute__((__packed__))' -DUSE_HAL_DRIVER -DSTM32F407xx -I"C:/MEDIA/YandexDisk/Stud/Prog/Synth/Synth_repo/Code/WinProj/Inc" -I"C:/MEDIA/YandexDisk/Stud/Prog/Synth/Synth_repo/Code/WinProj/Drivers/STM32F4xx_HAL_Driver/Inc" -I"C:/MEDIA/YandexDisk/Stud/Prog/Synth/Synth_repo/Code/WinProj/Drivers/STM32F4xx_HAL_Driver/Inc/Legacy" -I"C:/MEDIA/YandexDisk/Stud/Prog/Synth/Synth_repo/Code/WinProj/Drivers/CMSIS/Device/ST/STM32F4xx/Include" -I"C:/MEDIA/YandexDisk/Stud/Prog/Synth/Synth_repo/Code/WinProj/Drivers/CMSIS/Include"  -O3 -g -Wall -fmessage-length=0 -ffunction-sections -c -fmessage-length=0 -MMD -MP -MF"Drivers/STM32F4xx_HAL_Driver/Src/stm32f4xx_hal_pwr_ex.d" -MT"Drivers/STM32F4xx_HAL_Driver/Src/stm32f4xx_hal_pwr_ex.o" -o "Drivers/STM32F4xx_HAL_Driver/Src/stm32f4xx_hal_pwr_ex.o" "../Drivers/STM32F4xx_HAL_Driver/Src/stm32f4xx_hal_pwr_ex.c"
Finished building: ../Drivers/STM32F4xx_HAL_Driver/Src/stm32f4xx_hal_pwr_ex.c
 
Building file: ../Drivers/STM32F4xx_HAL_Driver/Src/stm32f4xx_hal_rcc.c
Invoking: MCU GCC Compiler
C:\MEDIA\YandexDisk\Stud\Prog\Synth\Synth_repo\Code\WinProj\Debug
arm-none-eabi-gcc -mcpu=cortex-m4 -mthumb -mfloat-abi=hard -mfpu=fpv4-sp-d16 -DARM_MATH_CM4 '-D__weak=__attribute__((weak))' '-D__packed=__attribute__((__packed__))' -DUSE_HAL_DRIVER -DSTM32F407xx -I"C:/MEDIA/YandexDisk/Stud/Prog/Synth/Synth_repo/Code/WinProj/Inc" -I"C:/MEDIA/YandexDisk/Stud/Prog/Synth/Synth_repo/Code/WinProj/Drivers/STM32F4xx_HAL_Driver/Inc" -I"C:/MEDIA/YandexDisk/Stud/Prog/Synth/Synth_repo/Code/WinProj/Drivers/STM32F4xx_HAL_Driver/Inc/Legacy" -I"C:/MEDIA/YandexDisk/Stud/Prog/Synth/Synth_repo/Code/WinProj/Drivers/CMSIS/Device/ST/STM32F4xx/Include" -I"C:/MEDIA/YandexDisk/Stud/Prog/Synth/Synth_repo/Code/WinProj/Drivers/CMSIS/Include"  -O3 -g -Wall -fmessage-length=0 -ffunction-sections -c -fmessage-length=0 -MMD -MP -MF"Drivers/STM32F4xx_HAL_Driver/Src/stm32f4xx_hal_rcc.d" -MT"Drivers/STM32F4xx_HAL_Driver/Src/stm32f4xx_hal_rcc.o" -o "Drivers/STM32F4xx_HAL_Driver/Src/stm32f4xx_hal_rcc.o" "../Drivers/STM32F4xx_HAL_Driver/Src/stm32f4xx_hal_rcc.c"
Finished building: ../Drivers/STM32F4xx_HAL_Driver/Src/stm32f4xx_hal_rcc.c
 
Building file: ../Drivers/STM32F4xx_HAL_Driver/Src/stm32f4xx_hal_rcc_ex.c
Invoking: MCU GCC Compiler
C:\MEDIA\YandexDisk\Stud\Prog\Synth\Synth_repo\Code\WinProj\Debug
arm-none-eabi-gcc -mcpu=cortex-m4 -mthumb -mfloat-abi=hard -mfpu=fpv4-sp-d16 -DARM_MATH_CM4 '-D__weak=__attribute__((weak))' '-D__packed=__attribute__((__packed__))' -DUSE_HAL_DRIVER -DSTM32F407xx -I"C:/MEDIA/YandexDisk/Stud/Prog/Synth/Synth_repo/Code/WinProj/Inc" -I"C:/MEDIA/YandexDisk/Stud/Prog/Synth/Synth_repo/Code/WinProj/Drivers/STM32F4xx_HAL_Driver/Inc" -I"C:/MEDIA/YandexDisk/Stud/Prog/Synth/Synth_repo/Code/WinProj/Drivers/STM32F4xx_HAL_Driver/Inc/Legacy" -I"C:/MEDIA/YandexDisk/Stud/Prog/Synth/Synth_repo/Code/WinProj/Drivers/CMSIS/Device/ST/STM32F4xx/Include" -I"C:/MEDIA/YandexDisk/Stud/Prog/Synth/Synth_repo/Code/WinProj/Drivers/CMSIS/Include"  -O3 -g -Wall -fmessage-length=0 -ffunction-sections -c -fmessage-length=0 -MMD -MP -MF"Drivers/STM32F4xx_HAL_Driver/Src/stm32f4xx_hal_rcc_ex.d" -MT"Drivers/STM32F4xx_HAL_Driver/Src/stm32f4xx_hal_rcc_ex.o" -o "Drivers/STM32F4xx_HAL_Driver/Src/stm32f4xx_hal_rcc_ex.o" "../Drivers/STM32F4xx_HAL_Driver/Src/stm32f4xx_hal_rcc_ex.c"
Finished building: ../Drivers/STM32F4xx_HAL_Driver/Src/stm32f4xx_hal_rcc_ex.c
 
Building file: ../Drivers/STM32F4xx_HAL_Driver/Src/stm32f4xx_hal_tim.c
Invoking: MCU GCC Compiler
C:\MEDIA\YandexDisk\Stud\Prog\Synth\Synth_repo\Code\WinProj\Debug
arm-none-eabi-gcc -mcpu=cortex-m4 -mthumb -mfloat-abi=hard -mfpu=fpv4-sp-d16 -DARM_MATH_CM4 '-D__weak=__attribute__((weak))' '-D__packed=__attribute__((__packed__))' -DUSE_HAL_DRIVER -DSTM32F407xx -I"C:/MEDIA/YandexDisk/Stud/Prog/Synth/Synth_repo/Code/WinProj/Inc" -I"C:/MEDIA/YandexDisk/Stud/Prog/Synth/Synth_repo/Code/WinProj/Drivers/STM32F4xx_HAL_Driver/Inc" -I"C:/MEDIA/YandexDisk/Stud/Prog/Synth/Synth_repo/Code/WinProj/Drivers/STM32F4xx_HAL_Driver/Inc/Legacy" -I"C:/MEDIA/YandexDisk/Stud/Prog/Synth/Synth_repo/Code/WinProj/Drivers/CMSIS/Device/ST/STM32F4xx/Include" -I"C:/MEDIA/YandexDisk/Stud/Prog/Synth/Synth_repo/Code/WinProj/Drivers/CMSIS/Include"  -O3 -g -Wall -fmessage-length=0 -ffunction-sections -c -fmessage-length=0 -MMD -MP -MF"Drivers/STM32F4xx_HAL_Driver/Src/stm32f4xx_hal_tim.d" -MT"Drivers/STM32F4xx_HAL_Driver/Src/stm32f4xx_hal_tim.o" -o "Drivers/STM32F4xx_HAL_Driver/Src/stm32f4xx_hal_tim.o" "../Drivers/STM32F4xx_HAL_Driver/Src/stm32f4xx_hal_tim.c"
Finished building: ../Drivers/STM32F4xx_HAL_Driver/Src/stm32f4xx_hal_tim.c
 
Building file: ../Drivers/STM32F4xx_HAL_Driver/Src/stm32f4xx_hal_tim_ex.c
Invoking: MCU GCC Compiler
C:\MEDIA\YandexDisk\Stud\Prog\Synth\Synth_repo\Code\WinProj\Debug
arm-none-eabi-gcc -mcpu=cortex-m4 -mthumb -mfloat-abi=hard -mfpu=fpv4-sp-d16 -DARM_MATH_CM4 '-D__weak=__attribute__((weak))' '-D__packed=__attribute__((__packed__))' -DUSE_HAL_DRIVER -DSTM32F407xx -I"C:/MEDIA/YandexDisk/Stud/Prog/Synth/Synth_repo/Code/WinProj/Inc" -I"C:/MEDIA/YandexDisk/Stud/Prog/Synth/Synth_repo/Code/WinProj/Drivers/STM32F4xx_HAL_Driver/Inc" -I"C:/MEDIA/YandexDisk/Stud/Prog/Synth/Synth_repo/Code/WinProj/Drivers/STM32F4xx_HAL_Driver/Inc/Legacy" -I"C:/MEDIA/YandexDisk/Stud/Prog/Synth/Synth_repo/Code/WinProj/Drivers/CMSIS/Device/ST/STM32F4xx/Include" -I"C:/MEDIA/YandexDisk/Stud/Prog/Synth/Synth_repo/Code/WinProj/Drivers/CMSIS/Include"  -O3 -g -Wall -fmessage-length=0 -ffunction-sections -c -fmessage-length=0 -MMD -MP -MF"Drivers/STM32F4xx_HAL_Driver/Src/stm32f4xx_hal_tim_ex.d" -MT"Drivers/STM32F4xx_HAL_Driver/Src/stm32f4xx_hal_tim_ex.o" -o "Drivers/STM32F4xx_HAL_Driver/Src/stm32f4xx_hal_tim_ex.o" "../Drivers/STM32F4xx_HAL_Driver/Src/stm32f4xx_hal_tim_ex.c"
Finished building: ../Drivers/STM32F4xx_HAL_Driver/Src/stm32f4xx_hal_tim_ex.c
 
Building file: ../Drivers/STM32F4xx_HAL_Driver/Src/stm32f4xx_hal_uart.c
Invoking: MCU GCC Compiler
C:\MEDIA\YandexDisk\Stud\Prog\Synth\Synth_repo\Code\WinProj\Debug
arm-none-eabi-gcc -mcpu=cortex-m4 -mthumb -mfloat-abi=hard -mfpu=fpv4-sp-d16 -DARM_MATH_CM4 '-D__weak=__attribute__((weak))' '-D__packed=__attribute__((__packed__))' -DUSE_HAL_DRIVER -DSTM32F407xx -I"C:/MEDIA/YandexDisk/Stud/Prog/Synth/Synth_repo/Code/WinProj/Inc" -I"C:/MEDIA/YandexDisk/Stud/Prog/Synth/Synth_repo/Code/WinProj/Drivers/STM32F4xx_HAL_Driver/Inc" -I"C:/MEDIA/YandexDisk/Stud/Prog/Synth/Synth_repo/Code/WinProj/Drivers/STM32F4xx_HAL_Driver/Inc/Legacy" -I"C:/MEDIA/YandexDisk/Stud/Prog/Synth/Synth_repo/Code/WinProj/Drivers/CMSIS/Device/ST/STM32F4xx/Include" -I"C:/MEDIA/YandexDisk/Stud/Prog/Synth/Synth_repo/Code/WinProj/Drivers/CMSIS/Include"  -O3 -g -Wall -fmessage-length=0 -ffunction-sections -c -fmessage-length=0 -MMD -MP -MF"Drivers/STM32F4xx_HAL_Driver/Src/stm32f4xx_hal_uart.d" -MT"Drivers/STM32F4xx_HAL_Driver/Src/stm32f4xx_hal_uart.o" -o "Drivers/STM32F4xx_HAL_Driver/Src/stm32f4xx_hal_uart.o" "../Drivers/STM32F4xx_HAL_Driver/Src/stm32f4xx_hal_uart.c"
Finished building: ../Drivers/STM32F4xx_HAL_Driver/Src/stm32f4xx_hal_uart.c
 
Building target: WinProj.elf
Invoking: MCU G++ Linker
arm-none-eabi-g++ -mcpu=cortex-m4 -mthumb -mfloat-abi=hard -mfpu=fpv4-sp-d16 -L"C:\MEDIA\YandexDisk\Stud\Prog\Synth\Synth_repo\Code\WinProj\DSP_Lib" -specs=nosys.specs -specs=nano.specs -T"../STM32F407VGTx_FLASH.ld" -Wl,-Map=output.map -Wl,--gc-sections -fno-exceptions -o "WinProj.elf" @"objects.list"  -l"arm_cortexM4lf_math" -l"m"
Finished building target: WinProj.elf
 
make --no-print-directory post-build
Generating hex and Printing size information:
arm-none-eabi-objcopy -O ihex "WinProj.elf" "WinProj.hex"
arm-none-eabi-size "WinProj.elf"
   text	   data	    bss	    dec	    hex	filename
  21824	    136	   3292	  25252	   62a4	WinProj.elf
 
